Archive member included to satisfy reference by file (symbol)

c:/users/hjs/documents/clionprojects/_tools/gcc-arm-none-eabi/bin/../lib/gcc/arm-none-eabi/10.3.1/thumb/v7-m/nofp\libgcc.a(_arm_muldf3.o)
                              CMakeFiles/STC31_Sensor.elf.dir/Core/Src/bmp388.c.obj (__aeabi_dmul)
c:/users/hjs/documents/clionprojects/_tools/gcc-arm-none-eabi/bin/../lib/gcc/arm-none-eabi/10.3.1/thumb/v7-m/nofp\libgcc.a(_arm_mulsf3.o)
                              CMakeFiles/STC31_Sensor.elf.dir/Core/Src/main.c.obj (__aeabi_fmul)
c:/users/hjs/documents/clionprojects/_tools/gcc-arm-none-eabi/bin/../lib/gcc/arm-none-eabi/10.3.1/thumb/v7-m/nofp\libgcc.a(_arm_addsubdf3.o)
                              CMakeFiles/STC31_Sensor.elf.dir/Core/Src/bmp388.c.obj (__aeabi_dsub)
c:/users/hjs/documents/clionprojects/_tools/gcc-arm-none-eabi/bin/../lib/gcc/arm-none-eabi/10.3.1/thumb/v7-m/nofp\libgcc.a(_arm_fixdfsi.o)
                              CMakeFiles/STC31_Sensor.elf.dir/Core/Src/bmp388.c.obj (__aeabi_d2iz)
c:/users/hjs/documents/clionprojects/_tools/gcc-arm-none-eabi/bin/../lib/gcc/arm-none-eabi/10.3.1/thumb/v7-m/nofp\libgcc.a(_arm_truncdfsf2.o)
                              CMakeFiles/STC31_Sensor.elf.dir/Core/Src/main.c.obj (__aeabi_d2f)
c:/users/hjs/documents/clionprojects/_tools/gcc-arm-none-eabi/bin/../lib/gcc/arm-none-eabi/10.3.1/thumb/v7-m/nofp\libgcc.a(_arm_addsubsf3.o)
                              CMakeFiles/STC31_Sensor.elf.dir/Core/Src/main.c.obj (__aeabi_fsub)
c:/users/hjs/documents/clionprojects/_tools/gcc-arm-none-eabi/bin/../lib/gcc/arm-none-eabi/10.3.1/thumb/v7-m/nofp\libgcc.a(_arm_muldivsf3.o)
                              CMakeFiles/STC31_Sensor.elf.dir/Core/Src/bmp388.c.obj (__aeabi_fdiv)
c:/users/hjs/documents/clionprojects/_tools/gcc-arm-none-eabi/bin/../lib/gcc/arm-none-eabi/10.3.1/thumb/v7-m/nofp\libgcc.a(_arm_cmpsf2.o)
                              CMakeFiles/STC31_Sensor.elf.dir/Core/Src/main.c.obj (__aeabi_fcmpeq)
c:/users/hjs/documents/clionprojects/_tools/gcc-arm-none-eabi/bin/../lib/gcc/arm-none-eabi/10.3.1/thumb/v7-m/nofp\libgcc.a(_arm_fixunssfsi.o)
                              CMakeFiles/STC31_Sensor.elf.dir/Core/Src/main.c.obj (__aeabi_f2uiz)
c:/users/hjs/documents/clionprojects/_tools/gcc-arm-none-eabi/bin/../lib/gcc/arm-none-eabi/10.3.1/../../../../arm-none-eabi/lib/thumb/v7-m/nofp\libg.a(lib_a-errno.o)
                              CMakeFiles/STC31_Sensor.elf.dir/Core/Src/syscalls.c.obj (__errno)
c:/users/hjs/documents/clionprojects/_tools/gcc-arm-none-eabi/bin/../lib/gcc/arm-none-eabi/10.3.1/../../../../arm-none-eabi/lib/thumb/v7-m/nofp\libg.a(lib_a-exit.o)
                              c:/users/hjs/documents/clionprojects/_tools/gcc-arm-none-eabi/bin/../lib/gcc/arm-none-eabi/10.3.1/../../../../arm-none-eabi/lib/thumb/v7-m/nofp/crt0.o (exit)
c:/users/hjs/documents/clionprojects/_tools/gcc-arm-none-eabi/bin/../lib/gcc/arm-none-eabi/10.3.1/../../../../arm-none-eabi/lib/thumb/v7-m/nofp\libg.a(lib_a-impure.o)
                              c:/users/hjs/documents/clionprojects/_tools/gcc-arm-none-eabi/bin/../lib/gcc/arm-none-eabi/10.3.1/../../../../arm-none-eabi/lib/thumb/v7-m/nofp\libg.a(lib_a-exit.o) (_global_impure_ptr)
c:/users/hjs/documents/clionprojects/_tools/gcc-arm-none-eabi/bin/../lib/gcc/arm-none-eabi/10.3.1/../../../../arm-none-eabi/lib/thumb/v7-m/nofp\libg.a(lib_a-init.o)
                              c:/users/hjs/documents/clionprojects/_tools/gcc-arm-none-eabi/bin/../lib/gcc/arm-none-eabi/10.3.1/../../../../arm-none-eabi/lib/thumb/v7-m/nofp/crt0.o (__libc_init_array)
c:/users/hjs/documents/clionprojects/_tools/gcc-arm-none-eabi/bin/../lib/gcc/arm-none-eabi/10.3.1/../../../../arm-none-eabi/lib/thumb/v7-m/nofp\libg.a(lib_a-memcpy.o)
                              CMakeFiles/STC31_Sensor.elf.dir/Core/Src/bmp388.c.obj (memcpy)
c:/users/hjs/documents/clionprojects/_tools/gcc-arm-none-eabi/bin/../lib/gcc/arm-none-eabi/10.3.1/../../../../arm-none-eabi/lib/thumb/v7-m/nofp\libg.a(lib_a-memset.o)
                              c:/users/hjs/documents/clionprojects/_tools/gcc-arm-none-eabi/bin/../lib/gcc/arm-none-eabi/10.3.1/../../../../arm-none-eabi/lib/thumb/v7-m/nofp/crt0.o (memset)
c:/users/hjs/documents/clionprojects/_tools/gcc-arm-none-eabi/bin/../lib/gcc/arm-none-eabi/10.3.1/../../../../arm-none-eabi/lib/thumb/v7-m/nofp\libg.a(lib_a-printf.o)
                              CMakeFiles/STC31_Sensor.elf.dir/Core/Src/main.c.obj (printf)
c:/users/hjs/documents/clionprojects/_tools/gcc-arm-none-eabi/bin/../lib/gcc/arm-none-eabi/10.3.1/../../../../arm-none-eabi/lib/thumb/v7-m/nofp\libg.a(lib_a-puts.o)
                              CMakeFiles/STC31_Sensor.elf.dir/Core/Src/main.c.obj (puts)
c:/users/hjs/documents/clionprojects/_tools/gcc-arm-none-eabi/bin/../lib/gcc/arm-none-eabi/10.3.1/../../../../arm-none-eabi/lib/thumb/v7-m/nofp\libg.a(lib_a-strlen-stub.o)
[...]
Memory Configuration

Name             Origin             Length             Attributes
RAM              0x20000000         0x00005000         xrw
FLASH            0x08000000         0x00010000         xr
*default*        0x00000000         0xffffffff

Linker script and memory map

LOAD c:/users/hjs/documents/clionprojects/_tools/gcc-arm-none-eabi/bin/../lib/gcc/arm-none-eabi/10.3.1/thumb/v7-m/nofp/crti.o
LOAD c:/users/hjs/documents/clionprojects/_tools/gcc-arm-none-eabi/bin/../lib/gcc/arm-none-eabi/10.3.1/thumb/v7-m/nofp/crtbegin.o
LOAD c:/users/hjs/documents/clionprojects/_tools/gcc-arm-none-eabi/bin/../lib/gcc/arm-none-eabi/10.3.1/../../../../arm-none-eabi/lib/thumb/v7-m/nofp/crt0.o
LOAD CMakeFiles/STC31_Sensor.elf.dir/Core/Src/bmp388.c.obj
LOAD CMakeFiles/STC31_Sensor.elf.dir/Core/Src/gpio.c.obj
LOAD CMakeFiles/STC31_Sensor.elf.dir/Core/Src/i2c.c.obj
LOAD CMakeFiles/STC31_Sensor.elf.dir/Core/Src/main.c.obj
LOAD CMakeFiles/STC31_Sensor.elf.dir/Core/Src/sensirion_common.c.obj
LOAD CMakeFiles/STC31_Sensor.elf.dir/Core/Src/sensirion_i2c.c.obj
LOAD CMakeFiles/STC31_Sensor.elf.dir/Core/Src/sensirion_i2c_hal.c.obj
LOAD CMakeFiles/STC31_Sensor.elf.dir/Core/Src/sht4x.c.obj
LOAD CMakeFiles/STC31_Sensor.elf.dir/Core/Src/stc3x_i2c.c.obj
LOAD CMakeFiles/STC31_Sensor.elf.dir/Core/Src/stm32f1xx_hal_msp.c.obj
LOAD CMakeFiles/STC31_Sensor.elf.dir/Core/Src/stm32f1xx_it.c.obj
LOAD CMakeFiles/STC31_Sensor.elf.dir/Core/Src/syscalls.c.obj
LOAD CMakeFiles/STC31_Sensor.elf.dir/Core/Src/system_stm32f1xx.c.obj
LOAD CMakeFiles/STC31_Sensor.elf.dir/Core/Src/usart.c.obj
LOAD CMakeFiles/STC31_Sensor.elf.dir/Drivers/STM32F1xx_HAL_Driver/Src/stm32f1xx_hal.c.obj
LOAD CMakeFiles/STC31_Sensor.elf.dir/Drivers/STM32F1xx_HAL_Driver/Src/stm32f1xx_hal_cortex.c.obj
LOAD CMakeFiles/STC31_Sensor.elf.dir/Drivers/STM32F1xx_HAL_Driver/Src/stm32f1xx_hal_dma.c.obj
LOAD CMakeFiles/STC31_Sensor.elf.dir/Drivers/STM32F1xx_HAL_Driver/Src/stm32f1xx_hal_exti.c.obj
LOAD CMakeFiles/STC31_Sensor.elf.dir/Drivers/STM32F1xx_HAL_Driver/Src/stm32f1xx_hal_flash.c.obj
LOAD CMakeFiles/STC31_Sensor.elf.dir/Drivers/STM32F1xx_HAL_Driver/Src/stm32f1xx_hal_flash_ex.c.obj
LOAD CMakeFiles/STC31_Sensor.elf.dir/Drivers/STM32F1xx_HAL_Driver/Src/stm32f1xx_hal_gpio.c.obj
LOAD CMakeFiles/STC31_Sensor.elf.dir/Drivers/STM32F1xx_HAL_Driver/Src/stm32f1xx_hal_gpio_ex.c.obj
LOAD CMakeFiles/STC31_Sensor.elf.dir/Drivers/STM32F1xx_HAL_Driver/Src/stm32f1xx_hal_i2c.c.obj
LOAD CMakeFiles/STC31_Sensor.elf.dir/Drivers/STM32F1xx_HAL_Driver/Src/stm32f1xx_hal_pwr.c.obj
LOAD CMakeFiles/STC31_Sensor.elf.dir/Drivers/STM32F1xx_HAL_Driver/Src/stm32f1xx_hal_rcc.c.obj
LOAD CMakeFiles/STC31_Sensor.elf.dir/Drivers/STM32F1xx_HAL_Driver/Src/stm32f1xx_hal_rcc_ex.c.obj
LOAD CMakeFiles/STC31_Sensor.elf.dir/Drivers/STM32F1xx_HAL_Driver/Src/stm32f1xx_hal_tim.c.obj
LOAD CMakeFiles/STC31_Sensor.elf.dir/Drivers/STM32F1xx_HAL_Driver/Src/stm32f1xx_hal_tim_ex.c.obj
LOAD CMakeFiles/STC31_Sensor.elf.dir/Drivers/STM32F1xx_HAL_Driver/Src/stm32f1xx_hal_uart.c.obj
LOAD CMakeFiles/STC31_Sensor.elf.dir/startup/startup_stm32f103xb.s.obj
START GROUP
LOAD c:/users/hjs/documents/clionprojects/_tools/gcc-arm-none-eabi/bin/../lib/gcc/arm-none-eabi/10.3.1/thumb/v7-m/nofp\libgcc.a
LOAD c:/users/hjs/documents/clionprojects/_tools/gcc-arm-none-eabi/bin/../lib/gcc/arm-none-eabi/10.3.1/../../../../arm-none-eabi/lib/thumb/v7-m/nofp\libg.a
LOAD c:/users/hjs/documents/clionprojects/_tools/gcc-arm-none-eabi/bin/../lib/gcc/arm-none-eabi/10.3.1/../../../../arm-none-eabi/lib/thumb/v7-m/nofp\libc.a
END GROUP
LOAD c:/users/hjs/documents/clionprojects/_tools/gcc-arm-none-eabi/bin/../lib/gcc/arm-none-eabi/10.3.1/thumb/v7-m/nofp/crtend.o
LOAD c:/users/hjs/documents/clionprojects/_tools/gcc-arm-none-eabi/bin/../lib/gcc/arm-none-eabi/10.3.1/thumb/v7-m/nofp/crtn.o
                0x20005000                _estack = (ORIGIN (RAM) + LENGTH (RAM))
                0x00000200                _Min_Heap_Size = 0x200
                0x00000400                _Min_Stack_Size = 0x400

.isr_vector     0x08000000      0x10c
                0x08000000                . = ALIGN (0x4)
 *(.isr_vector)
 .isr_vector    0x08000000      0x10c CMakeFiles/STC31_Sensor.elf.dir/startup/startup_stm32f103xb.s.obj
                0x08000000                g_pfnVectors
                0x0800010c                . = ALIGN (0x4)

.text           0x08000110     0xb18c
                0x08000110                . = ALIGN (0x4)
 *(.text)
 .text          0x08000110       0x40 c:/users/hjs/documents/clionprojects/_tools/gcc-arm-none-eabi/bin/../lib/gcc/arm-none-eabi/10.3.1/thumb/v7-m/nofp/crtbegin.o
 .text          0x08000150      0x378 c:/users/hjs/documents/clionprojects/_tools/gcc-arm-none-eabi/bin/../lib/gcc/arm-none-eabi/10.3.1/thumb/v7-m/nofp\libgcc.a(_arm_addsubdf3.o)
                0x08000150                __aeabi_drsub
                0x08000158                __aeabi_dsub
                0x08000158                __subdf3
                0x0800015c                __aeabi_dadd
                0x0800015c                __adddf3
                0x080003d4                __floatunsidf
                0x080003d4                __aeabi_ui2d
                0x080003f4                __floatsidf
                0x080003f4                __aeabi_i2d
                0x08000418                __aeabi_f2d
                0x08000418                __extendsfdf2
                0x0800045c                __floatundidf
                0x0800045c                __aeabi_ul2d
                0x0800046c                __floatdidf
                0x0800046c                __aeabi_l2d
 .text          0x080004c8       0x50 c:/users/hjs/documents/clionprojects/_tools/gcc-arm-none-eabi/bin/../lib/gcc/arm-none-eabi/10.3.1/thumb/v7-m/nofp\libgcc.a(_arm_fixdfsi.o)
                0x080004c8                __aeabi_d2iz
                0x080004c8                __fixdfsi
 .text          0x08000518       0xa0 c:/users/hjs/documents/clionprojects/_tools/gcc-arm-none-eabi/bin/../lib/gcc/arm-none-eabi/10.3.1/thumb/v7-m/nofp\libgcc.a(_arm_truncdfsf2.o)
                0x08000518                __truncdfsf2
                0x08000518                __aeabi_d2f
 .text          0x080005b8      0x21c c:/users/hjs/documents/clionprojects/_tools/gcc-arm-none-eabi/bin/../lib/gcc/arm-none-eabi/10.3.1/thumb/v7-m/nofp\libgcc.a(_arm_addsubsf3.o)
                0x080005b8                __aeabi_frsub
                0x080005c0                __subsf3
                0x080005c0                __aeabi_fsub
                0x080005c4                __aeabi_fadd
                0x080005c4                __addsf3
                0x08000724                __aeabi_ui2f
                0x08000724                __floatunsisf
                0x0800072c                __aeabi_i2f
                0x0800072c                __floatsisf
                0x08000748                __aeabi_ul2f
                0x08000748                __floatundisf
                0x08000758                __aeabi_l2f
                0x08000758                __floatdisf
 .text          0x080007d4      0x2a0 c:/users/hjs/documents/clionprojects/_tools/gcc-arm-none-eabi/bin/../lib/gcc/arm-none-eabi/10.3.1/thumb/v7-m/nofp\libgcc.a(_arm_muldivsf3.o)
                0x080007d4                __mulsf3
                0x080007d4                __aeabi_fmul
                0x0800093c                __aeabi_fdiv
                0x0800093c                __divsf3
 .text          0x08000a74       0x40 c:/users/hjs/documents/clionprojects/_tools/gcc-arm-none-eabi/bin/../lib/gcc/arm-none-eabi/10.3.1/thumb/v7-m/nofp\libgcc.a(_arm_fixunssfsi.o)
                0x08000a74                __fixunssfsi
                0x08000a74                __aeabi_f2uiz
 .text          0x08000ab4       0xec c:/users/hjs/documents/clionprojects/_tools/gcc-arm-none-eabi/bin/../lib/gcc/arm-none-eabi/10.3.1/../../../../arm-none-eabi/lib/thumb/v7-m/nofp\libg.a(lib_a-memcpy.o)
                0x08000ab4                memcpy
 .text          0x08000ba0      0x424 c:/users/hjs/documents/clionprojects/_tools/gcc-arm-none-eabi/bin/../lib/gcc/arm-none-eabi/10.3.1/thumb/v7-m/nofp\libgcc.a(_arm_muldivdf3.o)
                0x08000ba0                __aeabi_dmul
                0x08000ba0                __muldf3
                0x08000df4                __divdf3
                0x08000df4                __aeabi_ddiv
 .text          0x08000fc4      0x110 c:/users/hjs/documents/clionprojects/_tools/gcc-arm-none-eabi/bin/../lib/gcc/arm-none-eabi/10.3.1/thumb/v7-m/nofp\libgcc.a(_arm_cmpdf2.o)
                0x08000fc4                __gtdf2
                0x08000fc4                __gedf2
                0x08000fcc                __ltdf2
                0x08000fcc                __ledf2
                0x08000fd4                __nedf2
                0x08000fd4                __eqdf2
                0x08000fd4                __cmpdf2
                0x08001050                __aeabi_cdrcmple
                0x08001060                __aeabi_cdcmpeq
                0x08001060                __aeabi_cdcmple
                0x08001070                __aeabi_dcmpeq
                0x08001084                __aeabi_dcmplt
                0x08001098                __aeabi_dcmple
                0x080010ac                __aeabi_dcmpge
                0x080010c0                __aeabi_dcmpgt
 .text          0x080010d4       0x2c c:/users/hjs/documents/clionprojects/_tools/gcc-arm-none-eabi/bin/../lib/gcc/arm-none-eabi/10.3.1/thumb/v7-m/nofp\libgcc.a(_arm_unorddf2.o)
                0x080010d4                __unorddf2
                0x080010d4                __aeabi_dcmpun
 .text          0x08001100       0x30 c:/users/hjs/documents/clionprojects/_tools/gcc-arm-none-eabi/bin/../lib/gcc/arm-none-eabi/10.3.1/thumb/v7-m/nofp\libgcc.a(_aeabi_uldivmod.o)
                0x08001100                __aeabi_uldivmod
 .text          0x08001130      0x2d4 c:/users/hjs/documents/clionprojects/_tools/gcc-arm-none-eabi/bin/../lib/gcc/arm-none-eabi/10.3.1/thumb/v7-m/nofp\libgcc.a(_udivmoddi4.o)
                0x08001130                __udivmoddi4
 .text          0x08001404        0x4 c:/users/hjs/documents/clionprojects/_tools/gcc-arm-none-eabi/bin/../lib/gcc/arm-none-eabi/10.3.1/thumb/v7-m/nofp\libgcc.a(_dvmd_tls.o)
                0x08001404                __aeabi_idiv0
                0x08001404                __aeabi_ldiv0
 *(.text*)
 .text.bmp388CompensateTemp
                0x08001408       0x9c CMakeFiles/STC31_Sensor.elf.dir/Core/Src/bmp388.c.obj
 .text.bmp388CompensatePress
                0x080014a4      0x2c0 CMakeFiles/STC31_Sensor.elf.dir/Core/Src/bmp388.c.obj
 .text.bmp388CalAvgValue
                0x08001764       0x3c CMakeFiles/STC31_Sensor.elf.dir/Core/Src/bmp388.c.obj
 .text.I2C_ReadOneByte
                0x080017a0       0x2c CMakeFiles/STC31_Sensor.elf.dir/Core/Src/bmp388.c.obj
                0x080017a0                I2C_ReadOneByte
 .text.bmp388Check
                0x080017cc       0x16 CMakeFiles/STC31_Sensor.elf.dir/Core/Src/bmp388.c.obj
 *fill*         0x080017e2        0x2 
 .text.bmp388GetCalibrationData
                0x080017e4      0x108 CMakeFiles/STC31_Sensor.elf.dir/Core/Src/bmp388.c.obj
 *fill*         0x080018ec        0x4 
 .text.bmp388DataGet
                0x080018f0       0xf0 CMakeFiles/STC31_Sensor.elf.dir/Core/Src/bmp388.c.obj
 .text.I2C_WriteOneByte
                0x080019e0       0x2c CMakeFiles/STC31_Sensor.elf.dir/Core/Src/bmp388.c.obj
                0x080019e0                I2C_WriteOneByte
 .text.bmp388Init
                0x08001a0c       0x3a CMakeFiles/STC31_Sensor.elf.dir/Core/Src/bmp388.c.obj
 *fill*         0x08001a46        0x2 
 .text.pressSensorInit
                0x08001a48       0x38 CMakeFiles/STC31_Sensor.elf.dir/Core/Src/bmp388.c.obj
                0x08001a48                pressSensorInit
 .text.pressSensorDataGet
                0x08001a80        0x8 CMakeFiles/STC31_Sensor.elf.dir/Core/Src/bmp388.c.obj
                0x08001a80                pressSensorDataGet
 .text.MX_GPIO_Init
                0x08001a88       0x44 CMakeFiles/STC31_Sensor.elf.dir/Core/Src/gpio.c.obj
                0x08001a88                MX_GPIO_Init
 .text.HAL_I2C_MspInit
                0x08001acc       0x64 CMakeFiles/STC31_Sensor.elf.dir/Core/Src/i2c.c.obj
                0x08001acc                HAL_I2C_MspInit
 .text.__io_putchar
                0x08001b30       0x20 CMakeFiles/STC31_Sensor.elf.dir/Core/Src/main.c.obj
                0x08001b30                __io_putchar
 .text.Error_Handler
                0x08001b50        0x4 CMakeFiles/STC31_Sensor.elf.dir/Core/Src/main.c.obj
                0x08001b50                Error_Handler
 .text.SystemClock_Config
                0x08001b54       0x64 CMakeFiles/STC31_Sensor.elf.dir/Core/Src/main.c.obj
                0x08001b54                SystemClock_Config
 .text.main     0x08001bb8      0x228 CMakeFiles/STC31_Sensor.elf.dir/Core/Src/main.c.obj
                0x08001bb8                main
 .text.sensirion_common_bytes_to_uint16_t
                0x08001de0        0xa CMakeFiles/STC31_Sensor.elf.dir/Core/Src/sensirion_common.c.obj
                0x08001de0                sensirion_common_bytes_to_uint16_t
 .text.sensirion_common_bytes_to_uint32_t
                0x08001dea       0x16 CMakeFiles/STC31_Sensor.elf.dir/Core/Src/sensirion_common.c.obj
                0x08001dea                sensirion_common_bytes_to_uint32_t
 .text.sensirion_common_copy_bytes
                0x08001e00       0x16 CMakeFiles/STC31_Sensor.elf.dir/Core/Src/sensirion_common.c.obj
                0x08001e00                sensirion_common_copy_bytes
 .text.sensirion_i2c_generate_crc
                0x08001e16       0x36 CMakeFiles/STC31_Sensor.elf.dir/Core/Src/sensirion_i2c.c.obj
                0x08001e16                sensirion_i2c_generate_crc
 .text.sensirion_i2c_check_crc
                0x08001e4c       0x14 CMakeFiles/STC31_Sensor.elf.dir/Core/Src/sensirion_i2c.c.obj
                0x08001e4c                sensirion_i2c_check_crc
 .text.sensirion_i2c_read_words_as_bytes
                0x08001e60       0x66 CMakeFiles/STC31_Sensor.elf.dir/Core/Src/sensirion_i2c.c.obj
                0x08001e60                sensirion_i2c_read_words_as_bytes
 .text.sensirion_i2c_read_words
                0x08001ec6       0x30 CMakeFiles/STC31_Sensor.elf.dir/Core/Src/sensirion_i2c.c.obj
                0x08001ec6                sensirion_i2c_read_words
 .text.sensirion_i2c_add_command_to_buffer
                0x08001ef6       0x14 CMakeFiles/STC31_Sensor.elf.dir/Core/Src/sensirion_i2c.c.obj
                0x08001ef6                sensirion_i2c_add_command_to_buffer
 .text.sensirion_i2c_add_uint16_t_to_buffer
                0x08001f0a       0x26 CMakeFiles/STC31_Sensor.elf.dir/Core/Src/sensirion_i2c.c.obj
                0x08001f0a                sensirion_i2c_add_uint16_t_to_buffer
 .text.sensirion_i2c_write_data
                0x08001f30        0xa CMakeFiles/STC31_Sensor.elf.dir/Core/Src/sensirion_i2c.c.obj
                0x08001f30                sensirion_i2c_write_data
 .text.sensirion_i2c_read_data_inplace
                0x08001f3a       0x60 CMakeFiles/STC31_Sensor.elf.dir/Core/Src/sensirion_i2c.c.obj
                0x08001f3a                sensirion_i2c_read_data_inplace
 *fill*         0x08001f9a        0x2 
 .text.sensirion_i2c_hal_init
                0x08001f9c       0x34 CMakeFiles/STC31_Sensor.elf.dir/Core/Src/sensirion_i2c_hal.c.obj
                0x08001f9c                sensirion_i2c_hal_init
 .text.sensirion_i2c_hal_read
                0x08001fd0       0x20 CMakeFiles/STC31_Sensor.elf.dir/Core/Src/sensirion_i2c_hal.c.obj
                0x08001fd0                sensirion_i2c_hal_read
 .text.sensirion_i2c_hal_write
                0x08001ff0       0x20 CMakeFiles/STC31_Sensor.elf.dir/Core/Src/sensirion_i2c_hal.c.obj
                0x08001ff0                sensirion_i2c_hal_write
 .text.sensirion_i2c_hal_sleep_usec
                0x08002010       0x34 CMakeFiles/STC31_Sensor.elf.dir/Core/Src/sensirion_i2c_hal.c.obj
                0x08002010                sensirion_i2c_hal_sleep_usec
 .text.sht4x_measure
                0x08002044       0x14 CMakeFiles/STC31_Sensor.elf.dir/Core/Src/sht4x.c.obj
                0x08002044                sht4x_measure
 .text.sht4x_read
                0x08002058       0x42 CMakeFiles/STC31_Sensor.elf.dir/Core/Src/sht4x.c.obj
                0x08002058                sht4x_read
 *fill*         0x0800209a        0x2 
 .text.sht4x_measure_blocking_read
                0x0800209c       0x24 CMakeFiles/STC31_Sensor.elf.dir/Core/Src/sht4x.c.obj
                0x0800209c                sht4x_measure_blocking_read
 .text.sht4x_read_serial
                0x080020c0       0x42 CMakeFiles/STC31_Sensor.elf.dir/Core/Src/sht4x.c.obj
                0x080020c0                sht4x_read_serial
 .text.sht4x_probe
                0x08002102       0x10 CMakeFiles/STC31_Sensor.elf.dir/Core/Src/sht4x.c.obj
                0x08002102                sht4x_probe
 .text.stc3x_set_binary_gas
                0x08002112       0x3a CMakeFiles/STC31_Sensor.elf.dir/Core/Src/stc3x_i2c.c.obj
                0x08002112                stc3x_set_binary_gas
 .text.stc3x_set_relative_humidity
                0x0800214c       0x3a CMakeFiles/STC31_Sensor.elf.dir/Core/Src/stc3x_i2c.c.obj
                0x0800214c                stc3x_set_relative_humidity
 .text.stc3x_set_temperature
                0x08002186       0x3a CMakeFiles/STC31_Sensor.elf.dir/Core/Src/stc3x_i2c.c.obj
                0x08002186                stc3x_set_temperature
 .text.stc3x_measure_gas_concentration
                0x080021c0       0x58 CMakeFiles/STC31_Sensor.elf.dir/Core/Src/stc3x_i2c.c.obj
                0x080021c0                stc3x_measure_gas_concentration
 .text.stc3x_self_test
                0x08002218       0x48 CMakeFiles/STC31_Sensor.elf.dir/Core/Src/stc3x_i2c.c.obj
                0x08002218                stc3x_self_test
 .text.stc3x_prepare_product_identifier
                0x08002260       0x20 CMakeFiles/STC31_Sensor.elf.dir/Core/Src/stc3x_i2c.c.obj
                0x08002260                stc3x_prepare_product_identifier
 .text.stc3x_read_product_identifier
                0x08002280       0x56 CMakeFiles/STC31_Sensor.elf.dir/Core/Src/stc3x_i2c.c.obj
                0x08002280                stc3x_read_product_identifier
 *fill*         0x080022d6        0x2 
 .text.HAL_MspInit
                0x080022d8       0x44 CMakeFiles/STC31_Sensor.elf.dir/Core/Src/stm32f1xx_hal_msp.c.obj
                0x080022d8                HAL_MspInit
 .text.NMI_Handler
                0x0800231c        0x2 CMakeFiles/STC31_Sensor.elf.dir/Core/Src/stm32f1xx_it.c.obj
                0x0800231c                NMI_Handler
 .text.HardFault_Handler
                0x0800231e        0x2 CMakeFiles/STC31_Sensor.elf.dir/Core/Src/stm32f1xx_it.c.obj
                0x0800231e                HardFault_Handler
 .text.MemManage_Handler
                0x08002320        0x2 CMakeFiles/STC31_Sensor.elf.dir/Core/Src/stm32f1xx_it.c.obj
                0x08002320                MemManage_Handler
 .text.BusFault_Handler
                0x08002322        0x2 CMakeFiles/STC31_Sensor.elf.dir/Core/Src/stm32f1xx_it.c.obj
                0x08002322                BusFault_Handler
 .text.UsageFault_Handler
                0x08002324        0x2 CMakeFiles/STC31_Sensor.elf.dir/Core/Src/stm32f1xx_it.c.obj
                0x08002324                UsageFault_Handler
 .text.SVC_Handler
                0x08002326        0x2 CMakeFiles/STC31_Sensor.elf.dir/Core/Src/stm32f1xx_it.c.obj
                0x08002326                SVC_Handler
 .text.DebugMon_Handler
                0x08002328        0x2 CMakeFiles/STC31_Sensor.elf.dir/Core/Src/stm32f1xx_it.c.obj
                0x08002328                DebugMon_Handler
 .text.PendSV_Handler
                0x0800232a        0x2 CMakeFiles/STC31_Sensor.elf.dir/Core/Src/stm32f1xx_it.c.obj
                0x0800232a                PendSV_Handler
 .text.SysTick_Handler
                0x0800232c        0x8 CMakeFiles/STC31_Sensor.elf.dir/Core/Src/stm32f1xx_it.c.obj
                0x0800232c                SysTick_Handler
 .text._getpid  0x08002334        0x4 CMakeFiles/STC31_Sensor.elf.dir/Core/Src/syscalls.c.obj
                0x08002334                _getpid
 .text._kill    0x08002338       0x10 CMakeFiles/STC31_Sensor.elf.dir/Core/Src/syscalls.c.obj
                0x08002338                _kill
 .text._exit    0x08002348        0xc CMakeFiles/STC31_Sensor.elf.dir/Core/Src/syscalls.c.obj
                0x08002348                _exit
 .text._read    0x08002354       0x20 CMakeFiles/STC31_Sensor.elf.dir/Core/Src/syscalls.c.obj
                0x08002354                _read
 .text._write   0x08002374       0x1c CMakeFiles/STC31_Sensor.elf.dir/Core/Src/syscalls.c.obj
                0x08002374                _write
 .text._sbrk    0x08002390       0x3c CMakeFiles/STC31_Sensor.elf.dir/Core/Src/syscalls.c.obj
                0x08002390                _sbrk
 .text._close   0x080023cc        0x6 CMakeFiles/STC31_Sensor.elf.dir/Core/Src/syscalls.c.obj
                0x080023cc                _close
 .text._fstat   0x080023d2        0xa CMakeFiles/STC31_Sensor.elf.dir/Core/Src/syscalls.c.obj
                0x080023d2                _fstat
 .text._isatty  0x080023dc        0x4 CMakeFiles/STC31_Sensor.elf.dir/Core/Src/syscalls.c.obj
                0x080023dc                _isatty
 .text._lseek   0x080023e0        0x4 CMakeFiles/STC31_Sensor.elf.dir/Core/Src/syscalls.c.obj
                0x080023e0                _lseek
 .text.SystemInit
                0x080023e4        0x2 CMakeFiles/STC31_Sensor.elf.dir/Core/Src/system_stm32f1xx.c.obj
                0x080023e4                SystemInit
 *fill*         0x080023e6        0x2 
 .text.MX_USART2_UART_Init
                0x080023e8       0x34 CMakeFiles/STC31_Sensor.elf.dir/Core/Src/usart.c.obj
                0x080023e8                MX_USART2_UART_Init
 .text.HAL_UART_MspInit
                0x0800241c       0x74 CMakeFiles/STC31_Sensor.elf.dir/Core/Src/usart.c.obj
                0x0800241c                HAL_UART_MspInit
 .text.HAL_InitTick
                0x08002490       0x4c CMakeFiles/STC31_Sensor.elf.dir/Drivers/STM32F1xx_HAL_Driver/Src/stm32f1xx_hal.c.obj
                0x08002490                HAL_InitTick
 .text.HAL_Init
                0x080024dc       0x24 CMakeFiles/STC31_Sensor.elf.dir/Drivers/STM32F1xx_HAL_Driver/Src/stm32f1xx_hal.c.obj
                0x080024dc                HAL_Init
 .text.HAL_IncTick
                0x08002500       0x18 CMakeFiles/STC31_Sensor.elf.dir/Drivers/STM32F1xx_HAL_Driver/Src/stm32f1xx_hal.c.obj
                0x08002500                HAL_IncTick
 .text.HAL_GetTick
                0x08002518        0xc CMakeFiles/STC31_Sensor.elf.dir/Drivers/STM32F1xx_HAL_Driver/Src/stm32f1xx_hal.c.obj
                0x08002518                HAL_GetTick
 .text.HAL_Delay
                0x08002524       0x28 CMakeFiles/STC31_Sensor.elf.dir/Drivers/STM32F1xx_HAL_Driver/Src/stm32f1xx_hal.c.obj
                0x08002524                HAL_Delay
 .text.HAL_GetHalVersion
                0x0800254c        0x8 CMakeFiles/STC31_Sensor.elf.dir/Drivers/STM32F1xx_HAL_Driver/Src/stm32f1xx_hal.c.obj
                0x0800254c                HAL_GetHalVersion
 .text.HAL_NVIC_SetPriorityGrouping
                0x08002554       0x24 CMakeFiles/STC31_Sensor.elf.dir/Drivers/STM32F1xx_HAL_Driver/Src/stm32f1xx_hal_cortex.c.obj
                0x08002554                HAL_NVIC_SetPriorityGrouping
 .text.HAL_NVIC_SetPriority
                0x08002578       0x70 CMakeFiles/STC31_Sensor.elf.dir/Drivers/STM32F1xx_HAL_Driver/Src/stm32f1xx_hal_cortex.c.obj
                0x08002578                HAL_NVIC_SetPriority
 .text.HAL_SYSTICK_Config
                0x080025e8       0x28 CMakeFiles/STC31_Sensor.elf.dir/Drivers/STM32F1xx_HAL_Driver/Src/stm32f1xx_hal_cortex.c.obj
                0x080025e8                HAL_SYSTICK_Config
 .text.HAL_GPIO_Init
                0x08002610      0x224 CMakeFiles/STC31_Sensor.elf.dir/Drivers/STM32F1xx_HAL_Driver/Src/stm32f1xx_hal_gpio.c.obj
                0x08002610                HAL_GPIO_Init
 .text.I2C_IsAcknowledgeFailed
                0x08002834       0x32 CMakeFiles/STC31_Sensor.elf.dir/Drivers/STM32F1xx_HAL_Driver/Src/stm32f1xx_hal_i2c.c.obj
 .text.I2C_WaitOnFlagUntilTimeout
                0x08002866       0x7c CMakeFiles/STC31_Sensor.elf.dir/Drivers/STM32F1xx_HAL_Driver/Src/stm32f1xx_hal_i2c.c.obj
 .text.I2C_WaitOnMasterAddressFlagUntilTimeout
                0x080028e2       0xaa CMakeFiles/STC31_Sensor.elf.dir/Drivers/STM32F1xx_HAL_Driver/Src/stm32f1xx_hal_i2c.c.obj
 .text.I2C_MasterRequestWrite
                0x0800298c       0xb4 CMakeFiles/STC31_Sensor.elf.dir/Drivers/STM32F1xx_HAL_Driver/Src/stm32f1xx_hal_i2c.c.obj
 .text.I2C_MasterRequestRead
                0x08002a40      0x120 CMakeFiles/STC31_Sensor.elf.dir/Drivers/STM32F1xx_HAL_Driver/Src/stm32f1xx_hal_i2c.c.obj
 .text.I2C_WaitOnTXEFlagUntilTimeout
                0x08002b60       0x54 CMakeFiles/STC31_Sensor.elf.dir/Drivers/STM32F1xx_HAL_Driver/Src/stm32f1xx_hal_i2c.c.obj
 .text.I2C_RequestMemoryWrite
                0x08002bb4       0xd8 CMakeFiles/STC31_Sensor.elf.dir/Drivers/STM32F1xx_HAL_Driver/Src/stm32f1xx_hal_i2c.c.obj
 .text.I2C_RequestMemoryRead
                0x08002c8c      0x154 CMakeFiles/STC31_Sensor.elf.dir/Drivers/STM32F1xx_HAL_Driver/Src/stm32f1xx_hal_i2c.c.obj
 .text.I2C_WaitOnBTFFlagUntilTimeout
                0x08002de0       0x54 CMakeFiles/STC31_Sensor.elf.dir/Drivers/STM32F1xx_HAL_Driver/Src/stm32f1xx_hal_i2c.c.obj
 .text.I2C_WaitOnRXNEFlagUntilTimeout
                0x08002e34       0x6a CMakeFiles/STC31_Sensor.elf.dir/Drivers/STM32F1xx_HAL_Driver/Src/stm32f1xx_hal_i2c.c.obj
 *fill*         0x08002e9e        0x2 
 .text.HAL_I2C_Init
                0x08002ea0      0x1bc CMakeFiles/STC31_Sensor.elf.dir/Drivers/STM32F1xx_HAL_Driver/Src/stm32f1xx_hal_i2c.c.obj
                0x08002ea0                HAL_I2C_Init
 .text.HAL_I2C_Master_Transmit
                0x0800305c      0x178 CMakeFiles/STC31_Sensor.elf.dir/Drivers/STM32F1xx_HAL_Driver/Src/stm32f1xx_hal_i2c.c.obj
                0x0800305c                HAL_I2C_Master_Transmit
 .text.HAL_I2C_Master_Receive
                0x080031d4      0x344 CMakeFiles/STC31_Sensor.elf.dir/Drivers/STM32F1xx_HAL_Driver/Src/stm32f1xx_hal_i2c.c.obj
                0x080031d4                HAL_I2C_Master_Receive
 .text.HAL_I2C_Mem_Write
                0x08003518      0x164 CMakeFiles/STC31_Sensor.elf.dir/Drivers/STM32F1xx_HAL_Driver/Src/stm32f1xx_hal_i2c.c.obj
                0x08003518                HAL_I2C_Mem_Write
 .text.HAL_I2C_Mem_Read
                0x0800367c      0x348 CMakeFiles/STC31_Sensor.elf.dir/Drivers/STM32F1xx_HAL_Driver/Src/stm32f1xx_hal_i2c.c.obj
                0x0800367c                HAL_I2C_Mem_Read
 .text.RCC_Delay
                0x080039c4       0x2c CMakeFiles/STC31_Sensor.elf.dir/Drivers/STM32F1xx_HAL_Driver/Src/stm32f1xx_hal_rcc.c.obj
 .text.HAL_RCC_OscConfig
                0x080039f0      0x410 CMakeFiles/STC31_Sensor.elf.dir/Drivers/STM32F1xx_HAL_Driver/Src/stm32f1xx_hal_rcc.c.obj
                0x080039f0                HAL_RCC_OscConfig
 .text.HAL_RCC_GetSysClockFreq
                0x08003e00       0x70 CMakeFiles/STC31_Sensor.elf.dir/Drivers/STM32F1xx_HAL_Driver/Src/stm32f1xx_hal_rcc.c.obj
                0x08003e00                HAL_RCC_GetSysClockFreq
 .text.HAL_RCC_ClockConfig
                0x08003e70      0x16c CMakeFiles/STC31_Sensor.elf.dir/Drivers/STM32F1xx_HAL_Driver/Src/stm32f1xx_hal_rcc.c.obj
                0x08003e70                HAL_RCC_ClockConfig
 .text.HAL_RCC_GetHCLKFreq
                0x08003fdc        0xc CMakeFiles/STC31_Sensor.elf.dir/Drivers/STM32F1xx_HAL_Driver/Src/stm32f1xx_hal_rcc.c.obj
                0x08003fdc                HAL_RCC_GetHCLKFreq
 .text.HAL_RCC_GetPCLK1Freq
                0x08003fe8       0x20 CMakeFiles/STC31_Sensor.elf.dir/Drivers/STM32F1xx_HAL_Driver/Src/stm32f1xx_hal_rcc.c.obj
                0x08003fe8                HAL_RCC_GetPCLK1Freq
 .text.HAL_RCC_GetPCLK2Freq
                0x08004008       0x20 CMakeFiles/STC31_Sensor.elf.dir/Drivers/STM32F1xx_HAL_Driver/Src/stm32f1xx_hal_rcc.c.obj
                0x08004008                HAL_RCC_GetPCLK2Freq
 .text.UART_SetConfig
                0x08004028       0x94 CMakeFiles/STC31_Sensor.elf.dir/Drivers/STM32F1xx_HAL_Driver/Src/stm32f1xx_hal_uart.c.obj
 .text.UART_WaitOnFlagUntilTimeout
                0x080040bc       0x6c CMakeFiles/STC31_Sensor.elf.dir/Drivers/STM32F1xx_HAL_Driver/Src/stm32f1xx_hal_uart.c.obj
 .text.HAL_UART_Init
                0x08004128       0x5e CMakeFiles/STC31_Sensor.elf.dir/Drivers/STM32F1xx_HAL_Driver/Src/stm32f1xx_hal_uart.c.obj
                0x08004128                HAL_UART_Init
 .text.HAL_UART_Transmit
                0x08004186       0xd8 CMakeFiles/STC31_Sensor.elf.dir/Drivers/STM32F1xx_HAL_Driver/Src/stm32f1xx_hal_uart.c.obj
                0x08004186                HAL_UART_Transmit
 *fill*         0x0800425e        0x2 
 .text.Reset_Handler
                0x08004260       0x48 CMakeFiles/STC31_Sensor.elf.dir/startup/startup_stm32f103xb.s.obj
                0x08004260                Reset_Handler
 .text.Default_Handler
                0x080042a8        0x2 CMakeFiles/STC31_Sensor.elf.dir/startup/startup_stm32f103xb.s.obj
                0x080042a8                RTC_Alarm_IRQHandler
                0x080042a8                EXTI2_IRQHandler
                0x080042a8                TIM1_CC_IRQHandler
                0x080042a8                PVD_IRQHandler
                0x080042a8                EXTI3_IRQHandler
                0x080042a8                EXTI0_IRQHandler
                0x080042a8                I2C2_EV_IRQHandler
                0x080042a8                ADC1_2_IRQHandler
                0x080042a8                SPI1_IRQHandler
                0x080042a8                TAMPER_IRQHandler
                0x080042a8                DMA1_Channel4_IRQHandler
                0x080042a8                USART3_IRQHandler
                0x080042a8                RTC_IRQHandler
                0x080042a8                DMA1_Channel7_IRQHandler
                0x080042a8                CAN1_RX1_IRQHandler
                0x080042a8                TIM4_IRQHandler
                0x080042a8                I2C1_EV_IRQHandler
                0x080042a8                DMA1_Channel6_IRQHandler
                0x080042a8                TIM3_IRQHandler
                0x080042a8                RCC_IRQHandler
                0x080042a8                TIM1_TRG_COM_IRQHandler
                0x080042a8                DMA1_Channel1_IRQHandler
                0x080042a8                Default_Handler
                0x080042a8                EXTI15_10_IRQHandler
                0x080042a8                EXTI9_5_IRQHandler
                0x080042a8                SPI2_IRQHandler
                0x080042a8                DMA1_Channel5_IRQHandler
                0x080042a8                EXTI4_IRQHandler
                0x080042a8                USB_LP_CAN1_RX0_IRQHandler
                0x080042a8                USB_HP_CAN1_TX_IRQHandler
                0x080042a8                DMA1_Channel3_IRQHandler
                0x080042a8                TIM1_UP_IRQHandler
                0x080042a8                WWDG_IRQHandler
                0x080042a8                TIM2_IRQHandler
                0x080042a8                TIM1_BRK_IRQHandler
                0x080042a8                EXTI1_IRQHandler
                0x080042a8                USART2_IRQHandler
                0x080042a8                I2C2_ER_IRQHandler
                0x080042a8                DMA1_Channel2_IRQHandler
                0x080042a8                CAN1_SCE_IRQHandler
                0x080042a8                FLASH_IRQHandler
                0x080042a8                USART1_IRQHandler
                0x080042a8                I2C1_ER_IRQHandler
                0x080042a8                USBWakeUp_IRQHandler
 *fill*         0x080042aa        0x2 
 .text.__errno  0x080042ac        0xc c:/users/hjs/documents/clionprojects/_tools/gcc-arm-none-eabi/bin/../lib/gcc/arm-none-eabi/10.3.1/../../../../arm-none-eabi/lib/thumb/v7-m/nofp\libg.a(lib_a-errno.o)
                0x080042ac                __errno
 .text.__libc_init_array
                0x080042b8       0x48 c:/users/hjs/documents/clionprojects/_tools/gcc-arm-none-eabi/bin/../lib/gcc/arm-none-eabi/10.3.1/../../../../arm-none-eabi/lib/thumb/v7-m/nofp\libg.a(lib_a-init.o)
                0x080042b8                __libc_init_array
 .text.memset   0x08004300       0xa4 c:/users/hjs/documents/clionprojects/_tools/gcc-arm-none-eabi/bin/../lib/gcc/arm-none-eabi/10.3.1/../../../../arm-none-eabi/lib/thumb/v7-m/nofp\libg.a(lib_a-memset.o)
                0x08004300                memset
 .text.printf   0x080043a4       0x28 c:/users/hjs/documents/clionprojects/_tools/gcc-arm-none-eabi/bin/../lib/gcc/arm-none-eabi/10.3.1/../../../../arm-none-eabi/lib/thumb/v7-m/nofp\libg.a(lib_a-printf.o)
                0x080043a4                printf
 .text._puts_r  0x080043cc       0x9c c:/users/hjs/documents/clionprojects/_tools/gcc-arm-none-eabi/bin/../lib/gcc/arm-none-eabi/10.3.1/../../../../arm-none-eabi/lib/thumb/v7-m/nofp\libg.a(lib_a-puts.o)
                0x080043cc                _puts_r
 .text.puts     0x08004468       0x10 c:/users/hjs/documents/clionprojects/_tools/gcc-arm-none-eabi/bin/../lib/gcc/arm-none-eabi/10.3.1/../../../../arm-none-eabi/lib/thumb/v7-m/nofp\libg.a(lib_a-puts.o)
                0x08004468                puts
 .text.strlen   0x08004478       0x5c c:/users/hjs/documents/clionprojects/_tools/gcc-arm-none-eabi/bin/../lib/gcc/arm-none-eabi/10.3.1/../../../../arm-none-eabi/lib/thumb/v7-m/nofp\libg.a(lib_a-strlen-stub.o)
                0x08004478                strlen
 .text._vfprintf_r
                0x080044d4     0x1b58 c:/users/hjs/documents/clionprojects/_tools/gcc-arm-none-eabi/bin/../lib/gcc/arm-none-eabi/10.3.1/../../../../arm-none-eabi/lib/thumb/v7-m/nofp\libg.a(lib_a-vfprintf.o)
                0x080044d4                _vfprintf_r
 .text.__sbprintf
                0x0800602c       0x84 c:/users/hjs/documents/clionprojects/_tools/gcc-arm-none-eabi/bin/../lib/gcc/arm-none-eabi/10.3.1/../../../../arm-none-eabi/lib/thumb/v7-m/nofp\libg.a(lib_a-vfprintf.o)
 .text.__swsetup_r
                0x080060b0       0xd4 c:/users/hjs/documents/clionprojects/_tools/gcc-arm-none-eabi/bin/../lib/gcc/arm-none-eabi/10.3.1/../../../../arm-none-eabi/lib/thumb/v7-m/nofp\libg.a(lib_a-wsetup.o)
                0x080060b0                __swsetup_r
 .text.startup.register_fini
                0x08006184       0x14 c:/users/hjs/documents/clionprojects/_tools/gcc-arm-none-eabi/bin/../lib/gcc/arm-none-eabi/10.3.1/../../../../arm-none-eabi/lib/thumb/v7-m/nofp\libg.a(lib_a-__call_atexit.o)
 .text.atexit   0x08006198        0xc c:/users/hjs/documents/clionprojects/_tools/gcc-arm-none-eabi/bin/../lib/gcc/arm-none-eabi/10.3.1/../../../../arm-none-eabi/lib/thumb/v7-m/nofp\libg.a(lib_a-atexit.o)
                0x08006198                atexit
 .text.quorem   0x080061a4      0x12c c:/users/hjs/documents/clionprojects/_tools/gcc-arm-none-eabi/bin/../lib/gcc/arm-none-eabi/10.3.1/../../../../arm-none-eabi/lib/thumb/v7-m/nofp\libg.a(lib_a-dtoa.o)
 .text._dtoa_r  0x080062d0      0xecc c:/users/hjs/documents/clionprojects/_tools/gcc-arm-none-eabi/bin/../lib/gcc/arm-none-eabi/10.3.1/../../../../arm-none-eabi/lib/thumb/v7-m/nofp\libg.a(lib_a-dtoa.o)
                0x080062d0                _dtoa_r
 .text.__sflush_r
                0x0800719c      0x124 c:/users/hjs/documents/clionprojects/_tools/gcc-arm-none-eabi/bin/../lib/gcc/arm-none-eabi/10.3.1/../../../../arm-none-eabi/lib/thumb/v7-m/nofp\libg.a(lib_a-fflush.o)
                0x0800719c                __sflush_r
 .text._fflush_r
                0x080072c0       0x5c c:/users/hjs/documents/clionprojects/_tools/gcc-arm-none-eabi/bin/../lib/gcc/arm-none-eabi/10.3.1/../../../../arm-none-eabi/lib/thumb/v7-m/nofp\libg.a(lib_a-fflush.o)
                0x080072c0                _fflush_r
 .text._cleanup_r
                0x0800731c        0xc c:/users/hjs/documents/clionprojects/_tools/gcc-arm-none-eabi/bin/../lib/gcc/arm-none-eabi/10.3.1/../../../../arm-none-eabi/lib/thumb/v7-m/nofp\libg.a(lib_a-findfp.o)
                0x0800731c                _cleanup_r
 .text.__sinit  0x08007328      0x10c c:/users/hjs/documents/clionprojects/_tools/gcc-arm-none-eabi/bin/../lib/gcc/arm-none-eabi/10.3.1/../../../../arm-none-eabi/lib/thumb/v7-m/nofp\libg.a(lib_a-findfp.o)
                0x08007328                __sinit
 .text.__sfp_lock_acquire
                0x08007434        0xc c:/users/hjs/documents/clionprojects/_tools/gcc-arm-none-eabi/bin/../lib/gcc/arm-none-eabi/10.3.1/../../../../arm-none-eabi/lib/thumb/v7-m/nofp\libg.a(lib_a-findfp.o)
                0x08007434                __sfp_lock_acquire
 .text.__sfp_lock_release
                0x08007440        0xc c:/users/hjs/documents/clionprojects/_tools/gcc-arm-none-eabi/bin/../lib/gcc/arm-none-eabi/10.3.1/../../../../arm-none-eabi/lib/thumb/v7-m/nofp\libg.a(lib_a-findfp.o)
                0x08007440                __sfp_lock_release
 .text.__libc_fini_array
                0x0800744c       0x2c c:/users/hjs/documents/clionprojects/_tools/gcc-arm-none-eabi/bin/../lib/gcc/arm-none-eabi/10.3.1/../../../../arm-none-eabi/lib/thumb/v7-m/nofp\libg.a(lib_a-fini.o)
                0x0800744c                __libc_fini_array
 .text._malloc_trim_r
                0x08007478       0xa0 c:/users/hjs/documents/clionprojects/_tools/gcc-arm-none-eabi/bin/../lib/gcc/arm-none-eabi/10.3.1/../../../../arm-none-eabi/lib/thumb/v7-m/nofp\libg.a(lib_a-freer.o)
                0x08007478                _malloc_trim_r
 .text._free_r  0x08007518      0x200 c:/users/hjs/documents/clionprojects/_tools/gcc-arm-none-eabi/bin/../lib/gcc/arm-none-eabi/10.3.1/../../../../arm-none-eabi/lib/thumb/v7-m/nofp\libg.a(lib_a-freer.o)
                0x08007518                _free_r
 .text.__sfvwrite_r
                0x08007718      0x2f0 c:/users/hjs/documents/clionprojects/_tools/gcc-arm-none-eabi/bin/../lib/gcc/arm-none-eabi/10.3.1/../../../../arm-none-eabi/lib/thumb/v7-m/nofp\libg.a(lib_a-fvwrite.o)
                0x08007718                __sfvwrite_r
 .text._fwalk_reent
                0x08007a08       0x48 c:/users/hjs/documents/clionprojects/_tools/gcc-arm-none-eabi/bin/../lib/gcc/arm-none-eabi/10.3.1/../../../../arm-none-eabi/lib/thumb/v7-m/nofp\libg.a(lib_a-fwalk.o)
                0x08007a08                _fwalk_reent
 .text._localeconv_r
                0x08007a50        0x8 c:/users/hjs/documents/clionprojects/_tools/gcc-arm-none-eabi/bin/../lib/gcc/arm-none-eabi/10.3.1/../../../../arm-none-eabi/lib/thumb/v7-m/nofp\libg.a(lib_a-localeconv.o)
                0x08007a50                _localeconv_r
 .text.__retarget_lock_init_recursive
                0x08007a58        0x4 c:/users/hjs/documents/clionprojects/_tools/gcc-arm-none-eabi/bin/../lib/gcc/arm-none-eabi/10.3.1/../../../../arm-none-eabi/lib/thumb/v7-m/nofp\libg.a(lib_a-lock.o)
                0x08007a58                __retarget_lock_init_recursive
 .text.__retarget_lock_close_recursive
                0x08007a5c        0x4 c:/users/hjs/documents/clionprojects/_tools/gcc-arm-none-eabi/bin/../lib/gcc/arm-none-eabi/10.3.1/../../../../arm-none-eabi/lib/thumb/v7-m/nofp\libg.a(lib_a-lock.o)
                0x08007a5c                __retarget_lock_close_recursive
 .text.__retarget_lock_acquire_recursive
                0x08007a60        0x4 c:/users/hjs/documents/clionprojects/_tools/gcc-arm-none-eabi/bin/../lib/gcc/arm-none-eabi/10.3.1/../../../../arm-none-eabi/lib/thumb/v7-m/nofp\libg.a(lib_a-lock.o)
                0x08007a60                __retarget_lock_acquire_recursive
 .text.__retarget_lock_release_recursive
                0x08007a64        0x4 c:/users/hjs/documents/clionprojects/_tools/gcc-arm-none-eabi/bin/../lib/gcc/arm-none-eabi/10.3.1/../../../../arm-none-eabi/lib/thumb/v7-m/nofp\libg.a(lib_a-lock.o)
                0x08007a64                __retarget_lock_release_recursive
 .text.__smakebuf_r
                0x08007a68       0xe0 c:/users/hjs/documents/clionprojects/_tools/gcc-arm-none-eabi/bin/../lib/gcc/arm-none-eabi/10.3.1/../../../../arm-none-eabi/lib/thumb/v7-m/nofp\libg.a(lib_a-makebuf.o)
                0x08007a68                __smakebuf_r
 .text._malloc_r
                0x08007b48      0x558 c:/users/hjs/documents/clionprojects/_tools/gcc-arm-none-eabi/bin/../lib/gcc/arm-none-eabi/10.3.1/../../../../arm-none-eabi/lib/thumb/v7-m/nofp\libg.a(lib_a-mallocr.o)
                0x08007b48                _malloc_r
 .text.memchr   0x080080a0       0x90 c:/users/hjs/documents/clionprojects/_tools/gcc-arm-none-eabi/bin/../lib/gcc/arm-none-eabi/10.3.1/../../../../arm-none-eabi/lib/thumb/v7-m/nofp\libg.a(lib_a-memchr-stub.o)
                0x080080a0                memchr
 .text.memmove  0x08008130       0xf8 c:/users/hjs/documents/clionprojects/_tools/gcc-arm-none-eabi/bin/../lib/gcc/arm-none-eabi/10.3.1/../../../../arm-none-eabi/lib/thumb/v7-m/nofp\libg.a(lib_a-memmove.o)
                0x08008130                memmove
 .text.__malloc_lock
                0x08008228        0xc c:/users/hjs/documents/clionprojects/_tools/gcc-arm-none-eabi/bin/../lib/gcc/arm-none-eabi/10.3.1/../../../../arm-none-eabi/lib/thumb/v7-m/nofp\libg.a(lib_a-mlock.o)
                0x08008228                __malloc_lock
 .text.__malloc_unlock
                0x08008234        0xc c:/users/hjs/documents/clionprojects/_tools/gcc-arm-none-eabi/bin/../lib/gcc/arm-none-eabi/10.3.1/../../../../arm-none-eabi/lib/thumb/v7-m/nofp\libg.a(lib_a-mlock.o)
                0x08008234                __malloc_unlock
 .text._Balloc  0x08008240       0x4c c:/users/hjs/documents/clionprojects/_tools/gcc-arm-none-eabi/bin/../lib/gcc/arm-none-eabi/10.3.1/../../../../arm-none-eabi/lib/thumb/v7-m/nofp\libg.a(lib_a-mprec.o)
                0x08008240                _Balloc
 .text._Bfree   0x0800828c       0x14 c:/users/hjs/documents/clionprojects/_tools/gcc-arm-none-eabi/bin/../lib/gcc/arm-none-eabi/10.3.1/../../../../arm-none-eabi/lib/thumb/v7-m/nofp\libg.a(lib_a-mprec.o)
                0x0800828c                _Bfree
 .text.__multadd
                0x080082a0       0xa4 c:/users/hjs/documents/clionprojects/_tools/gcc-arm-none-eabi/bin/../lib/gcc/arm-none-eabi/10.3.1/../../../../arm-none-eabi/lib/thumb/v7-m/nofp\libg.a(lib_a-mprec.o)
                0x080082a0                __multadd
 .text.__hi0bits
                0x08008344       0x40 c:/users/hjs/documents/clionprojects/_tools/gcc-arm-none-eabi/bin/../lib/gcc/arm-none-eabi/10.3.1/../../../../arm-none-eabi/lib/thumb/v7-m/nofp\libg.a(lib_a-mprec.o)
                0x08008344                __hi0bits
 .text.__lo0bits
                0x08008384       0x58 c:/users/hjs/documents/clionprojects/_tools/gcc-arm-none-eabi/bin/../lib/gcc/arm-none-eabi/10.3.1/../../../../arm-none-eabi/lib/thumb/v7-m/nofp\libg.a(lib_a-mprec.o)
                0x08008384                __lo0bits
 .text.__i2b    0x080083dc       0x5c c:/users/hjs/documents/clionprojects/_tools/gcc-arm-none-eabi/bin/../lib/gcc/arm-none-eabi/10.3.1/../../../../arm-none-eabi/lib/thumb/v7-m/nofp\libg.a(lib_a-mprec.o)
                0x080083dc                __i2b
 .text.__multiply
                0x08008438      0x15c c:/users/hjs/documents/clionprojects/_tools/gcc-arm-none-eabi/bin/../lib/gcc/arm-none-eabi/10.3.1/../../../../arm-none-eabi/lib/thumb/v7-m/nofp\libg.a(lib_a-mprec.o)
                0x08008438                __multiply
 .text.__pow5mult
                0x08008594       0xb8 c:/users/hjs/documents/clionprojects/_tools/gcc-arm-none-eabi/bin/../lib/gcc/arm-none-eabi/10.3.1/../../../../arm-none-eabi/lib/thumb/v7-m/nofp\libg.a(lib_a-mprec.o)
                0x08008594                __pow5mult
 .text.__lshift
                0x0800864c       0xec c:/users/hjs/documents/clionprojects/_tools/gcc-arm-none-eabi/bin/../lib/gcc/arm-none-eabi/10.3.1/../../../../arm-none-eabi/lib/thumb/v7-m/nofp\libg.a(lib_a-mprec.o)
                0x0800864c                __lshift
 .text.__mcmp   0x08008738       0x40 c:/users/hjs/documents/clionprojects/_tools/gcc-arm-none-eabi/bin/../lib/gcc/arm-none-eabi/10.3.1/../../../../arm-none-eabi/lib/thumb/v7-m/nofp\libg.a(lib_a-mprec.o)
                0x08008738                __mcmp
 .text.__mdiff  0x08008778      0x14c c:/users/hjs/documents/clionprojects/_tools/gcc-arm-none-eabi/bin/../lib/gcc/arm-none-eabi/10.3.1/../../../../arm-none-eabi/lib/thumb/v7-m/nofp\libg.a(lib_a-mprec.o)
                0x08008778                __mdiff
 .text.__d2b    0x080088c4       0xc4 c:/users/hjs/documents/clionprojects/_tools/gcc-arm-none-eabi/bin/../lib/gcc/arm-none-eabi/10.3.1/../../../../arm-none-eabi/lib/thumb/v7-m/nofp\libg.a(lib_a-mprec.o)
                0x080088c4                __d2b
 .text._realloc_r
                0x08008988      0x3dc c:/users/hjs/documents/clionprojects/_tools/gcc-arm-none-eabi/bin/../lib/gcc/arm-none-eabi/10.3.1/../../../../arm-none-eabi/lib/thumb/v7-m/nofp\libg.a(lib_a-reallocr.o)
                0x08008988                _realloc_r
 .text.frexp    0x08008d64       0x70 c:/users/hjs/documents/clionprojects/_tools/gcc-arm-none-eabi/bin/../lib/gcc/arm-none-eabi/10.3.1/../../../../arm-none-eabi/lib/thumb/v7-m/nofp\libg.a(lib_a-s_frexp.o)
                0x08008d64                frexp
 .text._sbrk_r  0x08008dd4       0x24 c:/users/hjs/documents/clionprojects/_tools/gcc-arm-none-eabi/bin/../lib/gcc/arm-none-eabi/10.3.1/../../../../arm-none-eabi/lib/thumb/v7-m/nofp\libg.a(lib_a-sbrkr.o)
                0x08008dd4                _sbrk_r
 .text.__sread  0x08008df8       0x24 c:/users/hjs/documents/clionprojects/_tools/gcc-arm-none-eabi/bin/../lib/gcc/arm-none-eabi/10.3.1/../../../../arm-none-eabi/lib/thumb/v7-m/nofp\libg.a(lib_a-stdio.o)
                0x08008df8                __sread
 .text.__swrite
                0x08008e1c       0x40 c:/users/hjs/documents/clionprojects/_tools/gcc-arm-none-eabi/bin/../lib/gcc/arm-none-eabi/10.3.1/../../../../arm-none-eabi/lib/thumb/v7-m/nofp\libg.a(lib_a-stdio.o)
                0x08008e1c                __swrite
 .text.__sseek  0x08008e5c       0x20 c:/users/hjs/documents/clionprojects/_tools/gcc-arm-none-eabi/bin/../lib/gcc/arm-none-eabi/10.3.1/../../../../arm-none-eabi/lib/thumb/v7-m/nofp\libg.a(lib_a-stdio.o)
                0x08008e5c                __sseek
 .text.__sclose
                0x08008e7c        0x8 c:/users/hjs/documents/clionprojects/_tools/gcc-arm-none-eabi/bin/../lib/gcc/arm-none-eabi/10.3.1/../../../../arm-none-eabi/lib/thumb/v7-m/nofp\libg.a(lib_a-stdio.o)
                0x08008e7c                __sclose
 .text.strncpy  0x08008e84       0x68 c:/users/hjs/documents/clionprojects/_tools/gcc-arm-none-eabi/bin/../lib/gcc/arm-none-eabi/10.3.1/../../../../arm-none-eabi/lib/thumb/v7-m/nofp\libg.a(lib_a-strncpy.o)
                0x08008e84                strncpy
 .text.__sprint_r.part.0
                0x08008eec       0x78 c:/users/hjs/documents/clionprojects/_tools/gcc-arm-none-eabi/bin/../lib/gcc/arm-none-eabi/10.3.1/../../../../arm-none-eabi/lib/thumb/v7-m/nofp\libg.a(lib_a-vfiprintf.o)
 .text.__sprint_r
                0x08008f64       0x14 c:/users/hjs/documents/clionprojects/_tools/gcc-arm-none-eabi/bin/../lib/gcc/arm-none-eabi/10.3.1/../../../../arm-none-eabi/lib/thumb/v7-m/nofp\libg.a(lib_a-vfiprintf.o)
                0x08008f64                __sprint_r
 .text._vfiprintf_r
                0x08008f78      0xd98 c:/users/hjs/documents/clionprojects/_tools/gcc-arm-none-eabi/bin/../lib/gcc/arm-none-eabi/10.3.1/../../../../arm-none-eabi/lib/thumb/v7-m/nofp\libg.a(lib_a-vfiprintf.o)
                0x08008f78                _vfiprintf_r
 .text.__sbprintf
                0x08009d10       0x84 c:/users/hjs/documents/clionprojects/_tools/gcc-arm-none-eabi/bin/../lib/gcc/arm-none-eabi/10.3.1/../../../../arm-none-eabi/lib/thumb/v7-m/nofp\libg.a(lib_a-vfiprintf.o)
 .text._write_r
                0x08009d94       0x2c c:/users/hjs/documents/clionprojects/_tools/gcc-arm-none-eabi/bin/../lib/gcc/arm-none-eabi/10.3.1/../../../../arm-none-eabi/lib/thumb/v7-m/nofp\libg.a(lib_a-writer.o)
                0x08009d94                _write_r
 .text.__register_exitproc
                0x08009dc0       0x8c c:/users/hjs/documents/clionprojects/_tools/gcc-arm-none-eabi/bin/../lib/gcc/arm-none-eabi/10.3.1/../../../../arm-none-eabi/lib/thumb/v7-m/nofp\libg.a(lib_a-__atexit.o)
                0x08009dc0                __register_exitproc
 .text.__assert_func
                0x08009e4c       0x40 c:/users/hjs/documents/clionprojects/_tools/gcc-arm-none-eabi/bin/../lib/gcc/arm-none-eabi/10.3.1/../../../../arm-none-eabi/lib/thumb/v7-m/nofp\libg.a(lib_a-assert.o)
                0x08009e4c                __assert_func
 .text._calloc_r
                0x08009e8c       0x78 c:/users/hjs/documents/clionprojects/_tools/gcc-arm-none-eabi/bin/../lib/gcc/arm-none-eabi/10.3.1/../../../../arm-none-eabi/lib/thumb/v7-m/nofp\libg.a(lib_a-callocr.o)
                0x08009e8c                _calloc_r
 .text._close_r
                0x08009f04       0x24 c:/users/hjs/documents/clionprojects/_tools/gcc-arm-none-eabi/bin/../lib/gcc/arm-none-eabi/10.3.1/../../../../arm-none-eabi/lib/thumb/v7-m/nofp\libg.a(lib_a-closer.o)
                0x08009f04                _close_r
 .text._fclose_r
                0x08009f28       0xcc c:/users/hjs/documents/clionprojects/_tools/gcc-arm-none-eabi/bin/../lib/gcc/arm-none-eabi/10.3.1/../../../../arm-none-eabi/lib/thumb/v7-m/nofp\libg.a(lib_a-fclose.o)
                0x08009f28                _fclose_r
 .text.fiprintf
                0x08009ff4       0x28 c:/users/hjs/documents/clionprojects/_tools/gcc-arm-none-eabi/bin/../lib/gcc/arm-none-eabi/10.3.1/../../../../arm-none-eabi/lib/thumb/v7-m/nofp\libg.a(lib_a-fiprintf.o)
                0x08009ff4                fiprintf
 .text.__fputwc
                0x0800a01c       0xa0 c:/users/hjs/documents/clionprojects/_tools/gcc-arm-none-eabi/bin/../lib/gcc/arm-none-eabi/10.3.1/../../../../arm-none-eabi/lib/thumb/v7-m/nofp\libg.a(lib_a-fputwc.o)
                0x0800a01c                __fputwc
 .text._fputwc_r
                0x0800a0bc       0x68 c:/users/hjs/documents/clionprojects/_tools/gcc-arm-none-eabi/bin/../lib/gcc/arm-none-eabi/10.3.1/../../../../arm-none-eabi/lib/thumb/v7-m/nofp\libg.a(lib_a-fputwc.o)
                0x0800a0bc                _fputwc_r
 .text._fstat_r
                0x0800a124       0x28 c:/users/hjs/documents/clionprojects/_tools/gcc-arm-none-eabi/bin/../lib/gcc/arm-none-eabi/10.3.1/../../../../arm-none-eabi/lib/thumb/v7-m/nofp\libg.a(lib_a-fstatr.o)
                0x0800a124                _fstat_r
 .text._isatty_r
                0x0800a14c       0x24 c:/users/hjs/documents/clionprojects/_tools/gcc-arm-none-eabi/bin/../lib/gcc/arm-none-eabi/10.3.1/../../../../arm-none-eabi/lib/thumb/v7-m/nofp\libg.a(lib_a-isattyr.o)
                0x0800a14c                _isatty_r
 .text.__locale_mb_cur_max
                0x0800a170        0xc c:/users/hjs/documents/clionprojects/_tools/gcc-arm-none-eabi/bin/../lib/gcc/arm-none-eabi/10.3.1/../../../../arm-none-eabi/lib/thumb/v7-m/nofp\libg.a(lib_a-locale.o)
                0x0800a170                __locale_mb_cur_max
 .text._lseek_r
                0x0800a17c       0x2c c:/users/hjs/documents/clionprojects/_tools/gcc-arm-none-eabi/bin/../lib/gcc/arm-none-eabi/10.3.1/../../../../arm-none-eabi/lib/thumb/v7-m/nofp\libg.a(lib_a-lseekr.o)
                0x0800a17c                _lseek_r
 .text.__ascii_mbtowc
                0x0800a1a8       0x2c c:/users/hjs/documents/clionprojects/_tools/gcc-arm-none-eabi/bin/../lib/gcc/arm-none-eabi/10.3.1/../../../../arm-none-eabi/lib/thumb/v7-m/nofp\libg.a(lib_a-mbtowc_r.o)
                0x0800a1a8                __ascii_mbtowc
 .text._read_r  0x0800a1d4       0x2c c:/users/hjs/documents/clionprojects/_tools/gcc-arm-none-eabi/bin/../lib/gcc/arm-none-eabi/10.3.1/../../../../arm-none-eabi/lib/thumb/v7-m/nofp\libg.a(lib_a-readr.o)
                0x0800a1d4                _read_r
 .text.__swbuf_r
                0x0800a200       0xb0 c:/users/hjs/documents/clionprojects/_tools/gcc-arm-none-eabi/bin/../lib/gcc/arm-none-eabi/10.3.1/../../../../arm-none-eabi/lib/thumb/v7-m/nofp\libg.a(lib_a-wbuf.o)
                0x0800a200                __swbuf_r
 .text._wcrtomb_r
                0x0800a2b0       0x3c c:/users/hjs/documents/clionprojects/_tools/gcc-arm-none-eabi/bin/../lib/gcc/arm-none-eabi/10.3.1/../../../../arm-none-eabi/lib/thumb/v7-m/nofp\libg.a(lib_a-wcrtomb.o)
                0x0800a2b0                _wcrtomb_r
 .text.__ascii_wctomb
                0x0800a2ec       0x1c c:/users/hjs/documents/clionprojects/_tools/gcc-arm-none-eabi/bin/../lib/gcc/arm-none-eabi/10.3.1/../../../../arm-none-eabi/lib/thumb/v7-m/nofp\libg.a(lib_a-wctomb_r.o)
                0x0800a2ec                __ascii_wctomb
 .text.abort    0x0800a308       0x10 c:/users/hjs/documents/clionprojects/_tools/gcc-arm-none-eabi/bin/../lib/gcc/arm-none-eabi/10.3.1/../../../../arm-none-eabi/lib/thumb/v7-m/nofp\libg.a(lib_a-abort.o)
                0x0800a308                abort
 .text.raise    0x0800a318       0x5c c:/users/hjs/documents/clionprojects/_tools/gcc-arm-none-eabi/bin/../lib/gcc/arm-none-eabi/10.3.1/../../../../arm-none-eabi/lib/thumb/v7-m/nofp\libg.a(lib_a-signal.o)
                0x0800a318                raise
 .text._kill_r  0x0800a374       0x28 c:/users/hjs/documents/clionprojects/_tools/gcc-arm-none-eabi/bin/../lib/gcc/arm-none-eabi/10.3.1/../../../../arm-none-eabi/lib/thumb/v7-m/nofp\libg.a(lib_a-signalr.o)
                0x0800a374                _kill_r
 .text._getpid_r
                0x0800a39c        0x4 c:/users/hjs/documents/clionprojects/_tools/gcc-arm-none-eabi/bin/../lib/gcc/arm-none-eabi/10.3.1/../../../../arm-none-eabi/lib/thumb/v7-m/nofp\libg.a(lib_a-signalr.o)
                0x0800a39c                _getpid_r
 .text.pow      0x0800a3a0       0xdc c:/users/hjs/documents/clionprojects/_tools/gcc-arm-none-eabi/bin/../lib/gcc/arm-none-eabi/10.3.1/../../../../arm-none-eabi/lib/thumb/v7-m/nofp\libm.a(lib_a-w_pow.o)
                0x0800a3a0                pow
 *fill*         0x0800a47c        0x4 
 .text.__ieee754_pow
                0x0800a480      0xb08 c:/users/hjs/documents/clionprojects/_tools/gcc-arm-none-eabi/bin/../lib/gcc/arm-none-eabi/10.3.1/../../../../arm-none-eabi/lib/thumb/v7-m/nofp\libm.a(lib_a-e_pow.o)
                0x0800a480                __ieee754_pow
 .text.__ieee754_sqrt
                0x0800af88      0x18c c:/users/hjs/documents/clionprojects/_tools/gcc-arm-none-eabi/bin/../lib/gcc/arm-none-eabi/10.3.1/../../../../arm-none-eabi/lib/thumb/v7-m/nofp\libm.a(lib_a-e_sqrt.o)
                0x0800af88                __ieee754_sqrt
 .text.with_errno
                0x0800b114       0x18 c:/users/hjs/documents/clionprojects/_tools/gcc-arm-none-eabi/bin/../lib/gcc/arm-none-eabi/10.3.1/../../../../arm-none-eabi/lib/thumb/v7-m/nofp\libm.a(lib_a-math_err.o)
 .text.xflow    0x0800b12c       0x30 c:/users/hjs/documents/clionprojects/_tools/gcc-arm-none-eabi/bin/../lib/gcc/arm-none-eabi/10.3.1/../../../../arm-none-eabi/lib/thumb/v7-m/nofp\libm.a(lib_a-math_err.o)
 .text.__math_uflow
                0x0800b15c        0xc c:/users/hjs/documents/clionprojects/_tools/gcc-arm-none-eabi/bin/../lib/gcc/arm-none-eabi/10.3.1/../../../../arm-none-eabi/lib/thumb/v7-m/nofp\libm.a(lib_a-math_err.o)
                0x0800b15c                __math_uflow
 .text.__math_oflow
                0x0800b168        0xc c:/users/hjs/documents/clionprojects/_tools/gcc-arm-none-eabi/bin/../lib/gcc/arm-none-eabi/10.3.1/../../../../arm-none-eabi/lib/thumb/v7-m/nofp\libm.a(lib_a-math_err.o)
                0x0800b168                __math_oflow
 .text.fabs     0x0800b174        0x8 c:/users/hjs/documents/clionprojects/_tools/gcc-arm-none-eabi/bin/../lib/gcc/arm-none-eabi/10.3.1/../../../../arm-none-eabi/lib/thumb/v7-m/nofp\libm.a(lib_a-s_fabs.o)
                0x0800b174                fabs
 .text.finite   0x0800b17c        0xc c:/users/hjs/documents/clionprojects/_tools/gcc-arm-none-eabi/bin/../lib/gcc/arm-none-eabi/10.3.1/../../../../arm-none-eabi/lib/thumb/v7-m/nofp\libm.a(lib_a-s_finite.o)
                0x0800b17c                finite
 .text.scalbn   0x0800b188       0xfc c:/users/hjs/documents/clionprojects/_tools/gcc-arm-none-eabi/bin/../lib/gcc/arm-none-eabi/10.3.1/../../../../arm-none-eabi/lib/thumb/v7-m/nofp\libm.a(lib_a-s_scalbn.o)
                0x0800b188                scalbn
 *(.glue_7)
 .glue_7        0x0800b284        0x0 linker stubs
 *(.glue_7t)
 .glue_7t       0x0800b284        0x0 linker stubs
 *(.eh_frame)
 .eh_frame      0x0800b284        0x0 c:/users/hjs/documents/clionprojects/_tools/gcc-arm-none-eabi/bin/../lib/gcc/arm-none-eabi/10.3.1/thumb/v7-m/nofp/crtbegin.o
 *(.init)
 .init          0x0800b284        0x4 c:/users/hjs/documents/clionprojects/_tools/gcc-arm-none-eabi/bin/../lib/gcc/arm-none-eabi/10.3.1/thumb/v7-m/nofp/crti.o
                0x0800b284                _init
 .init          0x0800b288        0x8 c:/users/hjs/documents/clionprojects/_tools/gcc-arm-none-eabi/bin/../lib/gcc/arm-none-eabi/10.3.1/thumb/v7-m/nofp/crtn.o
 *(.fini)
 .fini          0x0800b290        0x4 c:/users/hjs/documents/clionprojects/_tools/gcc-arm-none-eabi/bin/../lib/gcc/arm-none-eabi/10.3.1/thumb/v7-m/nofp/crti.o
                0x0800b290                _fini
 .fini          0x0800b294        0x8 c:/users/hjs/documents/clionprojects/_tools/gcc-arm-none-eabi/bin/../lib/gcc/arm-none-eabi/10.3.1/thumb/v7-m/nofp/crtn.o
                0x0800b29c                . = ALIGN (0x4)
                0x0800b29c                _etext = .

.vfp11_veneer   0x0800b29c        0x0
 .vfp11_veneer  0x0800b29c        0x0 linker stubs

.v4_bx          0x0800b29c        0x0
 .v4_bx         0x0800b29c        0x0 linker stubs

.iplt           0x0800b29c        0x0
 .iplt          0x0800b29c        0x0 c:/users/hjs/documents/clionprojects/_tools/gcc-arm-none-eabi/bin/../lib/gcc/arm-none-eabi/10.3.1/thumb/v7-m/nofp/crtbegin.o

.rodata         0x0800b2a0      0x660
                0x0800b2a0                . = ALIGN (0x4)
 *(.rodata)
 *(.rodata*)
 .rodata.main.str1.4
                0x0800b2a0      0x235 CMakeFiles/STC31_Sensor.elf.dir/Core/Src/main.c.obj
 *fill*         0x0800b4d5        0x3 
 .rodata.AHBPrescTable
                0x0800b4d8       0x10 CMakeFiles/STC31_Sensor.elf.dir/Core/Src/system_stm32f1xx.c.obj
                0x0800b4d8                AHBPrescTable
 .rodata.APBPrescTable
                0x0800b4e8        0x8 CMakeFiles/STC31_Sensor.elf.dir/Core/Src/system_stm32f1xx.c.obj
                0x0800b4e8                APBPrescTable
 .rodata.HAL_RCC_GetSysClockFreq.str1.4
                0x0800b4f0       0x11 CMakeFiles/STC31_Sensor.elf.dir/Drivers/STM32F1xx_HAL_Driver/Src/stm32f1xx_hal_rcc.c.obj
 *fill*         0x0800b501        0x3 
 .rodata._global_impure_ptr
                0x0800b504        0x4 c:/users/hjs/documents/clionprojects/_tools/gcc-arm-none-eabi/bin/../lib/gcc/arm-none-eabi/10.3.1/../../../../arm-none-eabi/lib/thumb/v7-m/nofp\libg.a(lib_a-impure.o)
                0x0800b504                _global_impure_ptr
 .rodata._puts_r.str1.4
                0x0800b508       0x11 c:/users/hjs/documents/clionprojects/_tools/gcc-arm-none-eabi/bin/../lib/gcc/arm-none-eabi/10.3.1/../../../../arm-none-eabi/lib/thumb/v7-m/nofp\libg.a(lib_a-puts.o)
                                  0x2 (size before relaxing)
 .rodata._vfprintf_r.str1.4
                0x0800b508       0x42 c:/users/hjs/documents/clionprojects/_tools/gcc-arm-none-eabi/bin/../lib/gcc/arm-none-eabi/10.3.1/../../../../arm-none-eabi/lib/thumb/v7-m/nofp\libg.a(lib_a-vfprintf.o)
 *fill*         0x0800b54a        0x2 
 .rodata.blanks.1
                0x0800b54c       0x10 c:/users/hjs/documents/clionprojects/_tools/gcc-arm-none-eabi/bin/../lib/gcc/arm-none-eabi/10.3.1/../../../../arm-none-eabi/lib/thumb/v7-m/nofp\libg.a(lib_a-vfprintf.o)
 .rodata.zeroes.0
                0x0800b55c       0x10 c:/users/hjs/documents/clionprojects/_tools/gcc-arm-none-eabi/bin/../lib/gcc/arm-none-eabi/10.3.1/../../../../arm-none-eabi/lib/thumb/v7-m/nofp\libg.a(lib_a-vfprintf.o)
 .rodata._dtoa_r.str1.4
                0x0800b56c       0xa2 c:/users/hjs/documents/clionprojects/_tools/gcc-arm-none-eabi/bin/../lib/gcc/arm-none-eabi/10.3.1/../../../../arm-none-eabi/lib/thumb/v7-m/nofp\libg.a(lib_a-dtoa.o)
                                 0xa6 (size before relaxing)
 *fill*         0x0800b60e        0x2 
 .rodata.__multadd.str1.4
                0x0800b610       0x7f c:/users/hjs/documents/clionprojects/_tools/gcc-arm-none-eabi/bin/../lib/gcc/arm-none-eabi/10.3.1/../../../../arm-none-eabi/lib/thumb/v7-m/nofp\libg.a(lib_a-mprec.o)
                                 0x93 (size before relaxing)
 *fill*         0x0800b68f        0x1 
 .rodata.__mprec_bigtens
                0x0800b690       0x28 c:/users/hjs/documents/clionprojects/_tools/gcc-arm-none-eabi/bin/../lib/gcc/arm-none-eabi/10.3.1/../../../../arm-none-eabi/lib/thumb/v7-m/nofp\libg.a(lib_a-mprec.o)
                0x0800b690                __mprec_bigtens
 .rodata.__mprec_tens
                0x0800b6b8       0xc8 c:/users/hjs/documents/clionprojects/_tools/gcc-arm-none-eabi/bin/../lib/gcc/arm-none-eabi/10.3.1/../../../../arm-none-eabi/lib/thumb/v7-m/nofp\libg.a(lib_a-mprec.o)
                0x0800b6b8                __mprec_tens
 .rodata.p05.0  0x0800b780        0xc c:/users/hjs/documents/clionprojects/_tools/gcc-arm-none-eabi/bin/../lib/gcc/arm-none-eabi/10.3.1/../../../../arm-none-eabi/lib/thumb/v7-m/nofp\libg.a(lib_a-mprec.o)
 .rodata._vfiprintf_r.str1.4
                0x0800b78c       0x2f c:/users/hjs/documents/clionprojects/_tools/gcc-arm-none-eabi/bin/../lib/gcc/arm-none-eabi/10.3.1/../../../../arm-none-eabi/lib/thumb/v7-m/nofp\libg.a(lib_a-vfiprintf.o)
 .rodata.blanks.1
                0x0800b78c       0x10 c:/users/hjs/documents/clionprojects/_tools/gcc-arm-none-eabi/bin/../lib/gcc/arm-none-eabi/10.3.1/../../../../arm-none-eabi/lib/thumb/v7-m/nofp\libg.a(lib_a-vfiprintf.o)
 .rodata.zeroes.0
                0x0800b79c       0x10 c:/users/hjs/documents/clionprojects/_tools/gcc-arm-none-eabi/bin/../lib/gcc/arm-none-eabi/10.3.1/../../../../arm-none-eabi/lib/thumb/v7-m/nofp\libg.a(lib_a-vfiprintf.o)
 .rodata.__assert_func.str1.4
                0x0800b7ac       0x3f c:/users/hjs/documents/clionprojects/_tools/gcc-arm-none-eabi/bin/../lib/gcc/arm-none-eabi/10.3.1/../../../../arm-none-eabi/lib/thumb/v7-m/nofp\libg.a(lib_a-assert.o)
                                 0x43 (size before relaxing)
 *fill*         0x0800b7eb        0x1 
 .rodata._setlocale_r.str1.4
                0x0800b7ec        0xa c:/users/hjs/documents/clionprojects/_tools/gcc-arm-none-eabi/bin/../lib/gcc/arm-none-eabi/10.3.1/../../../../arm-none-eabi/lib/thumb/v7-m/nofp\libg.a(lib_a-locale.o)
                                  0xd (size before relaxing)
 *fill*         0x0800b7f6        0x2 
 .rodata.str1.4
                0x0800b7f8        0x2 c:/users/hjs/documents/clionprojects/_tools/gcc-arm-none-eabi/bin/../lib/gcc/arm-none-eabi/10.3.1/../../../../arm-none-eabi/lib/thumb/v7-m/nofp\libg.a(lib_a-locale.o)
 *fill*         0x0800b7fa        0x2 
 .rodata._ctype_
                0x0800b7fc      0x101 c:/users/hjs/documents/clionprojects/_tools/gcc-arm-none-eabi/bin/../lib/gcc/arm-none-eabi/10.3.1/../../../../arm-none-eabi/lib/thumb/v7-m/nofp\libg.a(lib_a-ctype_.o)
                0x0800b7fc                _ctype_
                0x0800b900                . = ALIGN (0x4)
 *fill*         0x0800b8fd        0x3 

.ARM.extab
 *(.ARM.extab* .gnu.linkonce.armextab.*)

.ARM            0x0800b900        0x8
                0x0800b900                __exidx_start = .
 *(.ARM.exidx*)
 .ARM.exidx     0x0800b900        0x8 c:/users/hjs/documents/clionprojects/_tools/gcc-arm-none-eabi/bin/../lib/gcc/arm-none-eabi/10.3.1/thumb/v7-m/nofp\libgcc.a(_udivmoddi4.o)
                0x0800b908                __exidx_end = .

.rel.dyn        0x0800b908        0x0
 .rel.iplt      0x0800b908        0x0 c:/users/hjs/documents/clionprojects/_tools/gcc-arm-none-eabi/bin/../lib/gcc/arm-none-eabi/10.3.1/thumb/v7-m/nofp/crtbegin.o

.preinit_array  0x0800b908        0x0
                0x0800b908                PROVIDE (__preinit_array_start = .)
 *(.preinit_array*)
                0x0800b908                PROVIDE (__preinit_array_end = .)

.init_array     0x0800b908        0x8
                0x0800b908                PROVIDE (__init_array_start = .)
 *(SORT_BY_NAME(.init_array.*))
 .init_array.00000
                0x0800b908        0x4 c:/users/hjs/documents/clionprojects/_tools/gcc-arm-none-eabi/bin/../lib/gcc/arm-none-eabi/10.3.1/../../../../arm-none-eabi/lib/thumb/v7-m/nofp\libg.a(lib_a-__call_atexit.o)
 *(.init_array*)
 .init_array    0x0800b90c        0x4 c:/users/hjs/documents/clionprojects/_tools/gcc-arm-none-eabi/bin/../lib/gcc/arm-none-eabi/10.3.1/thumb/v7-m/nofp/crtbegin.o
                0x0800b910                PROVIDE (__init_array_end = .)

.fini_array     0x0800b910        0x4
                0x0800b910                PROVIDE (__fini_array_start = .)
 *(SORT_BY_NAME(.fini_array.*))
 *(.fini_array*)
 .fini_array    0x0800b910        0x4 c:/users/hjs/documents/clionprojects/_tools/gcc-arm-none-eabi/bin/../lib/gcc/arm-none-eabi/10.3.1/thumb/v7-m/nofp/crtbegin.o
                0x0800b914                PROVIDE (__fini_array_end = .)
                0x0800b914                _sidata = LOADADDR (.data)

.data           0x20000000      0x9c0 load address 0x0800b914
                0x20000000                . = ALIGN (0x4)
                0x20000000                _sdata = .
 *(.data)
 *(.data*)
 .data.sht4x_cmd_measure
                0x20000000        0x1 CMakeFiles/STC31_Sensor.elf.dir/Core/Src/sht4x.c.obj
 *fill*         0x20000001        0x1 
 .data.sht4x_cmd_measure_delay_us
                0x20000002        0x2 CMakeFiles/STC31_Sensor.elf.dir/Core/Src/sht4x.c.obj
 .data.SystemCoreClock
                0x20000004        0x4 CMakeFiles/STC31_Sensor.elf.dir/Core/Src/system_stm32f1xx.c.obj
                0x20000004                SystemCoreClock
 .data.uwTickFreq
                0x20000008        0x1 CMakeFiles/STC31_Sensor.elf.dir/Drivers/STM32F1xx_HAL_Driver/Src/stm32f1xx_hal.c.obj
                0x20000008                uwTickFreq
 *fill*         0x20000009        0x3 
 .data.uwTickPrio
                0x2000000c        0x4 CMakeFiles/STC31_Sensor.elf.dir/Drivers/STM32F1xx_HAL_Driver/Src/stm32f1xx_hal.c.obj
                0x2000000c                uwTickPrio
 .data._impure_ptr
                0x20000010        0x4 c:/users/hjs/documents/clionprojects/_tools/gcc-arm-none-eabi/bin/../lib/gcc/arm-none-eabi/10.3.1/../../../../arm-none-eabi/lib/thumb/v7-m/nofp\libg.a(lib_a-impure.o)
                0x20000010                _impure_ptr
 *fill*         0x20000014        0x4 
 .data.impure_data
                0x20000018      0x428 c:/users/hjs/documents/clionprojects/_tools/gcc-arm-none-eabi/bin/../lib/gcc/arm-none-eabi/10.3.1/../../../../arm-none-eabi/lib/thumb/v7-m/nofp\libg.a(lib_a-impure.o)
 .data.__atexit_recursive_mutex
                0x20000440        0x4 c:/users/hjs/documents/clionprojects/_tools/gcc-arm-none-eabi/bin/../lib/gcc/arm-none-eabi/10.3.1/../../../../arm-none-eabi/lib/thumb/v7-m/nofp\libg.a(lib_a-__call_atexit.o)
                0x20000440                __atexit_recursive_mutex
 .data.__malloc_av_
                0x20000444      0x408 c:/users/hjs/documents/clionprojects/_tools/gcc-arm-none-eabi/bin/../lib/gcc/arm-none-eabi/10.3.1/../../../../arm-none-eabi/lib/thumb/v7-m/nofp\libg.a(lib_a-mallocr.o)
                0x20000444                __malloc_av_
 .data.__malloc_sbrk_base
                0x2000084c        0x4 c:/users/hjs/documents/clionprojects/_tools/gcc-arm-none-eabi/bin/../lib/gcc/arm-none-eabi/10.3.1/../../../../arm-none-eabi/lib/thumb/v7-m/nofp\libg.a(lib_a-mallocr.o)
                0x2000084c                __malloc_sbrk_base
 .data.__malloc_trim_threshold
                0x20000850        0x4 c:/users/hjs/documents/clionprojects/_tools/gcc-arm-none-eabi/bin/../lib/gcc/arm-none-eabi/10.3.1/../../../../arm-none-eabi/lib/thumb/v7-m/nofp\libg.a(lib_a-mallocr.o)
                0x20000850                __malloc_trim_threshold
 .data.__global_locale
                0x20000854      0x16c c:/users/hjs/documents/clionprojects/_tools/gcc-arm-none-eabi/bin/../lib/gcc/arm-none-eabi/10.3.1/../../../../arm-none-eabi/lib/thumb/v7-m/nofp\libg.a(lib_a-locale.o)
                0x20000854                __global_locale
                0x200009c0                . = ALIGN (0x4)
                0x200009c0                _edata = .

.igot.plt       0x200009c0        0x0 load address 0x0800c2d4
 .igot.plt      0x200009c0        0x0 c:/users/hjs/documents/clionprojects/_tools/gcc-arm-none-eabi/bin/../lib/gcc/arm-none-eabi/10.3.1/thumb/v7-m/nofp/crtbegin.o
                0x200009c0                . = ALIGN (0x4)

.bss            0x200009c0      0x1e8 load address 0x0800c2d4
                0x200009c0                _sbss = .
                0x200009c0                __bss_start__ = _sbss
 *(.bss)
 .bss           0x200009c0       0x1c c:/users/hjs/documents/clionprojects/_tools/gcc-arm-none-eabi/bin/../lib/gcc/arm-none-eabi/10.3.1/thumb/v7-m/nofp/crtbegin.o
 *(.bss*)
 .bss.gsstBMP388AvgFilter
                0x200009dc       0x6c CMakeFiles/STC31_Sensor.elf.dir/Core/Src/bmp388.c.obj
 .bss.gsstCali  0x20000a48       0x20 CMakeFiles/STC31_Sensor.elf.dir/Core/Src/bmp388.c.obj
 .bss.hi2c2     0x20000a68       0x54 CMakeFiles/STC31_Sensor.elf.dir/Core/Src/i2c.c.obj
                0x20000a68                hi2c2
 .bss.bmp388Type
                0x20000abc        0x1 CMakeFiles/STC31_Sensor.elf.dir/Core/Src/main.c.obj
                0x20000abc                bmp388Type
 *fill*         0x20000abd        0x3 
 .bss.hi2c2     0x20000ac0       0x54 CMakeFiles/STC31_Sensor.elf.dir/Core/Src/sensirion_i2c_hal.c.obj
 .bss.heap_end.0
                0x20000b14        0x4 CMakeFiles/STC31_Sensor.elf.dir/Core/Src/syscalls.c.obj
 .bss.huart2    0x20000b18       0x44 CMakeFiles/STC31_Sensor.elf.dir/Core/Src/usart.c.obj
                0x20000b18                huart2
 .bss.uwTick    0x20000b5c        0x4 CMakeFiles/STC31_Sensor.elf.dir/Drivers/STM32F1xx_HAL_Driver/Src/stm32f1xx_hal.c.obj
                0x20000b5c                uwTick
 .bss.__lock___atexit_recursive_mutex
                0x20000b60        0x1 c:/users/hjs/documents/clionprojects/_tools/gcc-arm-none-eabi/bin/../lib/gcc/arm-none-eabi/10.3.1/../../../../arm-none-eabi/lib/thumb/v7-m/nofp\libg.a(lib_a-lock.o)
                0x20000b60                __lock___atexit_recursive_mutex
 *fill*         0x20000b61        0x3 
 .bss.__lock___malloc_recursive_mutex
                0x20000b64        0x1 c:/users/hjs/documents/clionprojects/_tools/gcc-arm-none-eabi/bin/../lib/gcc/arm-none-eabi/10.3.1/../../../../arm-none-eabi/lib/thumb/v7-m/nofp\libg.a(lib_a-lock.o)
                0x20000b64                __lock___malloc_recursive_mutex
 *fill*         0x20000b65        0x3 
 .bss.__lock___sfp_recursive_mutex
                0x20000b68        0x1 c:/users/hjs/documents/clionprojects/_tools/gcc-arm-none-eabi/bin/../lib/gcc/arm-none-eabi/10.3.1/../../../../arm-none-eabi/lib/thumb/v7-m/nofp\libg.a(lib_a-lock.o)
                0x20000b68                __lock___sfp_recursive_mutex
 *fill*         0x20000b69        0x3 
 .bss.__lock___sinit_recursive_mutex
                0x20000b6c        0x1 c:/users/hjs/documents/clionprojects/_tools/gcc-arm-none-eabi/bin/../lib/gcc/arm-none-eabi/10.3.1/../../../../arm-none-eabi/lib/thumb/v7-m/nofp\libg.a(lib_a-lock.o)
                0x20000b6c                __lock___sinit_recursive_mutex
 *fill*         0x20000b6d        0x3 
 .bss.__malloc_current_mallinfo
                0x20000b70       0x28 c:/users/hjs/documents/clionprojects/_tools/gcc-arm-none-eabi/bin/../lib/gcc/arm-none-eabi/10.3.1/../../../../arm-none-eabi/lib/thumb/v7-m/nofp\libg.a(lib_a-mallocr.o)
                0x20000b70                __malloc_current_mallinfo
 .bss.__malloc_max_sbrked_mem
                0x20000b98        0x4 c:/users/hjs/documents/clionprojects/_tools/gcc-arm-none-eabi/bin/../lib/gcc/arm-none-eabi/10.3.1/../../../../arm-none-eabi/lib/thumb/v7-m/nofp\libg.a(lib_a-mallocr.o)
                0x20000b98                __malloc_max_sbrked_mem
 .bss.__malloc_max_total_mem
                0x20000b9c        0x4 c:/users/hjs/documents/clionprojects/_tools/gcc-arm-none-eabi/bin/../lib/gcc/arm-none-eabi/10.3.1/../../../../arm-none-eabi/lib/thumb/v7-m/nofp\libg.a(lib_a-mallocr.o)
                0x20000b9c                __malloc_max_total_mem
 .bss.__malloc_top_pad
                0x20000ba0        0x4 c:/users/hjs/documents/clionprojects/_tools/gcc-arm-none-eabi/bin/../lib/gcc/arm-none-eabi/10.3.1/../../../../arm-none-eabi/lib/thumb/v7-m/nofp\libg.a(lib_a-mallocr.o)
                0x20000ba0                __malloc_top_pad
 .bss.errno     0x20000ba4        0x4 c:/users/hjs/documents/clionprojects/_tools/gcc-arm-none-eabi/bin/../lib/gcc/arm-none-eabi/10.3.1/../../../../arm-none-eabi/lib/thumb/v7-m/nofp\libg.a(lib_a-reent.o)
                0x20000ba4                errno
 *(COMMON)
                0x20000ba8                . = ALIGN (0x4)
                0x20000ba8                _ebss = .
                0x20000ba8                __bss_end__ = _ebss

._user_heap_stack
                0x20000ba8      0x600 load address 0x0800c2d4
                0x20000ba8                . = ALIGN (0x8)
                0x20000ba8                PROVIDE (end = .)
                [!provide]                PROVIDE (_end = .)
                0x20000da8                . = (. + _Min_Heap_Size)
 *fill*         0x20000ba8      0x200 
                0x200011a8                . = (. + _Min_Stack_Size)
 *fill*         0x20000da8      0x400 
                0x200011a8                . = ALIGN (0x8)

/DISCARD/
 libc.a(*)
 libm.a(*)
 libgcc.a(*)

.ARM.attributes
                0x00000000       0x29
 *(.ARM.attributes)
 .ARM.attributes
                0x00000000       0x1d c:/users/hjs/documents/clionprojects/_tools/gcc-arm-none-eabi/bin/../lib/gcc/arm-none-eabi/10.3.1/thumb/v7-m/nofp/crti.o
 .ARM.attributes
                0x0000001d       0x2d c:/users/hjs/documents/clionprojects/_tools/gcc-arm-none-eabi/bin/../lib/gcc/arm-none-eabi/10.3.1/thumb/v7-m/nofp/crtbegin.o
 .ARM.attributes
                0x0000004a       0x2d CMakeFiles/STC31_Sensor.elf.dir/Core/Src/bmp388.c.obj
 .ARM.attributes
                0x00000077       0x2d CMakeFiles/STC31_Sensor.elf.dir/Core/Src/gpio.c.obj
 .ARM.attributes
                0x000000a4       0x2d CMakeFiles/STC31_Sensor.elf.dir/Core/Src/i2c.c.obj
 .ARM.attributes
                0x000000d1       0x2d CMakeFiles/STC31_Sensor.elf.dir/Core/Src/main.c.obj
 .ARM.attributes
                0x000000fe       0x2d CMakeFiles/STC31_Sensor.elf.dir/Core/Src/sensirion_common.c.obj
 .ARM.attributes
                0x0000012b       0x2d CMakeFiles/STC31_Sensor.elf.dir/Core/Src/sensirion_i2c.c.obj
 .ARM.attributes
                0x00000158       0x2d CMakeFiles/STC31_Sensor.elf.dir/Core/Src/sensirion_i2c_hal.c.obj
 .ARM.attributes
                0x00000185       0x2d CMakeFiles/STC31_Sensor.elf.dir/Core/Src/sht4x.c.obj
 .ARM.attributes
                0x000001b2       0x2d CMakeFiles/STC31_Sensor.elf.dir/Core/Src/stc3x_i2c.c.obj
 .ARM.attributes
                0x000001df       0x2d CMakeFiles/STC31_Sensor.elf.dir/Core/Src/stm32f1xx_hal_msp.c.obj
 .ARM.attributes
                0x0000020c       0x2d CMakeFiles/STC31_Sensor.elf.dir/Core/Src/stm32f1xx_it.c.obj
 .ARM.attributes
                0x00000239       0x2d CMakeFiles/STC31_Sensor.elf.dir/Core/Src/syscalls.c.obj
 .ARM.attributes
                0x00000266       0x2d CMakeFiles/STC31_Sensor.elf.dir/Core/Src/system_stm32f1xx.c.obj
 .ARM.attributes
                0x00000293       0x2d CMakeFiles/STC31_Sensor.elf.dir/Core/Src/usart.c.obj
 .ARM.attributes
                0x000002c0       0x2d CMakeFiles/STC31_Sensor.elf.dir/Drivers/STM32F1xx_HAL_Driver/Src/stm32f1xx_hal.c.obj
 .ARM.attributes
                0x000002ed       0x2d CMakeFiles/STC31_Sensor.elf.dir/Drivers/STM32F1xx_HAL_Driver/Src/stm32f1xx_hal_cortex.c.obj
 .ARM.attributes
                0x0000031a       0x2d CMakeFiles/STC31_Sensor.elf.dir/Drivers/STM32F1xx_HAL_Driver/Src/stm32f1xx_hal_gpio.c.obj
 .ARM.attributes
                0x00000347       0x2d CMakeFiles/STC31_Sensor.elf.dir/Drivers/STM32F1xx_HAL_Driver/Src/stm32f1xx_hal_i2c.c.obj
 .ARM.attributes
                0x00000374       0x2d CMakeFiles/STC31_Sensor.elf.dir/Drivers/STM32F1xx_HAL_Driver/Src/stm32f1xx_hal_rcc.c.obj
 .ARM.attributes
                0x000003a1       0x2d CMakeFiles/STC31_Sensor.elf.dir/Drivers/STM32F1xx_HAL_Driver/Src/stm32f1xx_hal_uart.c.obj
 .ARM.attributes
                0x000003ce       0x21 CMakeFiles/STC31_Sensor.elf.dir/startup/startup_stm32f103xb.s.obj
 .ARM.attributes
                0x000003ef       0x1d c:/users/hjs/documents/clionprojects/_tools/gcc-arm-none-eabi/bin/../lib/gcc/arm-none-eabi/10.3.1/thumb/v7-m/nofp\libgcc.a(_arm_addsubdf3.o)
 .ARM.attributes
                0x0000040c       0x1d c:/users/hjs/documents/clionprojects/_tools/gcc-arm-none-eabi/bin/../lib/gcc/arm-none-eabi/10.3.1/thumb/v7-m/nofp\libgcc.a(_arm_fixdfsi.o)
 .ARM.attributes
                0x00000429       0x1d c:/users/hjs/documents/clionprojects/_tools/gcc-arm-none-eabi/bin/../lib/gcc/arm-none-eabi/10.3.1/thumb/v7-m/nofp\libgcc.a(_arm_truncdfsf2.o)
 .ARM.attributes
                0x00000446       0x1d c:/users/hjs/documents/clionprojects/_tools/gcc-arm-none-eabi/bin/../lib/gcc/arm-none-eabi/10.3.1/thumb/v7-m/nofp\libgcc.a(_arm_addsubsf3.o)
 .ARM.attributes
                0x00000463       0x1d c:/users/hjs/documents/clionprojects/_tools/gcc-arm-none-eabi/bin/../lib/gcc/arm-none-eabi/10.3.1/thumb/v7-m/nofp\libgcc.a(_arm_muldivsf3.o)
 .ARM.attributes
                0x00000480       0x1d c:/users/hjs/documents/clionprojects/_tools/gcc-arm-none-eabi/bin/../lib/gcc/arm-none-eabi/10.3.1/thumb/v7-m/nofp\libgcc.a(_arm_fixunssfsi.o)
 .ARM.attributes
                0x0000049d       0x2d c:/users/hjs/documents/clionprojects/_tools/gcc-arm-none-eabi/bin/../lib/gcc/arm-none-eabi/10.3.1/../../../../arm-none-eabi/lib/thumb/v7-m/nofp\libg.a(lib_a-errno.o)
 .ARM.attributes
                0x000004ca       0x2d c:/users/hjs/documents/clionprojects/_tools/gcc-arm-none-eabi/bin/../lib/gcc/arm-none-eabi/10.3.1/../../../../arm-none-eabi/lib/thumb/v7-m/nofp\libg.a(lib_a-impure.o)
 .ARM.attributes
                0x000004f7       0x2d c:/users/hjs/documents/clionprojects/_tools/gcc-arm-none-eabi/bin/../lib/gcc/arm-none-eabi/10.3.1/../../../../arm-none-eabi/lib/thumb/v7-m/nofp\libg.a(lib_a-init.o)
 .ARM.attributes
                0x00000524       0x1b c:/users/hjs/documents/clionprojects/_tools/gcc-arm-none-eabi/bin/../lib/gcc/arm-none-eabi/10.3.1/../../../../arm-none-eabi/lib/thumb/v7-m/nofp\libg.a(lib_a-memcpy.o)
 .ARM.attributes
                0x0000053f       0x2d c:/users/hjs/documents/clionprojects/_tools/gcc-arm-none-eabi/bin/../lib/gcc/arm-none-eabi/10.3.1/../../../../arm-none-eabi/lib/thumb/v7-m/nofp\libg.a(lib_a-memset.o)
 .ARM.attributes
                0x0000056c       0x2d c:/users/hjs/documents/clionprojects/_tools/gcc-arm-none-eabi/bin/../lib/gcc/arm-none-eabi/10.3.1/../../../../arm-none-eabi/lib/thumb/v7-m/nofp\libg.a(lib_a-printf.o)
 .ARM.attributes
                0x00000599       0x2d c:/users/hjs/documents/clionprojects/_tools/gcc-arm-none-eabi/bin/../lib/gcc/arm-none-eabi/10.3.1/../../../../arm-none-eabi/lib/thumb/v7-m/nofp\libg.a(lib_a-puts.o)
 .ARM.attributes
                0x000005c6       0x2d c:/users/hjs/documents/clionprojects/_tools/gcc-arm-none-eabi/bin/../lib/gcc/arm-none-eabi/10.3.1/../../../../arm-none-eabi/lib/thumb/v7-m/nofp\libg.a(lib_a-strlen-stub.o)
 .ARM.attributes
                0x000005f3       0x2d c:/users/hjs/documents/clionprojects/_tools/gcc-arm-none-eabi/bin/../lib/gcc/arm-none-eabi/10.3.1/../../../../arm-none-eabi/lib/thumb/v7-m/nofp\libg.a(lib_a-vfprintf.o)
 .ARM.attributes
                0x00000620       0x2d c:/users/hjs/documents/clionprojects/_tools/gcc-arm-none-eabi/bin/../lib/gcc/arm-none-eabi/10.3.1/../../../../arm-none-eabi/lib/thumb/v7-m/nofp\libg.a(lib_a-wsetup.o)
 .ARM.attributes
                0x0000064d       0x2d c:/users/hjs/documents/clionprojects/_tools/gcc-arm-none-eabi/bin/../lib/gcc/arm-none-eabi/10.3.1/../../../../arm-none-eabi/lib/thumb/v7-m/nofp\libg.a(lib_a-__call_atexit.o)
 .ARM.attributes
                0x0000067a       0x2d c:/users/hjs/documents/clionprojects/_tools/gcc-arm-none-eabi/bin/../lib/gcc/arm-none-eabi/10.3.1/../../../../arm-none-eabi/lib/thumb/v7-m/nofp\libg.a(lib_a-atexit.o)
 .ARM.attributes
                0x000006a7       0x2d c:/users/hjs/documents/clionprojects/_tools/gcc-arm-none-eabi/bin/../lib/gcc/arm-none-eabi/10.3.1/../../../../arm-none-eabi/lib/thumb/v7-m/nofp\libg.a(lib_a-dtoa.o)
 .ARM.attributes
                0x000006d4       0x2d c:/users/hjs/documents/clionprojects/_tools/gcc-arm-none-eabi/bin/../lib/gcc/arm-none-eabi/10.3.1/../../../../arm-none-eabi/lib/thumb/v7-m/nofp\libg.a(lib_a-fflush.o)
 .ARM.attributes
                0x00000701       0x2d c:/users/hjs/documents/clionprojects/_tools/gcc-arm-none-eabi/bin/../lib/gcc/arm-none-eabi/10.3.1/../../../../arm-none-eabi/lib/thumb/v7-m/nofp\libg.a(lib_a-findfp.o)
 .ARM.attributes
                0x0000072e       0x2d c:/users/hjs/documents/clionprojects/_tools/gcc-arm-none-eabi/bin/../lib/gcc/arm-none-eabi/10.3.1/../../../../arm-none-eabi/lib/thumb/v7-m/nofp\libg.a(lib_a-fini.o)
 .ARM.attributes
                0x0000075b       0x2d c:/users/hjs/documents/clionprojects/_tools/gcc-arm-none-eabi/bin/../lib/gcc/arm-none-eabi/10.3.1/../../../../arm-none-eabi/lib/thumb/v7-m/nofp\libg.a(lib_a-freer.o)
 .ARM.attributes
                0x00000788       0x2d c:/users/hjs/documents/clionprojects/_tools/gcc-arm-none-eabi/bin/../lib/gcc/arm-none-eabi/10.3.1/../../../../arm-none-eabi/lib/thumb/v7-m/nofp\libg.a(lib_a-fvwrite.o)
 .ARM.attributes
                0x000007b5       0x2d c:/users/hjs/documents/clionprojects/_tools/gcc-arm-none-eabi/bin/../lib/gcc/arm-none-eabi/10.3.1/../../../../arm-none-eabi/lib/thumb/v7-m/nofp\libg.a(lib_a-fwalk.o)
 .ARM.attributes
                0x000007e2       0x2d c:/users/hjs/documents/clionprojects/_tools/gcc-arm-none-eabi/bin/../lib/gcc/arm-none-eabi/10.3.1/../../../../arm-none-eabi/lib/thumb/v7-m/nofp\libg.a(lib_a-localeconv.o)
 .ARM.attributes
                0x0000080f       0x2d c:/users/hjs/documents/clionprojects/_tools/gcc-arm-none-eabi/bin/../lib/gcc/arm-none-eabi/10.3.1/../../../../arm-none-eabi/lib/thumb/v7-m/nofp\libg.a(lib_a-lock.o)
 .ARM.attributes
                0x0000083c       0x2d c:/users/hjs/documents/clionprojects/_tools/gcc-arm-none-eabi/bin/../lib/gcc/arm-none-eabi/10.3.1/../../../../arm-none-eabi/lib/thumb/v7-m/nofp\libg.a(lib_a-makebuf.o)
 .ARM.attributes
                0x00000869       0x2d c:/users/hjs/documents/clionprojects/_tools/gcc-arm-none-eabi/bin/../lib/gcc/arm-none-eabi/10.3.1/../../../../arm-none-eabi/lib/thumb/v7-m/nofp\libg.a(lib_a-mallocr.o)
 .ARM.attributes
                0x00000896       0x2d c:/users/hjs/documents/clionprojects/_tools/gcc-arm-none-eabi/bin/../lib/gcc/arm-none-eabi/10.3.1/../../../../arm-none-eabi/lib/thumb/v7-m/nofp\libg.a(lib_a-memchr-stub.o)
 .ARM.attributes
                0x000008c3       0x2d c:/users/hjs/documents/clionprojects/_tools/gcc-arm-none-eabi/bin/../lib/gcc/arm-none-eabi/10.3.1/../../../../arm-none-eabi/lib/thumb/v7-m/nofp\libg.a(lib_a-memmove.o)
 .ARM.attributes
                0x000008f0       0x2d c:/users/hjs/documents/clionprojects/_tools/gcc-arm-none-eabi/bin/../lib/gcc/arm-none-eabi/10.3.1/../../../../arm-none-eabi/lib/thumb/v7-m/nofp\libg.a(lib_a-mlock.o)
 .ARM.attributes
                0x0000091d       0x2d c:/users/hjs/documents/clionprojects/_tools/gcc-arm-none-eabi/bin/../lib/gcc/arm-none-eabi/10.3.1/../../../../arm-none-eabi/lib/thumb/v7-m/nofp\libg.a(lib_a-mprec.o)
 .ARM.attributes
                0x0000094a       0x2d c:/users/hjs/documents/clionprojects/_tools/gcc-arm-none-eabi/bin/../lib/gcc/arm-none-eabi/10.3.1/../../../../arm-none-eabi/lib/thumb/v7-m/nofp\libg.a(lib_a-reallocr.o)
 .ARM.attributes
                0x00000977       0x2d c:/users/hjs/documents/clionprojects/_tools/gcc-arm-none-eabi/bin/../lib/gcc/arm-none-eabi/10.3.1/../../../../arm-none-eabi/lib/thumb/v7-m/nofp\libg.a(lib_a-s_frexp.o)
 .ARM.attributes
                0x000009a4       0x2d c:/users/hjs/documents/clionprojects/_tools/gcc-arm-none-eabi/bin/../lib/gcc/arm-none-eabi/10.3.1/../../../../arm-none-eabi/lib/thumb/v7-m/nofp\libg.a(lib_a-sbrkr.o)
 .ARM.attributes
                0x000009d1       0x2d c:/users/hjs/documents/clionprojects/_tools/gcc-arm-none-eabi/bin/../lib/gcc/arm-none-eabi/10.3.1/../../../../arm-none-eabi/lib/thumb/v7-m/nofp\libg.a(lib_a-stdio.o)
 .ARM.attributes
                0x000009fe       0x2d c:/users/hjs/documents/clionprojects/_tools/gcc-arm-none-eabi/bin/../lib/gcc/arm-none-eabi/10.3.1/../../../../arm-none-eabi/lib/thumb/v7-m/nofp\libg.a(lib_a-strncpy.o)
 .ARM.attributes
                0x00000a2b       0x2d c:/users/hjs/documents/clionprojects/_tools/gcc-arm-none-eabi/bin/../lib/gcc/arm-none-eabi/10.3.1/../../../../arm-none-eabi/lib/thumb/v7-m/nofp\libg.a(lib_a-vfiprintf.o)
 .ARM.attributes
                0x00000a58       0x2d c:/users/hjs/documents/clionprojects/_tools/gcc-arm-none-eabi/bin/../lib/gcc/arm-none-eabi/10.3.1/../../../../arm-none-eabi/lib/thumb/v7-m/nofp\libg.a(lib_a-writer.o)
 .ARM.attributes
                0x00000a85       0x2d c:/users/hjs/documents/clionprojects/_tools/gcc-arm-none-eabi/bin/../lib/gcc/arm-none-eabi/10.3.1/../../../../arm-none-eabi/lib/thumb/v7-m/nofp\libg.a(lib_a-__atexit.o)
 .ARM.attributes
                0x00000ab2       0x2d c:/users/hjs/documents/clionprojects/_tools/gcc-arm-none-eabi/bin/../lib/gcc/arm-none-eabi/10.3.1/../../../../arm-none-eabi/lib/thumb/v7-m/nofp\libg.a(lib_a-assert.o)
 .ARM.attributes
                0x00000adf       0x2d c:/users/hjs/documents/clionprojects/_tools/gcc-arm-none-eabi/bin/../lib/gcc/arm-none-eabi/10.3.1/../../../../arm-none-eabi/lib/thumb/v7-m/nofp\libg.a(lib_a-callocr.o)
 .ARM.attributes
                0x00000b0c       0x2d c:/users/hjs/documents/clionprojects/_tools/gcc-arm-none-eabi/bin/../lib/gcc/arm-none-eabi/10.3.1/../../../../arm-none-eabi/lib/thumb/v7-m/nofp\libg.a(lib_a-closer.o)
 .ARM.attributes
                0x00000b39       0x2d c:/users/hjs/documents/clionprojects/_tools/gcc-arm-none-eabi/bin/../lib/gcc/arm-none-eabi/10.3.1/../../../../arm-none-eabi/lib/thumb/v7-m/nofp\libg.a(lib_a-fclose.o)
 .ARM.attributes
                0x00000b66       0x2d c:/users/hjs/documents/clionprojects/_tools/gcc-arm-none-eabi/bin/../lib/gcc/arm-none-eabi/10.3.1/../../../../arm-none-eabi/lib/thumb/v7-m/nofp\libg.a(lib_a-fiprintf.o)
 .ARM.attributes
                0x00000b93       0x2d c:/users/hjs/documents/clionprojects/_tools/gcc-arm-none-eabi/bin/../lib/gcc/arm-none-eabi/10.3.1/../../../../arm-none-eabi/lib/thumb/v7-m/nofp\libg.a(lib_a-fputwc.o)
 .ARM.attributes
                0x00000bc0       0x2d c:/users/hjs/documents/clionprojects/_tools/gcc-arm-none-eabi/bin/../lib/gcc/arm-none-eabi/10.3.1/../../../../arm-none-eabi/lib/thumb/v7-m/nofp\libg.a(lib_a-fstatr.o)
 .ARM.attributes
                0x00000bed       0x2d c:/users/hjs/documents/clionprojects/_tools/gcc-arm-none-eabi/bin/../lib/gcc/arm-none-eabi/10.3.1/../../../../arm-none-eabi/lib/thumb/v7-m/nofp\libg.a(lib_a-isattyr.o)
 .ARM.attributes
                0x00000c1a       0x2d c:/users/hjs/documents/clionprojects/_tools/gcc-arm-none-eabi/bin/../lib/gcc/arm-none-eabi/10.3.1/../../../../arm-none-eabi/lib/thumb/v7-m/nofp\libg.a(lib_a-locale.o)
 .ARM.attributes
                0x00000c47       0x2d c:/users/hjs/documents/clionprojects/_tools/gcc-arm-none-eabi/bin/../lib/gcc/arm-none-eabi/10.3.1/../../../../arm-none-eabi/lib/thumb/v7-m/nofp\libg.a(lib_a-lseekr.o)
 .ARM.attributes
                0x00000c74       0x2d c:/users/hjs/documents/clionprojects/_tools/gcc-arm-none-eabi/bin/../lib/gcc/arm-none-eabi/10.3.1/../../../../arm-none-eabi/lib/thumb/v7-m/nofp\libg.a(lib_a-mbtowc_r.o)
 .ARM.attributes
                0x00000ca1       0x2d c:/users/hjs/documents/clionprojects/_tools/gcc-arm-none-eabi/bin/../lib/gcc/arm-none-eabi/10.3.1/../../../../arm-none-eabi/lib/thumb/v7-m/nofp\libg.a(lib_a-readr.o)
 .ARM.attributes
                0x00000cce       0x2d c:/users/hjs/documents/clionprojects/_tools/gcc-arm-none-eabi/bin/../lib/gcc/arm-none-eabi/10.3.1/../../../../arm-none-eabi/lib/thumb/v7-m/nofp\libg.a(lib_a-reent.o)
 .ARM.attributes
                0x00000cfb       0x2d c:/users/hjs/documents/clionprojects/_tools/gcc-arm-none-eabi/bin/../lib/gcc/arm-none-eabi/10.3.1/../../../../arm-none-eabi/lib/thumb/v7-m/nofp\libg.a(lib_a-wbuf.o)
 .ARM.attributes
                0x00000d28       0x2d c:/users/hjs/documents/clionprojects/_tools/gcc-arm-none-eabi/bin/../lib/gcc/arm-none-eabi/10.3.1/../../../../arm-none-eabi/lib/thumb/v7-m/nofp\libg.a(lib_a-wcrtomb.o)
 .ARM.attributes
                0x00000d55       0x2d c:/users/hjs/documents/clionprojects/_tools/gcc-arm-none-eabi/bin/../lib/gcc/arm-none-eabi/10.3.1/../../../../arm-none-eabi/lib/thumb/v7-m/nofp\libg.a(lib_a-wctomb_r.o)
 .ARM.attributes
                0x00000d82       0x2d c:/users/hjs/documents/clionprojects/_tools/gcc-arm-none-eabi/bin/../lib/gcc/arm-none-eabi/10.3.1/../../../../arm-none-eabi/lib/thumb/v7-m/nofp\libg.a(lib_a-abort.o)
 .ARM.attributes
                0x00000daf       0x2d c:/users/hjs/documents/clionprojects/_tools/gcc-arm-none-eabi/bin/../lib/gcc/arm-none-eabi/10.3.1/../../../../arm-none-eabi/lib/thumb/v7-m/nofp\libg.a(lib_a-ctype_.o)
 .ARM.attributes
                0x00000ddc       0x2d c:/users/hjs/documents/clionprojects/_tools/gcc-arm-none-eabi/bin/../lib/gcc/arm-none-eabi/10.3.1/../../../../arm-none-eabi/lib/thumb/v7-m/nofp\libg.a(lib_a-signal.o)
 .ARM.attributes
                0x00000e09       0x2d c:/users/hjs/documents/clionprojects/_tools/gcc-arm-none-eabi/bin/../lib/gcc/arm-none-eabi/10.3.1/../../../../arm-none-eabi/lib/thumb/v7-m/nofp\libg.a(lib_a-signalr.o)
 .ARM.attributes
                0x00000e36       0x1d c:/users/hjs/documents/clionprojects/_tools/gcc-arm-none-eabi/bin/../lib/gcc/arm-none-eabi/10.3.1/thumb/v7-m/nofp\libgcc.a(_arm_muldivdf3.o)
 .ARM.attributes
                0x00000e53       0x1d c:/users/hjs/documents/clionprojects/_tools/gcc-arm-none-eabi/bin/../lib/gcc/arm-none-eabi/10.3.1/thumb/v7-m/nofp\libgcc.a(_arm_cmpdf2.o)
 .ARM.attributes
                0x00000e70       0x1d c:/users/hjs/documents/clionprojects/_tools/gcc-arm-none-eabi/bin/../lib/gcc/arm-none-eabi/10.3.1/thumb/v7-m/nofp\libgcc.a(_arm_unorddf2.o)
 .ARM.attributes
                0x00000e8d       0x1d c:/users/hjs/documents/clionprojects/_tools/gcc-arm-none-eabi/bin/../lib/gcc/arm-none-eabi/10.3.1/thumb/v7-m/nofp\libgcc.a(_aeabi_uldivmod.o)
 .ARM.attributes
                0x00000eaa       0x2d c:/users/hjs/documents/clionprojects/_tools/gcc-arm-none-eabi/bin/../lib/gcc/arm-none-eabi/10.3.1/thumb/v7-m/nofp\libgcc.a(_udivmoddi4.o)
 .ARM.attributes
                0x00000ed7       0x1d c:/users/hjs/documents/clionprojects/_tools/gcc-arm-none-eabi/bin/../lib/gcc/arm-none-eabi/10.3.1/thumb/v7-m/nofp\libgcc.a(_dvmd_tls.o)
 .ARM.attributes
                0x00000ef4       0x1d c:/users/hjs/documents/clionprojects/_tools/gcc-arm-none-eabi/bin/../lib/gcc/arm-none-eabi/10.3.1/thumb/v7-m/nofp/crtn.o
OUTPUT(STC31_Sensor.elf elf32-littlearm)
LOAD linker stubs
LOAD c:/users/hjs/documents/clionprojects/_tools/gcc-arm-none-eabi/bin/../lib/gcc/arm-none-eabi/10.3.1/../../../../arm-none-eabi/lib/thumb/v7-m/nofp\libc.a
LOAD c:/users/hjs/documents/clionprojects/_tools/gcc-arm-none-eabi/bin/../lib/gcc/arm-none-eabi/10.3.1/../../../../arm-none-eabi/lib/thumb/v7-m/nofp\libm.a
LOAD c:/users/hjs/documents/clionprojects/_tools/gcc-arm-none-eabi/bin/../lib/gcc/arm-none-eabi/10.3.1/thumb/v7-m/nofp\libgcc.a

.debug_info     0x00000000     0xeb85
 .debug_info    0x00000000     0x1239 CMakeFiles/STC31_Sensor.elf.dir/Core/Src/bmp388.c.obj
 .debug_info    0x00001239      0x199 CMakeFiles/STC31_Sensor.elf.dir/Core/Src/gpio.c.obj
 .debug_info    0x000013d2      0x8a1 CMakeFiles/STC31_Sensor.elf.dir/Core/Src/i2c.c.obj
 .debug_info    0x00001c73     0x11d7 CMakeFiles/STC31_Sensor.elf.dir/Core/Src/main.c.obj
 .debug_info    0x00002e4a      0x408 CMakeFiles/STC31_Sensor.elf.dir/Core/Src/sensirion_common.c.obj
 .debug_info    0x00003252      0xcda CMakeFiles/STC31_Sensor.elf.dir/Core/Src/sensirion_i2c.c.obj
 .debug_info    0x00003f2c      0x7a2 CMakeFiles/STC31_Sensor.elf.dir/Core/Src/sensirion_i2c_hal.c.obj
 .debug_info    0x000046ce      0x3b1 CMakeFiles/STC31_Sensor.elf.dir/Core/Src/sht4x.c.obj
 .debug_info    0x00004a7f      0xe34 CMakeFiles/STC31_Sensor.elf.dir/Core/Src/stc3x_i2c.c.obj
 .debug_info    0x000058b3      0x211 CMakeFiles/STC31_Sensor.elf.dir/Core/Src/stm32f1xx_hal_msp.c.obj
 .debug_info    0x00005ac4      0x130 CMakeFiles/STC31_Sensor.elf.dir/Core/Src/stm32f1xx_it.c.obj
 .debug_info    0x00005bf4      0x835 CMakeFiles/STC31_Sensor.elf.dir/Core/Src/syscalls.c.obj
 .debug_info    0x00006429      0x248 CMakeFiles/STC31_Sensor.elf.dir/Core/Src/system_stm32f1xx.c.obj
 .debug_info    0x00006671      0x825 CMakeFiles/STC31_Sensor.elf.dir/Core/Src/usart.c.obj
 .debug_info    0x00006e96      0x7a8 CMakeFiles/STC31_Sensor.elf.dir/Drivers/STM32F1xx_HAL_Driver/Src/stm32f1xx_hal.c.obj
 .debug_info    0x0000763e      0xd8a CMakeFiles/STC31_Sensor.elf.dir/Drivers/STM32F1xx_HAL_Driver/Src/stm32f1xx_hal_cortex.c.obj
 .debug_info    0x000083c8      0x66f CMakeFiles/STC31_Sensor.elf.dir/Drivers/STM32F1xx_HAL_Driver/Src/stm32f1xx_hal_gpio.c.obj
 .debug_info    0x00008a37     0x3a6b CMakeFiles/STC31_Sensor.elf.dir/Drivers/STM32F1xx_HAL_Driver/Src/stm32f1xx_hal_i2c.c.obj
 .debug_info    0x0000c4a2      0xa36 CMakeFiles/STC31_Sensor.elf.dir/Drivers/STM32F1xx_HAL_Driver/Src/stm32f1xx_hal_rcc.c.obj
 .debug_info    0x0000ced8     0x1c8b CMakeFiles/STC31_Sensor.elf.dir/Drivers/STM32F1xx_HAL_Driver/Src/stm32f1xx_hal_uart.c.obj