Archive member included to satisfy reference by file (symbol)

c:/users/hjs/documents/clionprojects/_tools/gcc-arm-none-eabi/bin/../lib/gcc/arm-none-eabi/10.3.1/thumb/v7-m/nofp\libgcc.a(_arm_muldf3.o)
                              CMakeFiles/STC31_Sensor.elf.dir/Core/Src/main.c.obj (__aeabi_dmul)
c:/users/hjs/documents/clionprojects/_tools/gcc-arm-none-eabi/bin/../lib/gcc/arm-none-eabi/10.3.1/thumb/v7-m/nofp\libgcc.a(_arm_mulsf3.o)
                              CMakeFiles/STC31_Sensor.elf.dir/Core/Src/main.c.obj (__aeabi_fmul)
c:/users/hjs/documents/clionprojects/_tools/gcc-arm-none-eabi/bin/../lib/gcc/arm-none-eabi/10.3.1/thumb/v7-m/nofp\libgcc.a(_arm_addsubdf3.o)
                              CMakeFiles/STC31_Sensor.elf.dir/Core/Src/main.c.obj (__aeabi_dsub)
c:/users/hjs/documents/clionprojects/_tools/gcc-arm-none-eabi/bin/../lib/gcc/arm-none-eabi/10.3.1/thumb/v7-m/nofp\libgcc.a(_arm_muldivdf3.o)
                              CMakeFiles/STC31_Sensor.elf.dir/Core/Src/main.c.obj (__aeabi_ddiv)
c:/users/hjs/documents/clionprojects/_tools/gcc-arm-none-eabi/bin/../lib/gcc/arm-none-eabi/10.3.1/thumb/v7-m/nofp\libgcc.a(_arm_truncdfsf2.o)
                              CMakeFiles/STC31_Sensor.elf.dir/Core/Src/main.c.obj (__aeabi_d2f)
c:/users/hjs/documents/clionprojects/_tools/gcc-arm-none-eabi/bin/../lib/gcc/arm-none-eabi/10.3.1/thumb/v7-m/nofp\libgcc.a(_arm_addsubsf3.o)
                              CMakeFiles/STC31_Sensor.elf.dir/Core/Src/main.c.obj (__aeabi_fsub)
c:/users/hjs/documents/clionprojects/_tools/gcc-arm-none-eabi/bin/../lib/gcc/arm-none-eabi/10.3.1/thumb/v7-m/nofp\libgcc.a(_arm_muldivsf3.o)
                              CMakeFiles/STC31_Sensor.elf.dir/Core/Src/main.c.obj (__aeabi_fdiv)
c:/users/hjs/documents/clionprojects/_tools/gcc-arm-none-eabi/bin/../lib/gcc/arm-none-eabi/10.3.1/thumb/v7-m/nofp\libgcc.a(_arm_cmpsf2.o)
                              CMakeFiles/STC31_Sensor.elf.dir/Core/Src/main.c.obj (__aeabi_fcmpeq)
c:/users/hjs/documents/clionprojects/_tools/gcc-arm-none-eabi/bin/../lib/gcc/arm-none-eabi/10.3.1/thumb/v7-m/nofp\libgcc.a(_arm_fixunssfsi.o)
                              CMakeFiles/STC31_Sensor.elf.dir/Core/Src/main.c.obj (__aeabi_f2uiz)
c:/users/hjs/documents/clionprojects/_tools/gcc-arm-none-eabi/bin/../lib/gcc/arm-none-eabi/10.3.1/../../../../arm-none-eabi/lib/thumb/v7-m/nofp\libg.a(lib_a-errno.o)
                              CMakeFiles/STC31_Sensor.elf.dir/Core/Src/syscalls.c.obj (__errno)
c:/users/hjs/documents/clionprojects/_tools/gcc-arm-none-eabi/bin/../lib/gcc/arm-none-eabi/10.3.1/../../../../arm-none-eabi/lib/thumb/v7-m/nofp\libg.a(lib_a-exit.o)
                              c:/users/hjs/documents/clionprojects/_tools/gcc-arm-none-eabi/bin/../lib/gcc/arm-none-eabi/10.3.1/../../../../arm-none-eabi/lib/thumb/v7-m/nofp/crt0.o (exit)
c:/users/hjs/documents/clionprojects/_tools/gcc-arm-none-eabi/bin/../lib/gcc/arm-none-eabi/10.3.1/../../../../arm-none-eabi/lib/thumb/v7-m/nofp\libg.a(lib_a-impure.o)
                              c:/users/hjs/documents/clionprojects/_tools/gcc-arm-none-eabi/bin/../lib/gcc/arm-none-eabi/10.3.1/../../../../arm-none-eabi/lib/thumb/v7-m/nofp\libg.a(lib_a-exit.o) (_global_impure_ptr)
c:/users/hjs/documents/clionprojects/_tools/gcc-arm-none-eabi/bin/../lib/gcc/arm-none-eabi/10.3.1/../../../../arm-none-eabi/lib/thumb/v7-m/nofp\libg.a(lib_a-init.o)
                              c:/users/hjs/documents/clionprojects/_tools/gcc-arm-none-eabi/bin/../lib/gcc/arm-none-eabi/10.3.1/../../../../arm-none-eabi/lib/thumb/v7-m/nofp/crt0.o (__libc_init_array)
c:/users/hjs/documents/clionprojects/_tools/gcc-arm-none-eabi/bin/../lib/gcc/arm-none-eabi/10.3.1/../../../../arm-none-eabi/lib/thumb/v7-m/nofp\libg.a(lib_a-memset.o)
                              c:/users/hjs/documents/clionprojects/_tools/gcc-arm-none-eabi/bin/../lib/gcc/arm-none-eabi/10.3.1/../../../../arm-none-eabi/lib/thumb/v7-m/nofp/crt0.o (memset)
c:/users/hjs/documents/clionprojects/_tools/gcc-arm-none-eabi/bin/../lib/gcc/arm-none-eabi/10.3.1/../../../../arm-none-eabi/lib/thumb/v7-m/nofp\libg.a(lib_a-printf.o)
                              CMakeFiles/STC31_Sensor.elf.dir/Core/Src/main.c.obj (printf)
c:/users/hjs/documents/clionprojects/_tools/gcc-arm-none-eabi/bin/../lib/gcc/arm-none-eabi/10.3.1/../../../../arm-none-eabi/lib/thumb/v7-m/nofp\libg.a(lib_a-puts.o)
                              CMakeFiles/STC31_Sensor.elf.dir/Core/Src/main.c.obj (puts)
c:/users/hjs/documents/clionprojects/_tools/gcc-arm-none-eabi/bin/../lib/gcc/arm-none-eabi/10.3.1/../../../../arm-none-eabi/lib/thumb/v7-m/nofp\libg.a(lib_a-strlen-stub.o)
                              c:/users/hjs/documents/clionprojects/_tools/gcc-arm-none-eabi/bin/../lib/gcc/arm-none-eabi/10.3.1/../../../../arm-none-eabi/lib/thumb/v7-m/nofp\libg.a(lib_a-puts.o) (strlen)
c:/users/hjs/documents/clionprojects/_tools/gcc-arm-none-eabi/bin/../lib/gcc/arm-none-eabi/10.3.1/../../../../arm-none-eabi/lib/thumb/v7-m/nofp\libg.a(lib_a-vfprintf.o)
[...]
Memory Configuration

Name             Origin             Length             Attributes
RAM              0x20000000         0x00005000         xrw
FLASH            0x08000000         0x00010000         xr
*default*        0x00000000         0xffffffff

Linker script and memory map

LOAD c:/users/hjs/documents/clionprojects/_tools/gcc-arm-none-eabi/bin/../lib/gcc/arm-none-eabi/10.3.1/thumb/v7-m/nofp/crti.o
LOAD c:/users/hjs/documents/clionprojects/_tools/gcc-arm-none-eabi/bin/../lib/gcc/arm-none-eabi/10.3.1/thumb/v7-m/nofp/crtbegin.o
LOAD c:/users/hjs/documents/clionprojects/_tools/gcc-arm-none-eabi/bin/../lib/gcc/arm-none-eabi/10.3.1/../../../../arm-none-eabi/lib/thumb/v7-m/nofp/crt0.o
LOAD CMakeFiles/STC31_Sensor.elf.dir/Core/Src/bmp388.c.obj
LOAD CMakeFiles/STC31_Sensor.elf.dir/Core/Src/gpio.c.obj
LOAD CMakeFiles/STC31_Sensor.elf.dir/Core/Src/i2c.c.obj
LOAD CMakeFiles/STC31_Sensor.elf.dir/Core/Src/main.c.obj
LOAD CMakeFiles/STC31_Sensor.elf.dir/Core/Src/sensirion_common.c.obj
LOAD CMakeFiles/STC31_Sensor.elf.dir/Core/Src/sensirion_i2c.c.obj
LOAD CMakeFiles/STC31_Sensor.elf.dir/Core/Src/sensirion_i2c_hal.c.obj
LOAD CMakeFiles/STC31_Sensor.elf.dir/Core/Src/sht4x.c.obj
LOAD CMakeFiles/STC31_Sensor.elf.dir/Core/Src/stc3x_i2c.c.obj
LOAD CMakeFiles/STC31_Sensor.elf.dir/Core/Src/stm32f1xx_hal_msp.c.obj
LOAD CMakeFiles/STC31_Sensor.elf.dir/Core/Src/stm32f1xx_it.c.obj
LOAD CMakeFiles/STC31_Sensor.elf.dir/Core/Src/syscalls.c.obj
LOAD CMakeFiles/STC31_Sensor.elf.dir/Core/Src/system_stm32f1xx.c.obj
LOAD CMakeFiles/STC31_Sensor.elf.dir/Core/Src/usart.c.obj
LOAD CMakeFiles/STC31_Sensor.elf.dir/Drivers/STM32F1xx_HAL_Driver/Src/stm32f1xx_hal.c.obj
LOAD CMakeFiles/STC31_Sensor.elf.dir/Drivers/STM32F1xx_HAL_Driver/Src/stm32f1xx_hal_cortex.c.obj
LOAD CMakeFiles/STC31_Sensor.elf.dir/Drivers/STM32F1xx_HAL_Driver/Src/stm32f1xx_hal_dma.c.obj
LOAD CMakeFiles/STC31_Sensor.elf.dir/Drivers/STM32F1xx_HAL_Driver/Src/stm32f1xx_hal_exti.c.obj
LOAD CMakeFiles/STC31_Sensor.elf.dir/Drivers/STM32F1xx_HAL_Driver/Src/stm32f1xx_hal_flash.c.obj
LOAD CMakeFiles/STC31_Sensor.elf.dir/Drivers/STM32F1xx_HAL_Driver/Src/stm32f1xx_hal_flash_ex.c.obj
LOAD CMakeFiles/STC31_Sensor.elf.dir/Drivers/STM32F1xx_HAL_Driver/Src/stm32f1xx_hal_gpio.c.obj
LOAD CMakeFiles/STC31_Sensor.elf.dir/Drivers/STM32F1xx_HAL_Driver/Src/stm32f1xx_hal_gpio_ex.c.obj
LOAD CMakeFiles/STC31_Sensor.elf.dir/Drivers/STM32F1xx_HAL_Driver/Src/stm32f1xx_hal_i2c.c.obj
LOAD CMakeFiles/STC31_Sensor.elf.dir/Drivers/STM32F1xx_HAL_Driver/Src/stm32f1xx_hal_pwr.c.obj
LOAD CMakeFiles/STC31_Sensor.elf.dir/Drivers/STM32F1xx_HAL_Driver/Src/stm32f1xx_hal_rcc.c.obj
LOAD CMakeFiles/STC31_Sensor.elf.dir/Drivers/STM32F1xx_HAL_Driver/Src/stm32f1xx_hal_rcc_ex.c.obj
LOAD CMakeFiles/STC31_Sensor.elf.dir/Drivers/STM32F1xx_HAL_Driver/Src/stm32f1xx_hal_tim.c.obj
LOAD CMakeFiles/STC31_Sensor.elf.dir/Drivers/STM32F1xx_HAL_Driver/Src/stm32f1xx_hal_tim_ex.c.obj
LOAD CMakeFiles/STC31_Sensor.elf.dir/Drivers/STM32F1xx_HAL_Driver/Src/stm32f1xx_hal_uart.c.obj
LOAD CMakeFiles/STC31_Sensor.elf.dir/startup/startup_stm32f103xb.s.obj
START GROUP
LOAD c:/users/hjs/documents/clionprojects/_tools/gcc-arm-none-eabi/bin/../lib/gcc/arm-none-eabi/10.3.1/thumb/v7-m/nofp\libgcc.a
LOAD c:/users/hjs/documents/clionprojects/_tools/gcc-arm-none-eabi/bin/../lib/gcc/arm-none-eabi/10.3.1/../../../../arm-none-eabi/lib/thumb/v7-m/nofp\libg.a
LOAD c:/users/hjs/documents/clionprojects/_tools/gcc-arm-none-eabi/bin/../lib/gcc/arm-none-eabi/10.3.1/../../../../arm-none-eabi/lib/thumb/v7-m/nofp\libc.a
END GROUP
LOAD c:/users/hjs/documents/clionprojects/_tools/gcc-arm-none-eabi/bin/../lib/gcc/arm-none-eabi/10.3.1/thumb/v7-m/nofp/crtend.o
LOAD c:/users/hjs/documents/clionprojects/_tools/gcc-arm-none-eabi/bin/../lib/gcc/arm-none-eabi/10.3.1/thumb/v7-m/nofp/crtn.o
                0x20005000                _estack = (ORIGIN (RAM) + LENGTH (RAM))
                0x00000200                _Min_Heap_Size = 0x200
                0x00000400                _Min_Stack_Size = 0x400

.isr_vector     0x08000000      0x10c
                0x08000000                . = ALIGN (0x4)
 *(.isr_vector)
 .isr_vector    0x08000000      0x10c CMakeFiles/STC31_Sensor.elf.dir/startup/startup_stm32f103xb.s.obj
                0x08000000                g_pfnVectors
                0x0800010c                . = ALIGN (0x4)

.text           0x08000110     0x9700
                0x08000110                . = ALIGN (0x4)
 *(.text)
 .text          0x08000110       0x40 c:/users/hjs/documents/clionprojects/_tools/gcc-arm-none-eabi/bin/../lib/gcc/arm-none-eabi/10.3.1/thumb/v7-m/nofp/crtbegin.o
 .text          0x08000150      0x378 c:/users/hjs/documents/clionprojects/_tools/gcc-arm-none-eabi/bin/../lib/gcc/arm-none-eabi/10.3.1/thumb/v7-m/nofp\libgcc.a(_arm_addsubdf3.o)
                0x08000150                __aeabi_drsub
                0x08000158                __aeabi_dsub
                0x08000158                __subdf3
                0x0800015c                __aeabi_dadd
                0x0800015c                __adddf3
                0x080003d4                __floatunsidf
                0x080003d4                __aeabi_ui2d
                0x080003f4                __floatsidf
                0x080003f4                __aeabi_i2d
                0x08000418                __aeabi_f2d
                0x08000418                __extendsfdf2
                0x0800045c                __floatundidf
                0x0800045c                __aeabi_ul2d
                0x0800046c                __floatdidf
                0x0800046c                __aeabi_l2d
 .text          0x080004c8      0x424 c:/users/hjs/documents/clionprojects/_tools/gcc-arm-none-eabi/bin/../lib/gcc/arm-none-eabi/10.3.1/thumb/v7-m/nofp\libgcc.a(_arm_muldivdf3.o)
                0x080004c8                __aeabi_dmul
                0x080004c8                __muldf3
                0x0800071c                __divdf3
                0x0800071c                __aeabi_ddiv
 .text          0x080008ec       0xa0 c:/users/hjs/documents/clionprojects/_tools/gcc-arm-none-eabi/bin/../lib/gcc/arm-none-eabi/10.3.1/thumb/v7-m/nofp\libgcc.a(_arm_truncdfsf2.o)
                0x080008ec                __truncdfsf2
                0x080008ec                __aeabi_d2f
 .text          0x0800098c      0x21c c:/users/hjs/documents/clionprojects/_tools/gcc-arm-none-eabi/bin/../lib/gcc/arm-none-eabi/10.3.1/thumb/v7-m/nofp\libgcc.a(_arm_addsubsf3.o)
                0x0800098c                __aeabi_frsub
                0x08000994                __subsf3
                0x08000994                __aeabi_fsub
                0x08000998                __aeabi_fadd
                0x08000998                __addsf3
                0x08000af8                __aeabi_ui2f
                0x08000af8                __floatunsisf
                0x08000b00                __aeabi_i2f
                0x08000b00                __floatsisf
                0x08000b1c                __aeabi_ul2f
                0x08000b1c                __floatundisf
                0x08000b2c                __aeabi_l2f
                0x08000b2c                __floatdisf
 .text          0x08000ba8      0x2a0 c:/users/hjs/documents/clionprojects/_tools/gcc-arm-none-eabi/bin/../lib/gcc/arm-none-eabi/10.3.1/thumb/v7-m/nofp\libgcc.a(_arm_muldivsf3.o)
                0x08000ba8                __mulsf3
                0x08000ba8                __aeabi_fmul
                0x08000d10                __aeabi_fdiv
                0x08000d10                __divsf3
 .text          0x08000e48       0x40 c:/users/hjs/documents/clionprojects/_tools/gcc-arm-none-eabi/bin/../lib/gcc/arm-none-eabi/10.3.1/thumb/v7-m/nofp\libgcc.a(_arm_fixunssfsi.o)
                0x08000e48                __fixunssfsi
                0x08000e48                __aeabi_f2uiz
 .text          0x08000e88       0xec c:/users/hjs/documents/clionprojects/_tools/gcc-arm-none-eabi/bin/../lib/gcc/arm-none-eabi/10.3.1/../../../../arm-none-eabi/lib/thumb/v7-m/nofp\libg.a(lib_a-memcpy.o)
                0x08000e88                memcpy
 .text          0x08000f74      0x110 c:/users/hjs/documents/clionprojects/_tools/gcc-arm-none-eabi/bin/../lib/gcc/arm-none-eabi/10.3.1/thumb/v7-m/nofp\libgcc.a(_arm_cmpdf2.o)
                0x08000f74                __gtdf2
                0x08000f74                __gedf2
                0x08000f7c                __ltdf2
                0x08000f7c                __ledf2
                0x08000f84                __nedf2
                0x08000f84                __eqdf2
                0x08000f84                __cmpdf2
                0x08001000                __aeabi_cdrcmple
                0x08001010                __aeabi_cdcmpeq
                0x08001010                __aeabi_cdcmple
                0x08001020                __aeabi_dcmpeq
                0x08001034                __aeabi_dcmplt
                0x08001048                __aeabi_dcmple
                0x0800105c                __aeabi_dcmpge
                0x08001070                __aeabi_dcmpgt
 .text          0x08001084       0x2c c:/users/hjs/documents/clionprojects/_tools/gcc-arm-none-eabi/bin/../lib/gcc/arm-none-eabi/10.3.1/thumb/v7-m/nofp\libgcc.a(_arm_unorddf2.o)
                0x08001084                __unorddf2
                0x08001084                __aeabi_dcmpun
 .text          0x080010b0       0x50 c:/users/hjs/documents/clionprojects/_tools/gcc-arm-none-eabi/bin/../lib/gcc/arm-none-eabi/10.3.1/thumb/v7-m/nofp\libgcc.a(_arm_fixdfsi.o)
                0x080010b0                __aeabi_d2iz
                0x080010b0                __fixdfsi
 .text          0x08001100       0x30 c:/users/hjs/documents/clionprojects/_tools/gcc-arm-none-eabi/bin/../lib/gcc/arm-none-eabi/10.3.1/thumb/v7-m/nofp\libgcc.a(_aeabi_uldivmod.o)
                0x08001100                __aeabi_uldivmod
 .text          0x08001130      0x2d4 c:/users/hjs/documents/clionprojects/_tools/gcc-arm-none-eabi/bin/../lib/gcc/arm-none-eabi/10.3.1/thumb/v7-m/nofp\libgcc.a(_udivmoddi4.o)
                0x08001130                __udivmoddi4
 .text          0x08001404        0x4 c:/users/hjs/documents/clionprojects/_tools/gcc-arm-none-eabi/bin/../lib/gcc/arm-none-eabi/10.3.1/thumb/v7-m/nofp\libgcc.a(_dvmd_tls.o)
                0x08001404                __aeabi_idiv0
                0x08001404                __aeabi_ldiv0
 *(.text*)
 .text.BMP388_I2C_WriteByte
                0x08001408       0x1e CMakeFiles/STC31_Sensor.elf.dir/Core/Src/bmp388.c.obj
                0x08001408                BMP388_I2C_WriteByte
 .text.BMP388_I2C_ReadBuffer
                0x08001426       0x28 CMakeFiles/STC31_Sensor.elf.dir/Core/Src/bmp388.c.obj
                0x08001426                BMP388_I2C_ReadBuffer
 *fill*         0x0800144e        0x2 
 .text.BMP388_Get_CalibData
                0x08001450       0xa8 CMakeFiles/STC31_Sensor.elf.dir/Core/Src/bmp388.c.obj
                0x08001450                BMP388_Get_CalibData
 .text.MX_GPIO_Init
                0x080014f8       0x44 CMakeFiles/STC31_Sensor.elf.dir/Core/Src/gpio.c.obj
                0x080014f8                MX_GPIO_Init
 .text.HAL_I2C_MspInit
                0x0800153c       0x64 CMakeFiles/STC31_Sensor.elf.dir/Core/Src/i2c.c.obj
                0x0800153c                HAL_I2C_MspInit
 .text.__io_putchar
                0x080015a0       0x20 CMakeFiles/STC31_Sensor.elf.dir/Core/Src/main.c.obj
                0x080015a0                __io_putchar
 .text.sht4x_self_test
                0x080015c0       0x2c CMakeFiles/STC31_Sensor.elf.dir/Core/Src/main.c.obj
                0x080015c0                sht4x_self_test
 .text.stc31_self_test
                0x080015ec       0x8c CMakeFiles/STC31_Sensor.elf.dir/Core/Src/main.c.obj
                0x080015ec                stc31_self_test
 .text.bmp388_self_test
                0x08001678       0x68 CMakeFiles/STC31_Sensor.elf.dir/Core/Src/main.c.obj
                0x08001678                bmp388_self_test
 .text.Error_Handler
                0x080016e0        0x4 CMakeFiles/STC31_Sensor.elf.dir/Core/Src/main.c.obj
                0x080016e0                Error_Handler
 .text.SystemClock_Config
                0x080016e4       0x64 CMakeFiles/STC31_Sensor.elf.dir/Core/Src/main.c.obj
                0x080016e4                SystemClock_Config
 .text.main     0x08001748      0x18c CMakeFiles/STC31_Sensor.elf.dir/Core/Src/main.c.obj
                0x08001748                main
 .text.sensirion_common_bytes_to_uint16_t
                0x080018d4        0xa CMakeFiles/STC31_Sensor.elf.dir/Core/Src/sensirion_common.c.obj
                0x080018d4                sensirion_common_bytes_to_uint16_t
 .text.sensirion_common_bytes_to_uint32_t
                0x080018de       0x16 CMakeFiles/STC31_Sensor.elf.dir/Core/Src/sensirion_common.c.obj
                0x080018de                sensirion_common_bytes_to_uint32_t
 .text.sensirion_common_copy_bytes
                0x080018f4       0x16 CMakeFiles/STC31_Sensor.elf.dir/Core/Src/sensirion_common.c.obj
                0x080018f4                sensirion_common_copy_bytes
 .text.sensirion_i2c_generate_crc
                0x0800190a       0x36 CMakeFiles/STC31_Sensor.elf.dir/Core/Src/sensirion_i2c.c.obj
                0x0800190a                sensirion_i2c_generate_crc
 .text.sensirion_i2c_check_crc
                0x08001940       0x14 CMakeFiles/STC31_Sensor.elf.dir/Core/Src/sensirion_i2c.c.obj
                0x08001940                sensirion_i2c_check_crc
 .text.sensirion_i2c_read_words_as_bytes
                0x08001954       0x66 CMakeFiles/STC31_Sensor.elf.dir/Core/Src/sensirion_i2c.c.obj
                0x08001954                sensirion_i2c_read_words_as_bytes
 .text.sensirion_i2c_read_words
                0x080019ba       0x30 CMakeFiles/STC31_Sensor.elf.dir/Core/Src/sensirion_i2c.c.obj
                0x080019ba                sensirion_i2c_read_words
 .text.sensirion_i2c_add_command_to_buffer
                0x080019ea       0x14 CMakeFiles/STC31_Sensor.elf.dir/Core/Src/sensirion_i2c.c.obj
                0x080019ea                sensirion_i2c_add_command_to_buffer
 .text.sensirion_i2c_add_uint16_t_to_buffer
                0x080019fe       0x26 CMakeFiles/STC31_Sensor.elf.dir/Core/Src/sensirion_i2c.c.obj
                0x080019fe                sensirion_i2c_add_uint16_t_to_buffer
 .text.sensirion_i2c_write_data
                0x08001a24        0xa CMakeFiles/STC31_Sensor.elf.dir/Core/Src/sensirion_i2c.c.obj
                0x08001a24                sensirion_i2c_write_data
 .text.sensirion_i2c_read_data_inplace
                0x08001a2e       0x60 CMakeFiles/STC31_Sensor.elf.dir/Core/Src/sensirion_i2c.c.obj
                0x08001a2e                sensirion_i2c_read_data_inplace
 *fill*         0x08001a8e        0x2 
 .text.sensirion_i2c_hal_init
                0x08001a90       0x34 CMakeFiles/STC31_Sensor.elf.dir/Core/Src/sensirion_i2c_hal.c.obj
                0x08001a90                sensirion_i2c_hal_init
 .text.sensirion_i2c_hal_read
                0x08001ac4       0x20 CMakeFiles/STC31_Sensor.elf.dir/Core/Src/sensirion_i2c_hal.c.obj
                0x08001ac4                sensirion_i2c_hal_read
 .text.sensirion_i2c_hal_write
                0x08001ae4       0x20 CMakeFiles/STC31_Sensor.elf.dir/Core/Src/sensirion_i2c_hal.c.obj
                0x08001ae4                sensirion_i2c_hal_write
 .text.sensirion_i2c_hal_sleep_usec
                0x08001b04       0x34 CMakeFiles/STC31_Sensor.elf.dir/Core/Src/sensirion_i2c_hal.c.obj
                0x08001b04                sensirion_i2c_hal_sleep_usec
 .text.sht4x_measure
                0x08001b38       0x14 CMakeFiles/STC31_Sensor.elf.dir/Core/Src/sht4x.c.obj
                0x08001b38                sht4x_measure
 .text.sht4x_read
                0x08001b4c       0x42 CMakeFiles/STC31_Sensor.elf.dir/Core/Src/sht4x.c.obj
                0x08001b4c                sht4x_read
 *fill*         0x08001b8e        0x2 
 .text.sht4x_measure_blocking_read
                0x08001b90       0x24 CMakeFiles/STC31_Sensor.elf.dir/Core/Src/sht4x.c.obj
                0x08001b90                sht4x_measure_blocking_read
 .text.sht4x_read_serial
                0x08001bb4       0x42 CMakeFiles/STC31_Sensor.elf.dir/Core/Src/sht4x.c.obj
                0x08001bb4                sht4x_read_serial
 .text.sht4x_probe
                0x08001bf6       0x10 CMakeFiles/STC31_Sensor.elf.dir/Core/Src/sht4x.c.obj
                0x08001bf6                sht4x_probe
 .text.stc3x_set_binary_gas
                0x08001c06       0x3a CMakeFiles/STC31_Sensor.elf.dir/Core/Src/stc3x_i2c.c.obj
                0x08001c06                stc3x_set_binary_gas
 .text.stc3x_set_relative_humidity
                0x08001c40       0x3a CMakeFiles/STC31_Sensor.elf.dir/Core/Src/stc3x_i2c.c.obj
                0x08001c40                stc3x_set_relative_humidity
 .text.stc3x_set_temperature
                0x08001c7a       0x3a CMakeFiles/STC31_Sensor.elf.dir/Core/Src/stc3x_i2c.c.obj
                0x08001c7a                stc3x_set_temperature
 .text.stc3x_set_pressure
                0x08001cb4       0x3a CMakeFiles/STC31_Sensor.elf.dir/Core/Src/stc3x_i2c.c.obj
                0x08001cb4                stc3x_set_pressure
 *fill*         0x08001cee        0x2 
 .text.stc3x_measure_gas_concentration
                0x08001cf0       0x58 CMakeFiles/STC31_Sensor.elf.dir/Core/Src/stc3x_i2c.c.obj
                0x08001cf0                stc3x_measure_gas_concentration
 .text.stc3x_self_test
                0x08001d48       0x48 CMakeFiles/STC31_Sensor.elf.dir/Core/Src/stc3x_i2c.c.obj
                0x08001d48                stc3x_self_test
 .text.stc3x_prepare_product_identifier
                0x08001d90       0x20 CMakeFiles/STC31_Sensor.elf.dir/Core/Src/stc3x_i2c.c.obj
                0x08001d90                stc3x_prepare_product_identifier
 .text.stc3x_read_product_identifier
                0x08001db0       0x56 CMakeFiles/STC31_Sensor.elf.dir/Core/Src/stc3x_i2c.c.obj
                0x08001db0                stc3x_read_product_identifier
 *fill*         0x08001e06        0x2 
 .text.HAL_MspInit
                0x08001e08       0x44 CMakeFiles/STC31_Sensor.elf.dir/Core/Src/stm32f1xx_hal_msp.c.obj
                0x08001e08                HAL_MspInit
 .text.NMI_Handler
                0x08001e4c        0x2 CMakeFiles/STC31_Sensor.elf.dir/Core/Src/stm32f1xx_it.c.obj
                0x08001e4c                NMI_Handler
 .text.HardFault_Handler
                0x08001e4e        0x2 CMakeFiles/STC31_Sensor.elf.dir/Core/Src/stm32f1xx_it.c.obj
                0x08001e4e                HardFault_Handler
 .text.MemManage_Handler
                0x08001e50        0x2 CMakeFiles/STC31_Sensor.elf.dir/Core/Src/stm32f1xx_it.c.obj
                0x08001e50                MemManage_Handler
 .text.BusFault_Handler
                0x08001e52        0x2 CMakeFiles/STC31_Sensor.elf.dir/Core/Src/stm32f1xx_it.c.obj
                0x08001e52                BusFault_Handler
 .text.UsageFault_Handler
                0x08001e54        0x2 CMakeFiles/STC31_Sensor.elf.dir/Core/Src/stm32f1xx_it.c.obj
                0x08001e54                UsageFault_Handler
 .text.SVC_Handler
                0x08001e56        0x2 CMakeFiles/STC31_Sensor.elf.dir/Core/Src/stm32f1xx_it.c.obj
                0x08001e56                SVC_Handler
 .text.DebugMon_Handler
                0x08001e58        0x2 CMakeFiles/STC31_Sensor.elf.dir/Core/Src/stm32f1xx_it.c.obj
                0x08001e58                DebugMon_Handler
 .text.PendSV_Handler
                0x08001e5a        0x2 CMakeFiles/STC31_Sensor.elf.dir/Core/Src/stm32f1xx_it.c.obj
                0x08001e5a                PendSV_Handler
 .text.SysTick_Handler
                0x08001e5c        0x8 CMakeFiles/STC31_Sensor.elf.dir/Core/Src/stm32f1xx_it.c.obj
                0x08001e5c                SysTick_Handler
 .text._getpid  0x08001e64        0x4 CMakeFiles/STC31_Sensor.elf.dir/Core/Src/syscalls.c.obj
                0x08001e64                _getpid
 .text._kill    0x08001e68       0x10 CMakeFiles/STC31_Sensor.elf.dir/Core/Src/syscalls.c.obj
                0x08001e68                _kill
 .text._exit    0x08001e78        0xc CMakeFiles/STC31_Sensor.elf.dir/Core/Src/syscalls.c.obj
                0x08001e78                _exit
 .text._read    0x08001e84       0x20 CMakeFiles/STC31_Sensor.elf.dir/Core/Src/syscalls.c.obj
                0x08001e84                _read
 .text._write   0x08001ea4       0x1c CMakeFiles/STC31_Sensor.elf.dir/Core/Src/syscalls.c.obj
                0x08001ea4                _write
 .text._sbrk    0x08001ec0       0x3c CMakeFiles/STC31_Sensor.elf.dir/Core/Src/syscalls.c.obj
                0x08001ec0                _sbrk
 .text._close   0x08001efc        0x6 CMakeFiles/STC31_Sensor.elf.dir/Core/Src/syscalls.c.obj
                0x08001efc                _close
 .text._fstat   0x08001f02        0xa CMakeFiles/STC31_Sensor.elf.dir/Core/Src/syscalls.c.obj
                0x08001f02                _fstat
 .text._isatty  0x08001f0c        0x4 CMakeFiles/STC31_Sensor.elf.dir/Core/Src/syscalls.c.obj
                0x08001f0c                _isatty
 .text._lseek   0x08001f10        0x4 CMakeFiles/STC31_Sensor.elf.dir/Core/Src/syscalls.c.obj
                0x08001f10                _lseek
 .text.SystemInit
                0x08001f14        0x2 CMakeFiles/STC31_Sensor.elf.dir/Core/Src/system_stm32f1xx.c.obj
                0x08001f14                SystemInit
 *fill*         0x08001f16        0x2 
 .text.MX_USART2_UART_Init
                0x08001f18       0x34 CMakeFiles/STC31_Sensor.elf.dir/Core/Src/usart.c.obj
                0x08001f18                MX_USART2_UART_Init
 .text.HAL_UART_MspInit
                0x08001f4c       0x74 CMakeFiles/STC31_Sensor.elf.dir/Core/Src/usart.c.obj
                0x08001f4c                HAL_UART_MspInit
 .text.HAL_InitTick
                0x08001fc0       0x4c CMakeFiles/STC31_Sensor.elf.dir/Drivers/STM32F1xx_HAL_Driver/Src/stm32f1xx_hal.c.obj
                0x08001fc0                HAL_InitTick
 .text.HAL_Init
                0x0800200c       0x24 CMakeFiles/STC31_Sensor.elf.dir/Drivers/STM32F1xx_HAL_Driver/Src/stm32f1xx_hal.c.obj
                0x0800200c                HAL_Init
 .text.HAL_IncTick
                0x08002030       0x18 CMakeFiles/STC31_Sensor.elf.dir/Drivers/STM32F1xx_HAL_Driver/Src/stm32f1xx_hal.c.obj
                0x08002030                HAL_IncTick
 .text.HAL_GetTick
                0x08002048        0xc CMakeFiles/STC31_Sensor.elf.dir/Drivers/STM32F1xx_HAL_Driver/Src/stm32f1xx_hal.c.obj
                0x08002048                HAL_GetTick
 .text.HAL_Delay
                0x08002054       0x28 CMakeFiles/STC31_Sensor.elf.dir/Drivers/STM32F1xx_HAL_Driver/Src/stm32f1xx_hal.c.obj
                0x08002054                HAL_Delay
 .text.HAL_GetHalVersion
                0x0800207c        0x8 CMakeFiles/STC31_Sensor.elf.dir/Drivers/STM32F1xx_HAL_Driver/Src/stm32f1xx_hal.c.obj
                0x0800207c                HAL_GetHalVersion
 .text.HAL_NVIC_SetPriorityGrouping
                0x08002084       0x24 CMakeFiles/STC31_Sensor.elf.dir/Drivers/STM32F1xx_HAL_Driver/Src/stm32f1xx_hal_cortex.c.obj
                0x08002084                HAL_NVIC_SetPriorityGrouping
 .text.HAL_NVIC_SetPriority
                0x080020a8       0x70 CMakeFiles/STC31_Sensor.elf.dir/Drivers/STM32F1xx_HAL_Driver/Src/stm32f1xx_hal_cortex.c.obj
                0x080020a8                HAL_NVIC_SetPriority
 .text.HAL_SYSTICK_Config
                0x08002118       0x28 CMakeFiles/STC31_Sensor.elf.dir/Drivers/STM32F1xx_HAL_Driver/Src/stm32f1xx_hal_cortex.c.obj
                0x08002118                HAL_SYSTICK_Config
 .text.HAL_GPIO_Init
                0x08002140      0x224 CMakeFiles/STC31_Sensor.elf.dir/Drivers/STM32F1xx_HAL_Driver/Src/stm32f1xx_hal_gpio.c.obj
                0x08002140                HAL_GPIO_Init
 .text.I2C_IsAcknowledgeFailed
                0x08002364       0x32 CMakeFiles/STC31_Sensor.elf.dir/Drivers/STM32F1xx_HAL_Driver/Src/stm32f1xx_hal_i2c.c.obj
 .text.I2C_WaitOnFlagUntilTimeout
                0x08002396       0x7c CMakeFiles/STC31_Sensor.elf.dir/Drivers/STM32F1xx_HAL_Driver/Src/stm32f1xx_hal_i2c.c.obj
 .text.I2C_WaitOnMasterAddressFlagUntilTimeout
                0x08002412       0xaa CMakeFiles/STC31_Sensor.elf.dir/Drivers/STM32F1xx_HAL_Driver/Src/stm32f1xx_hal_i2c.c.obj
 .text.I2C_MasterRequestWrite
                0x080024bc       0xb4 CMakeFiles/STC31_Sensor.elf.dir/Drivers/STM32F1xx_HAL_Driver/Src/stm32f1xx_hal_i2c.c.obj
 .text.I2C_MasterRequestRead
                0x08002570      0x120 CMakeFiles/STC31_Sensor.elf.dir/Drivers/STM32F1xx_HAL_Driver/Src/stm32f1xx_hal_i2c.c.obj
 .text.I2C_WaitOnTXEFlagUntilTimeout
                0x08002690       0x54 CMakeFiles/STC31_Sensor.elf.dir/Drivers/STM32F1xx_HAL_Driver/Src/stm32f1xx_hal_i2c.c.obj
 .text.I2C_WaitOnBTFFlagUntilTimeout
                0x080026e4       0x54 CMakeFiles/STC31_Sensor.elf.dir/Drivers/STM32F1xx_HAL_Driver/Src/stm32f1xx_hal_i2c.c.obj
 .text.I2C_WaitOnRXNEFlagUntilTimeout
                0x08002738       0x6a CMakeFiles/STC31_Sensor.elf.dir/Drivers/STM32F1xx_HAL_Driver/Src/stm32f1xx_hal_i2c.c.obj
 *fill*         0x080027a2        0x2 
 .text.HAL_I2C_Init
                0x080027a4      0x1bc CMakeFiles/STC31_Sensor.elf.dir/Drivers/STM32F1xx_HAL_Driver/Src/stm32f1xx_hal_i2c.c.obj
                0x080027a4                HAL_I2C_Init
 .text.HAL_I2C_Master_Transmit
                0x08002960      0x178 CMakeFiles/STC31_Sensor.elf.dir/Drivers/STM32F1xx_HAL_Driver/Src/stm32f1xx_hal_i2c.c.obj
                0x08002960                HAL_I2C_Master_Transmit
 .text.HAL_I2C_Master_Receive
                0x08002ad8      0x344 CMakeFiles/STC31_Sensor.elf.dir/Drivers/STM32F1xx_HAL_Driver/Src/stm32f1xx_hal_i2c.c.obj
                0x08002ad8                HAL_I2C_Master_Receive
 .text.RCC_Delay
                0x08002e1c       0x2c CMakeFiles/STC31_Sensor.elf.dir/Drivers/STM32F1xx_HAL_Driver/Src/stm32f1xx_hal_rcc.c.obj
 .text.HAL_RCC_OscConfig
                0x08002e48      0x410 CMakeFiles/STC31_Sensor.elf.dir/Drivers/STM32F1xx_HAL_Driver/Src/stm32f1xx_hal_rcc.c.obj
                0x08002e48                HAL_RCC_OscConfig
 .text.HAL_RCC_GetSysClockFreq
                0x08003258       0x70 CMakeFiles/STC31_Sensor.elf.dir/Drivers/STM32F1xx_HAL_Driver/Src/stm32f1xx_hal_rcc.c.obj
                0x08003258                HAL_RCC_GetSysClockFreq
 .text.HAL_RCC_ClockConfig
                0x080032c8      0x16c CMakeFiles/STC31_Sensor.elf.dir/Drivers/STM32F1xx_HAL_Driver/Src/stm32f1xx_hal_rcc.c.obj
                0x080032c8                HAL_RCC_ClockConfig
 .text.HAL_RCC_GetHCLKFreq
                0x08003434        0xc CMakeFiles/STC31_Sensor.elf.dir/Drivers/STM32F1xx_HAL_Driver/Src/stm32f1xx_hal_rcc.c.obj
                0x08003434                HAL_RCC_GetHCLKFreq
 .text.HAL_RCC_GetPCLK1Freq
                0x08003440       0x20 CMakeFiles/STC31_Sensor.elf.dir/Drivers/STM32F1xx_HAL_Driver/Src/stm32f1xx_hal_rcc.c.obj
                0x08003440                HAL_RCC_GetPCLK1Freq
 .text.HAL_RCC_GetPCLK2Freq
                0x08003460       0x20 CMakeFiles/STC31_Sensor.elf.dir/Drivers/STM32F1xx_HAL_Driver/Src/stm32f1xx_hal_rcc.c.obj
                0x08003460                HAL_RCC_GetPCLK2Freq
 .text.UART_SetConfig
                0x08003480       0x94 CMakeFiles/STC31_Sensor.elf.dir/Drivers/STM32F1xx_HAL_Driver/Src/stm32f1xx_hal_uart.c.obj
 .text.UART_WaitOnFlagUntilTimeout
                0x08003514       0x6c CMakeFiles/STC31_Sensor.elf.dir/Drivers/STM32F1xx_HAL_Driver/Src/stm32f1xx_hal_uart.c.obj
 .text.HAL_UART_Init
                0x08003580       0x5e CMakeFiles/STC31_Sensor.elf.dir/Drivers/STM32F1xx_HAL_Driver/Src/stm32f1xx_hal_uart.c.obj
                0x08003580                HAL_UART_Init
 .text.HAL_UART_Transmit
                0x080035de       0xd8 CMakeFiles/STC31_Sensor.elf.dir/Drivers/STM32F1xx_HAL_Driver/Src/stm32f1xx_hal_uart.c.obj
                0x080035de                HAL_UART_Transmit
 *fill*         0x080036b6        0x2 
 .text.Reset_Handler
                0x080036b8       0x48 CMakeFiles/STC31_Sensor.elf.dir/startup/startup_stm32f103xb.s.obj
                0x080036b8                Reset_Handler
 .text.Default_Handler
                0x08003700        0x2 CMakeFiles/STC31_Sensor.elf.dir/startup/startup_stm32f103xb.s.obj
                0x08003700                RTC_Alarm_IRQHandler
                0x08003700                EXTI2_IRQHandler
                0x08003700                TIM1_CC_IRQHandler
                0x08003700                PVD_IRQHandler
                0x08003700                EXTI3_IRQHandler
                0x08003700                EXTI0_IRQHandler
                0x08003700                I2C2_EV_IRQHandler
                0x08003700                ADC1_2_IRQHandler
                0x08003700                SPI1_IRQHandler
                0x08003700                TAMPER_IRQHandler
                0x08003700                DMA1_Channel4_IRQHandler
                0x08003700                USART3_IRQHandler
                0x08003700                RTC_IRQHandler
                0x08003700                DMA1_Channel7_IRQHandler
                0x08003700                CAN1_RX1_IRQHandler
                0x08003700                TIM4_IRQHandler
                0x08003700                I2C1_EV_IRQHandler
                0x08003700                DMA1_Channel6_IRQHandler
                0x08003700                TIM3_IRQHandler
                0x08003700                RCC_IRQHandler
                0x08003700                TIM1_TRG_COM_IRQHandler
                0x08003700                DMA1_Channel1_IRQHandler
                0x08003700                Default_Handler
                0x08003700                EXTI15_10_IRQHandler
                0x08003700                EXTI9_5_IRQHandler
                0x08003700                SPI2_IRQHandler
                0x08003700                DMA1_Channel5_IRQHandler
                0x08003700                EXTI4_IRQHandler
                0x08003700                USB_LP_CAN1_RX0_IRQHandler
                0x08003700                USB_HP_CAN1_TX_IRQHandler
                0x08003700                DMA1_Channel3_IRQHandler
                0x08003700                TIM1_UP_IRQHandler
                0x08003700                WWDG_IRQHandler
                0x08003700                TIM2_IRQHandler
                0x08003700                TIM1_BRK_IRQHandler
                0x08003700                EXTI1_IRQHandler
                0x08003700                USART2_IRQHandler
                0x08003700                I2C2_ER_IRQHandler
                0x08003700                DMA1_Channel2_IRQHandler
                0x08003700                CAN1_SCE_IRQHandler
                0x08003700                FLASH_IRQHandler
                0x08003700                USART1_IRQHandler
                0x08003700                I2C1_ER_IRQHandler
                0x08003700                USBWakeUp_IRQHandler
 *fill*         0x08003702        0x2 
 .text.__errno  0x08003704        0xc c:/users/hjs/documents/clionprojects/_tools/gcc-arm-none-eabi/bin/../lib/gcc/arm-none-eabi/10.3.1/../../../../arm-none-eabi/lib/thumb/v7-m/nofp\libg.a(lib_a-errno.o)
                0x08003704                __errno
 .text.__libc_init_array
                0x08003710       0x48 c:/users/hjs/documents/clionprojects/_tools/gcc-arm-none-eabi/bin/../lib/gcc/arm-none-eabi/10.3.1/../../../../arm-none-eabi/lib/thumb/v7-m/nofp\libg.a(lib_a-init.o)
                0x08003710                __libc_init_array
 .text.memset   0x08003758       0xa4 c:/users/hjs/documents/clionprojects/_tools/gcc-arm-none-eabi/bin/../lib/gcc/arm-none-eabi/10.3.1/../../../../arm-none-eabi/lib/thumb/v7-m/nofp\libg.a(lib_a-memset.o)
                0x08003758                memset
 .text.printf   0x080037fc       0x28 c:/users/hjs/documents/clionprojects/_tools/gcc-arm-none-eabi/bin/../lib/gcc/arm-none-eabi/10.3.1/../../../../arm-none-eabi/lib/thumb/v7-m/nofp\libg.a(lib_a-printf.o)
                0x080037fc                printf
 .text._puts_r  0x08003824       0x9c c:/users/hjs/documents/clionprojects/_tools/gcc-arm-none-eabi/bin/../lib/gcc/arm-none-eabi/10.3.1/../../../../arm-none-eabi/lib/thumb/v7-m/nofp\libg.a(lib_a-puts.o)
                0x08003824                _puts_r
 .text.puts     0x080038c0       0x10 c:/users/hjs/documents/clionprojects/_tools/gcc-arm-none-eabi/bin/../lib/gcc/arm-none-eabi/10.3.1/../../../../arm-none-eabi/lib/thumb/v7-m/nofp\libg.a(lib_a-puts.o)
                0x080038c0                puts
 .text.strlen   0x080038d0       0x5c c:/users/hjs/documents/clionprojects/_tools/gcc-arm-none-eabi/bin/../lib/gcc/arm-none-eabi/10.3.1/../../../../arm-none-eabi/lib/thumb/v7-m/nofp\libg.a(lib_a-strlen-stub.o)
                0x080038d0                strlen
 .text._vfprintf_r
                0x0800392c     0x1b58 c:/users/hjs/documents/clionprojects/_tools/gcc-arm-none-eabi/bin/../lib/gcc/arm-none-eabi/10.3.1/../../../../arm-none-eabi/lib/thumb/v7-m/nofp\libg.a(lib_a-vfprintf.o)
                0x0800392c                _vfprintf_r
 .text.__sbprintf
                0x08005484       0x84 c:/users/hjs/documents/clionprojects/_tools/gcc-arm-none-eabi/bin/../lib/gcc/arm-none-eabi/10.3.1/../../../../arm-none-eabi/lib/thumb/v7-m/nofp\libg.a(lib_a-vfprintf.o)
 .text.__swsetup_r
                0x08005508       0xd4 c:/users/hjs/documents/clionprojects/_tools/gcc-arm-none-eabi/bin/../lib/gcc/arm-none-eabi/10.3.1/../../../../arm-none-eabi/lib/thumb/v7-m/nofp\libg.a(lib_a-wsetup.o)
                0x08005508                __swsetup_r
 .text.startup.register_fini
                0x080055dc       0x14 c:/users/hjs/documents/clionprojects/_tools/gcc-arm-none-eabi/bin/../lib/gcc/arm-none-eabi/10.3.1/../../../../arm-none-eabi/lib/thumb/v7-m/nofp\libg.a(lib_a-__call_atexit.o)
 .text.atexit   0x080055f0        0xc c:/users/hjs/documents/clionprojects/_tools/gcc-arm-none-eabi/bin/../lib/gcc/arm-none-eabi/10.3.1/../../../../arm-none-eabi/lib/thumb/v7-m/nofp\libg.a(lib_a-atexit.o)
                0x080055f0                atexit
 .text.quorem   0x080055fc      0x12c c:/users/hjs/documents/clionprojects/_tools/gcc-arm-none-eabi/bin/../lib/gcc/arm-none-eabi/10.3.1/../../../../arm-none-eabi/lib/thumb/v7-m/nofp\libg.a(lib_a-dtoa.o)
 .text._dtoa_r  0x08005728      0xecc c:/users/hjs/documents/clionprojects/_tools/gcc-arm-none-eabi/bin/../lib/gcc/arm-none-eabi/10.3.1/../../../../arm-none-eabi/lib/thumb/v7-m/nofp\libg.a(lib_a-dtoa.o)
                0x08005728                _dtoa_r
 .text.__sflush_r
                0x080065f4      0x124 c:/users/hjs/documents/clionprojects/_tools/gcc-arm-none-eabi/bin/../lib/gcc/arm-none-eabi/10.3.1/../../../../arm-none-eabi/lib/thumb/v7-m/nofp\libg.a(lib_a-fflush.o)
                0x080065f4                __sflush_r
 .text._fflush_r
                0x08006718       0x5c c:/users/hjs/documents/clionprojects/_tools/gcc-arm-none-eabi/bin/../lib/gcc/arm-none-eabi/10.3.1/../../../../arm-none-eabi/lib/thumb/v7-m/nofp\libg.a(lib_a-fflush.o)
                0x08006718                _fflush_r
 .text._cleanup_r
                0x08006774        0xc c:/users/hjs/documents/clionprojects/_tools/gcc-arm-none-eabi/bin/../lib/gcc/arm-none-eabi/10.3.1/../../../../arm-none-eabi/lib/thumb/v7-m/nofp\libg.a(lib_a-findfp.o)
                0x08006774                _cleanup_r
 .text.__sinit  0x08006780      0x10c c:/users/hjs/documents/clionprojects/_tools/gcc-arm-none-eabi/bin/../lib/gcc/arm-none-eabi/10.3.1/../../../../arm-none-eabi/lib/thumb/v7-m/nofp\libg.a(lib_a-findfp.o)
                0x08006780                __sinit
 .text.__sfp_lock_acquire
                0x0800688c        0xc c:/users/hjs/documents/clionprojects/_tools/gcc-arm-none-eabi/bin/../lib/gcc/arm-none-eabi/10.3.1/../../../../arm-none-eabi/lib/thumb/v7-m/nofp\libg.a(lib_a-findfp.o)
                0x0800688c                __sfp_lock_acquire
 .text.__sfp_lock_release
                0x08006898        0xc c:/users/hjs/documents/clionprojects/_tools/gcc-arm-none-eabi/bin/../lib/gcc/arm-none-eabi/10.3.1/../../../../arm-none-eabi/lib/thumb/v7-m/nofp\libg.a(lib_a-findfp.o)
                0x08006898                __sfp_lock_release
 .text.__libc_fini_array
                0x080068a4       0x2c c:/users/hjs/documents/clionprojects/_tools/gcc-arm-none-eabi/bin/../lib/gcc/arm-none-eabi/10.3.1/../../../../arm-none-eabi/lib/thumb/v7-m/nofp\libg.a(lib_a-fini.o)
                0x080068a4                __libc_fini_array
 .text._malloc_trim_r
                0x080068d0       0xa0 c:/users/hjs/documents/clionprojects/_tools/gcc-arm-none-eabi/bin/../lib/gcc/arm-none-eabi/10.3.1/../../../../arm-none-eabi/lib/thumb/v7-m/nofp\libg.a(lib_a-freer.o)
                0x080068d0                _malloc_trim_r
 .text._free_r  0x08006970      0x200 c:/users/hjs/documents/clionprojects/_tools/gcc-arm-none-eabi/bin/../lib/gcc/arm-none-eabi/10.3.1/../../../../arm-none-eabi/lib/thumb/v7-m/nofp\libg.a(lib_a-freer.o)
                0x08006970                _free_r
 .text.__sfvwrite_r
                0x08006b70      0x2f0 c:/users/hjs/documents/clionprojects/_tools/gcc-arm-none-eabi/bin/../lib/gcc/arm-none-eabi/10.3.1/../../../../arm-none-eabi/lib/thumb/v7-m/nofp\libg.a(lib_a-fvwrite.o)
                0x08006b70                __sfvwrite_r
 .text._fwalk_reent
                0x08006e60       0x48 c:/users/hjs/documents/clionprojects/_tools/gcc-arm-none-eabi/bin/../lib/gcc/arm-none-eabi/10.3.1/../../../../arm-none-eabi/lib/thumb/v7-m/nofp\libg.a(lib_a-fwalk.o)
                0x08006e60                _fwalk_reent
 .text._localeconv_r
                0x08006ea8        0x8 c:/users/hjs/documents/clionprojects/_tools/gcc-arm-none-eabi/bin/../lib/gcc/arm-none-eabi/10.3.1/../../../../arm-none-eabi/lib/thumb/v7-m/nofp\libg.a(lib_a-localeconv.o)
                0x08006ea8                _localeconv_r
 .text.__retarget_lock_init_recursive
                0x08006eb0        0x4 c:/users/hjs/documents/clionprojects/_tools/gcc-arm-none-eabi/bin/../lib/gcc/arm-none-eabi/10.3.1/../../../../arm-none-eabi/lib/thumb/v7-m/nofp\libg.a(lib_a-lock.o)
                0x08006eb0                __retarget_lock_init_recursive
 .text.__retarget_lock_close_recursive
                0x08006eb4        0x4 c:/users/hjs/documents/clionprojects/_tools/gcc-arm-none-eabi/bin/../lib/gcc/arm-none-eabi/10.3.1/../../../../arm-none-eabi/lib/thumb/v7-m/nofp\libg.a(lib_a-lock.o)
                0x08006eb4                __retarget_lock_close_recursive
 .text.__retarget_lock_acquire_recursive
                0x08006eb8        0x4 c:/users/hjs/documents/clionprojects/_tools/gcc-arm-none-eabi/bin/../lib/gcc/arm-none-eabi/10.3.1/../../../../arm-none-eabi/lib/thumb/v7-m/nofp\libg.a(lib_a-lock.o)
                0x08006eb8                __retarget_lock_acquire_recursive
 .text.__retarget_lock_release_recursive
                0x08006ebc        0x4 c:/users/hjs/documents/clionprojects/_tools/gcc-arm-none-eabi/bin/../lib/gcc/arm-none-eabi/10.3.1/../../../../arm-none-eabi/lib/thumb/v7-m/nofp\libg.a(lib_a-lock.o)
                0x08006ebc                __retarget_lock_release_recursive
 .text.__smakebuf_r
                0x08006ec0       0xe0 c:/users/hjs/documents/clionprojects/_tools/gcc-arm-none-eabi/bin/../lib/gcc/arm-none-eabi/10.3.1/../../../../arm-none-eabi/lib/thumb/v7-m/nofp\libg.a(lib_a-makebuf.o)
                0x08006ec0                __smakebuf_r
 .text._malloc_r
                0x08006fa0      0x558 c:/users/hjs/documents/clionprojects/_tools/gcc-arm-none-eabi/bin/../lib/gcc/arm-none-eabi/10.3.1/../../../../arm-none-eabi/lib/thumb/v7-m/nofp\libg.a(lib_a-mallocr.o)
                0x08006fa0                _malloc_r
 .text.memchr   0x080074f8       0x90 c:/users/hjs/documents/clionprojects/_tools/gcc-arm-none-eabi/bin/../lib/gcc/arm-none-eabi/10.3.1/../../../../arm-none-eabi/lib/thumb/v7-m/nofp\libg.a(lib_a-memchr-stub.o)
                0x080074f8                memchr
 .text.memmove  0x08007588       0xf8 c:/users/hjs/documents/clionprojects/_tools/gcc-arm-none-eabi/bin/../lib/gcc/arm-none-eabi/10.3.1/../../../../arm-none-eabi/lib/thumb/v7-m/nofp\libg.a(lib_a-memmove.o)
                0x08007588                memmove
 .text.__malloc_lock
                0x08007680        0xc c:/users/hjs/documents/clionprojects/_tools/gcc-arm-none-eabi/bin/../lib/gcc/arm-none-eabi/10.3.1/../../../../arm-none-eabi/lib/thumb/v7-m/nofp\libg.a(lib_a-mlock.o)
                0x08007680                __malloc_lock
 .text.__malloc_unlock
                0x0800768c        0xc c:/users/hjs/documents/clionprojects/_tools/gcc-arm-none-eabi/bin/../lib/gcc/arm-none-eabi/10.3.1/../../../../arm-none-eabi/lib/thumb/v7-m/nofp\libg.a(lib_a-mlock.o)
                0x0800768c                __malloc_unlock
 .text._Balloc  0x08007698       0x4c c:/users/hjs/documents/clionprojects/_tools/gcc-arm-none-eabi/bin/../lib/gcc/arm-none-eabi/10.3.1/../../../../arm-none-eabi/lib/thumb/v7-m/nofp\libg.a(lib_a-mprec.o)
                0x08007698                _Balloc
 .text._Bfree   0x080076e4       0x14 c:/users/hjs/documents/clionprojects/_tools/gcc-arm-none-eabi/bin/../lib/gcc/arm-none-eabi/10.3.1/../../../../arm-none-eabi/lib/thumb/v7-m/nofp\libg.a(lib_a-mprec.o)
                0x080076e4                _Bfree
 .text.__multadd
                0x080076f8       0xa4 c:/users/hjs/documents/clionprojects/_tools/gcc-arm-none-eabi/bin/../lib/gcc/arm-none-eabi/10.3.1/../../../../arm-none-eabi/lib/thumb/v7-m/nofp\libg.a(lib_a-mprec.o)
                0x080076f8                __multadd
 .text.__hi0bits
                0x0800779c       0x40 c:/users/hjs/documents/clionprojects/_tools/gcc-arm-none-eabi/bin/../lib/gcc/arm-none-eabi/10.3.1/../../../../arm-none-eabi/lib/thumb/v7-m/nofp\libg.a(lib_a-mprec.o)
                0x0800779c                __hi0bits
 .text.__lo0bits
                0x080077dc       0x58 c:/users/hjs/documents/clionprojects/_tools/gcc-arm-none-eabi/bin/../lib/gcc/arm-none-eabi/10.3.1/../../../../arm-none-eabi/lib/thumb/v7-m/nofp\libg.a(lib_a-mprec.o)
                0x080077dc                __lo0bits
 .text.__i2b    0x08007834       0x5c c:/users/hjs/documents/clionprojects/_tools/gcc-arm-none-eabi/bin/../lib/gcc/arm-none-eabi/10.3.1/../../../../arm-none-eabi/lib/thumb/v7-m/nofp\libg.a(lib_a-mprec.o)
                0x08007834                __i2b
 .text.__multiply
                0x08007890      0x15c c:/users/hjs/documents/clionprojects/_tools/gcc-arm-none-eabi/bin/../lib/gcc/arm-none-eabi/10.3.1/../../../../arm-none-eabi/lib/thumb/v7-m/nofp\libg.a(lib_a-mprec.o)
                0x08007890                __multiply
 .text.__pow5mult
                0x080079ec       0xb8 c:/users/hjs/documents/clionprojects/_tools/gcc-arm-none-eabi/bin/../lib/gcc/arm-none-eabi/10.3.1/../../../../arm-none-eabi/lib/thumb/v7-m/nofp\libg.a(lib_a-mprec.o)
                0x080079ec                __pow5mult
 .text.__lshift
                0x08007aa4       0xec c:/users/hjs/documents/clionprojects/_tools/gcc-arm-none-eabi/bin/../lib/gcc/arm-none-eabi/10.3.1/../../../../arm-none-eabi/lib/thumb/v7-m/nofp\libg.a(lib_a-mprec.o)
                0x08007aa4                __lshift
 .text.__mcmp   0x08007b90       0x40 c:/users/hjs/documents/clionprojects/_tools/gcc-arm-none-eabi/bin/../lib/gcc/arm-none-eabi/10.3.1/../../../../arm-none-eabi/lib/thumb/v7-m/nofp\libg.a(lib_a-mprec.o)
                0x08007b90                __mcmp
 .text.__mdiff  0x08007bd0      0x14c c:/users/hjs/documents/clionprojects/_tools/gcc-arm-none-eabi/bin/../lib/gcc/arm-none-eabi/10.3.1/../../../../arm-none-eabi/lib/thumb/v7-m/nofp\libg.a(lib_a-mprec.o)
                0x08007bd0                __mdiff
 .text.__d2b    0x08007d1c       0xc4 c:/users/hjs/documents/clionprojects/_tools/gcc-arm-none-eabi/bin/../lib/gcc/arm-none-eabi/10.3.1/../../../../arm-none-eabi/lib/thumb/v7-m/nofp\libg.a(lib_a-mprec.o)
                0x08007d1c                __d2b
 .text._realloc_r
                0x08007de0      0x3dc c:/users/hjs/documents/clionprojects/_tools/gcc-arm-none-eabi/bin/../lib/gcc/arm-none-eabi/10.3.1/../../../../arm-none-eabi/lib/thumb/v7-m/nofp\libg.a(lib_a-reallocr.o)
                0x08007de0                _realloc_r
 .text.frexp    0x080081bc       0x70 c:/users/hjs/documents/clionprojects/_tools/gcc-arm-none-eabi/bin/../lib/gcc/arm-none-eabi/10.3.1/../../../../arm-none-eabi/lib/thumb/v7-m/nofp\libg.a(lib_a-s_frexp.o)
                0x080081bc                frexp
 .text._sbrk_r  0x0800822c       0x24 c:/users/hjs/documents/clionprojects/_tools/gcc-arm-none-eabi/bin/../lib/gcc/arm-none-eabi/10.3.1/../../../../arm-none-eabi/lib/thumb/v7-m/nofp\libg.a(lib_a-sbrkr.o)
                0x0800822c                _sbrk_r
 .text.__sread  0x08008250       0x24 c:/users/hjs/documents/clionprojects/_tools/gcc-arm-none-eabi/bin/../lib/gcc/arm-none-eabi/10.3.1/../../../../arm-none-eabi/lib/thumb/v7-m/nofp\libg.a(lib_a-stdio.o)
                0x08008250                __sread
 .text.__swrite
                0x08008274       0x40 c:/users/hjs/documents/clionprojects/_tools/gcc-arm-none-eabi/bin/../lib/gcc/arm-none-eabi/10.3.1/../../../../arm-none-eabi/lib/thumb/v7-m/nofp\libg.a(lib_a-stdio.o)
                0x08008274                __swrite
 .text.__sseek  0x080082b4       0x20 c:/users/hjs/documents/clionprojects/_tools/gcc-arm-none-eabi/bin/../lib/gcc/arm-none-eabi/10.3.1/../../../../arm-none-eabi/lib/thumb/v7-m/nofp\libg.a(lib_a-stdio.o)
                0x080082b4                __sseek
 .text.__sclose
                0x080082d4        0x8 c:/users/hjs/documents/clionprojects/_tools/gcc-arm-none-eabi/bin/../lib/gcc/arm-none-eabi/10.3.1/../../../../arm-none-eabi/lib/thumb/v7-m/nofp\libg.a(lib_a-stdio.o)
                0x080082d4                __sclose
 .text.strncpy  0x080082dc       0x68 c:/users/hjs/documents/clionprojects/_tools/gcc-arm-none-eabi/bin/../lib/gcc/arm-none-eabi/10.3.1/../../../../arm-none-eabi/lib/thumb/v7-m/nofp\libg.a(lib_a-strncpy.o)
                0x080082dc                strncpy
 .text.__sprint_r.part.0
                0x08008344       0x78 c:/users/hjs/documents/clionprojects/_tools/gcc-arm-none-eabi/bin/../lib/gcc/arm-none-eabi/10.3.1/../../../../arm-none-eabi/lib/thumb/v7-m/nofp\libg.a(lib_a-vfiprintf.o)
 .text.__sprint_r
                0x080083bc       0x14 c:/users/hjs/documents/clionprojects/_tools/gcc-arm-none-eabi/bin/../lib/gcc/arm-none-eabi/10.3.1/../../../../arm-none-eabi/lib/thumb/v7-m/nofp\libg.a(lib_a-vfiprintf.o)
                0x080083bc                __sprint_r
 .text._vfiprintf_r
                0x080083d0      0xd98 c:/users/hjs/documents/clionprojects/_tools/gcc-arm-none-eabi/bin/../lib/gcc/arm-none-eabi/10.3.1/../../../../arm-none-eabi/lib/thumb/v7-m/nofp\libg.a(lib_a-vfiprintf.o)
                0x080083d0                _vfiprintf_r
 .text.__sbprintf
                0x08009168       0x84 c:/users/hjs/documents/clionprojects/_tools/gcc-arm-none-eabi/bin/../lib/gcc/arm-none-eabi/10.3.1/../../../../arm-none-eabi/lib/thumb/v7-m/nofp\libg.a(lib_a-vfiprintf.o)
 .text._write_r
                0x080091ec       0x2c c:/users/hjs/documents/clionprojects/_tools/gcc-arm-none-eabi/bin/../lib/gcc/arm-none-eabi/10.3.1/../../../../arm-none-eabi/lib/thumb/v7-m/nofp\libg.a(lib_a-writer.o)
                0x080091ec                _write_r
 .text.__register_exitproc
                0x08009218       0x8c c:/users/hjs/documents/clionprojects/_tools/gcc-arm-none-eabi/bin/../lib/gcc/arm-none-eabi/10.3.1/../../../../arm-none-eabi/lib/thumb/v7-m/nofp\libg.a(lib_a-__atexit.o)
                0x08009218                __register_exitproc
 .text.__assert_func
                0x080092a4       0x40 c:/users/hjs/documents/clionprojects/_tools/gcc-arm-none-eabi/bin/../lib/gcc/arm-none-eabi/10.3.1/../../../../arm-none-eabi/lib/thumb/v7-m/nofp\libg.a(lib_a-assert.o)
                0x080092a4                __assert_func
 .text._calloc_r
                0x080092e4       0x78 c:/users/hjs/documents/clionprojects/_tools/gcc-arm-none-eabi/bin/../lib/gcc/arm-none-eabi/10.3.1/../../../../arm-none-eabi/lib/thumb/v7-m/nofp\libg.a(lib_a-callocr.o)
                0x080092e4                _calloc_r
 .text._close_r
                0x0800935c       0x24 c:/users/hjs/documents/clionprojects/_tools/gcc-arm-none-eabi/bin/../lib/gcc/arm-none-eabi/10.3.1/../../../../arm-none-eabi/lib/thumb/v7-m/nofp\libg.a(lib_a-closer.o)
                0x0800935c                _close_r
 .text._fclose_r
                0x08009380       0xcc c:/users/hjs/documents/clionprojects/_tools/gcc-arm-none-eabi/bin/../lib/gcc/arm-none-eabi/10.3.1/../../../../arm-none-eabi/lib/thumb/v7-m/nofp\libg.a(lib_a-fclose.o)
                0x08009380                _fclose_r
 .text.fiprintf
                0x0800944c       0x28 c:/users/hjs/documents/clionprojects/_tools/gcc-arm-none-eabi/bin/../lib/gcc/arm-none-eabi/10.3.1/../../../../arm-none-eabi/lib/thumb/v7-m/nofp\libg.a(lib_a-fiprintf.o)
                0x0800944c                fiprintf
 .text.__fputwc
                0x08009474       0xa0 c:/users/hjs/documents/clionprojects/_tools/gcc-arm-none-eabi/bin/../lib/gcc/arm-none-eabi/10.3.1/../../../../arm-none-eabi/lib/thumb/v7-m/nofp\libg.a(lib_a-fputwc.o)
                0x08009474                __fputwc
 .text._fputwc_r
                0x08009514       0x68 c:/users/hjs/documents/clionprojects/_tools/gcc-arm-none-eabi/bin/../lib/gcc/arm-none-eabi/10.3.1/../../../../arm-none-eabi/lib/thumb/v7-m/nofp\libg.a(lib_a-fputwc.o)
                0x08009514                _fputwc_r
 .text._fstat_r
                0x0800957c       0x28 c:/users/hjs/documents/clionprojects/_tools/gcc-arm-none-eabi/bin/../lib/gcc/arm-none-eabi/10.3.1/../../../../arm-none-eabi/lib/thumb/v7-m/nofp\libg.a(lib_a-fstatr.o)
                0x0800957c                _fstat_r
 .text._isatty_r
                0x080095a4       0x24 c:/users/hjs/documents/clionprojects/_tools/gcc-arm-none-eabi/bin/../lib/gcc/arm-none-eabi/10.3.1/../../../../arm-none-eabi/lib/thumb/v7-m/nofp\libg.a(lib_a-isattyr.o)
                0x080095a4                _isatty_r
 .text.__locale_mb_cur_max
                0x080095c8        0xc c:/users/hjs/documents/clionprojects/_tools/gcc-arm-none-eabi/bin/../lib/gcc/arm-none-eabi/10.3.1/../../../../arm-none-eabi/lib/thumb/v7-m/nofp\libg.a(lib_a-locale.o)
                0x080095c8                __locale_mb_cur_max
 .text._lseek_r
                0x080095d4       0x2c c:/users/hjs/documents/clionprojects/_tools/gcc-arm-none-eabi/bin/../lib/gcc/arm-none-eabi/10.3.1/../../../../arm-none-eabi/lib/thumb/v7-m/nofp\libg.a(lib_a-lseekr.o)
                0x080095d4                _lseek_r
 .text.__ascii_mbtowc
                0x08009600       0x2c c:/users/hjs/documents/clionprojects/_tools/gcc-arm-none-eabi/bin/../lib/gcc/arm-none-eabi/10.3.1/../../../../arm-none-eabi/lib/thumb/v7-m/nofp\libg.a(lib_a-mbtowc_r.o)
                0x08009600                __ascii_mbtowc
 .text._read_r  0x0800962c       0x2c c:/users/hjs/documents/clionprojects/_tools/gcc-arm-none-eabi/bin/../lib/gcc/arm-none-eabi/10.3.1/../../../../arm-none-eabi/lib/thumb/v7-m/nofp\libg.a(lib_a-readr.o)
                0x0800962c                _read_r
 .text.__swbuf_r
                0x08009658       0xb0 c:/users/hjs/documents/clionprojects/_tools/gcc-arm-none-eabi/bin/../lib/gcc/arm-none-eabi/10.3.1/../../../../arm-none-eabi/lib/thumb/v7-m/nofp\libg.a(lib_a-wbuf.o)
                0x08009658                __swbuf_r
 .text._wcrtomb_r
                0x08009708       0x3c c:/users/hjs/documents/clionprojects/_tools/gcc-arm-none-eabi/bin/../lib/gcc/arm-none-eabi/10.3.1/../../../../arm-none-eabi/lib/thumb/v7-m/nofp\libg.a(lib_a-wcrtomb.o)
                0x08009708                _wcrtomb_r
 .text.__ascii_wctomb
                0x08009744       0x1c c:/users/hjs/documents/clionprojects/_tools/gcc-arm-none-eabi/bin/../lib/gcc/arm-none-eabi/10.3.1/../../../../arm-none-eabi/lib/thumb/v7-m/nofp\libg.a(lib_a-wctomb_r.o)
                0x08009744                __ascii_wctomb
 .text.abort    0x08009760       0x10 c:/users/hjs/documents/clionprojects/_tools/gcc-arm-none-eabi/bin/../lib/gcc/arm-none-eabi/10.3.1/../../../../arm-none-eabi/lib/thumb/v7-m/nofp\libg.a(lib_a-abort.o)
                0x08009760                abort
 .text.raise    0x08009770       0x5c c:/users/hjs/documents/clionprojects/_tools/gcc-arm-none-eabi/bin/../lib/gcc/arm-none-eabi/10.3.1/../../../../arm-none-eabi/lib/thumb/v7-m/nofp\libg.a(lib_a-signal.o)
                0x08009770                raise
 .text._kill_r  0x080097cc       0x28 c:/users/hjs/documents/clionprojects/_tools/gcc-arm-none-eabi/bin/../lib/gcc/arm-none-eabi/10.3.1/../../../../arm-none-eabi/lib/thumb/v7-m/nofp\libg.a(lib_a-signalr.o)
                0x080097cc                _kill_r
 .text._getpid_r
                0x080097f4        0x4 c:/users/hjs/documents/clionprojects/_tools/gcc-arm-none-eabi/bin/../lib/gcc/arm-none-eabi/10.3.1/../../../../arm-none-eabi/lib/thumb/v7-m/nofp\libg.a(lib_a-signalr.o)
                0x080097f4                _getpid_r
 *(.glue_7)
 .glue_7        0x080097f8        0x0 linker stubs
 *(.glue_7t)
 .glue_7t       0x080097f8        0x0 linker stubs
 *(.eh_frame)
 .eh_frame      0x080097f8        0x0 c:/users/hjs/documents/clionprojects/_tools/gcc-arm-none-eabi/bin/../lib/gcc/arm-none-eabi/10.3.1/thumb/v7-m/nofp/crtbegin.o
 *(.init)
 .init          0x080097f8        0x4 c:/users/hjs/documents/clionprojects/_tools/gcc-arm-none-eabi/bin/../lib/gcc/arm-none-eabi/10.3.1/thumb/v7-m/nofp/crti.o
                0x080097f8                _init
 .init          0x080097fc        0x8 c:/users/hjs/documents/clionprojects/_tools/gcc-arm-none-eabi/bin/../lib/gcc/arm-none-eabi/10.3.1/thumb/v7-m/nofp/crtn.o
 *(.fini)
 .fini          0x08009804        0x4 c:/users/hjs/documents/clionprojects/_tools/gcc-arm-none-eabi/bin/../lib/gcc/arm-none-eabi/10.3.1/thumb/v7-m/nofp/crti.o
                0x08009804                _fini
 .fini          0x08009808        0x8 c:/users/hjs/documents/clionprojects/_tools/gcc-arm-none-eabi/bin/../lib/gcc/arm-none-eabi/10.3.1/thumb/v7-m/nofp/crtn.o
                0x08009810                . = ALIGN (0x4)
                0x08009810                _etext = .

.vfp11_veneer   0x08009810        0x0
 .vfp11_veneer  0x08009810        0x0 linker stubs

.v4_bx          0x08009810        0x0
 .v4_bx         0x08009810        0x0 linker stubs

.iplt           0x08009810        0x0
 .iplt          0x08009810        0x0 c:/users/hjs/documents/clionprojects/_tools/gcc-arm-none-eabi/bin/../lib/gcc/arm-none-eabi/10.3.1/thumb/v7-m/nofp/crtbegin.o

.rodata         0x08009810      0x6a8
                0x08009810                . = ALIGN (0x4)
 *(.rodata)
 *(.rodata*)
 .rodata.sht4x_self_test.str1.4
                0x08009810       0x3c CMakeFiles/STC31_Sensor.elf.dir/Core/Src/main.c.obj
 .rodata.stc31_self_test.str1.4
                0x0800984c      0x12b CMakeFiles/STC31_Sensor.elf.dir/Core/Src/main.c.obj
 *fill*         0x08009977        0x1 
 .rodata.bmp388_self_test.str1.4
                0x08009978       0x41 CMakeFiles/STC31_Sensor.elf.dir/Core/Src/main.c.obj
 *fill*         0x080099b9        0x3 
 .rodata.main.str1.4
                0x080099bc       0xcd CMakeFiles/STC31_Sensor.elf.dir/Core/Src/main.c.obj
 *fill*         0x08009a89        0x3 
 .rodata.AHBPrescTable
                0x08009a8c       0x10 CMakeFiles/STC31_Sensor.elf.dir/Core/Src/system_stm32f1xx.c.obj
                0x08009a8c                AHBPrescTable
 .rodata.APBPrescTable
                0x08009a9c        0x8 CMakeFiles/STC31_Sensor.elf.dir/Core/Src/system_stm32f1xx.c.obj
                0x08009a9c                APBPrescTable
 .rodata.HAL_RCC_GetSysClockFreq.str1.4
                0x08009aa4       0x11 CMakeFiles/STC31_Sensor.elf.dir/Drivers/STM32F1xx_HAL_Driver/Src/stm32f1xx_hal_rcc.c.obj
 *fill*         0x08009ab5        0x3 
 .rodata._global_impure_ptr
                0x08009ab8        0x4 c:/users/hjs/documents/clionprojects/_tools/gcc-arm-none-eabi/bin/../lib/gcc/arm-none-eabi/10.3.1/../../../../arm-none-eabi/lib/thumb/v7-m/nofp\libg.a(lib_a-impure.o)
                0x08009ab8                _global_impure_ptr
 .rodata._puts_r.str1.4
                0x08009abc       0x11 c:/users/hjs/documents/clionprojects/_tools/gcc-arm-none-eabi/bin/../lib/gcc/arm-none-eabi/10.3.1/../../../../arm-none-eabi/lib/thumb/v7-m/nofp\libg.a(lib_a-puts.o)
                                  0x2 (size before relaxing)
 .rodata._vfprintf_r.str1.4
                0x08009abc       0x42 c:/users/hjs/documents/clionprojects/_tools/gcc-arm-none-eabi/bin/../lib/gcc/arm-none-eabi/10.3.1/../../../../arm-none-eabi/lib/thumb/v7-m/nofp\libg.a(lib_a-vfprintf.o)
 *fill*         0x08009afe        0x2 
 .rodata.blanks.1
                0x08009b00       0x10 c:/users/hjs/documents/clionprojects/_tools/gcc-arm-none-eabi/bin/../lib/gcc/arm-none-eabi/10.3.1/../../../../arm-none-eabi/lib/thumb/v7-m/nofp\libg.a(lib_a-vfprintf.o)
 .rodata.zeroes.0
                0x08009b10       0x10 c:/users/hjs/documents/clionprojects/_tools/gcc-arm-none-eabi/bin/../lib/gcc/arm-none-eabi/10.3.1/../../../../arm-none-eabi/lib/thumb/v7-m/nofp\libg.a(lib_a-vfprintf.o)
 .rodata._dtoa_r.str1.4
                0x08009b20       0xa2 c:/users/hjs/documents/clionprojects/_tools/gcc-arm-none-eabi/bin/../lib/gcc/arm-none-eabi/10.3.1/../../../../arm-none-eabi/lib/thumb/v7-m/nofp\libg.a(lib_a-dtoa.o)
                                 0xa6 (size before relaxing)
 *fill*         0x08009bc2        0x2 
 .rodata.__multadd.str1.4
                0x08009bc4       0x7f c:/users/hjs/documents/clionprojects/_tools/gcc-arm-none-eabi/bin/../lib/gcc/arm-none-eabi/10.3.1/../../../../arm-none-eabi/lib/thumb/v7-m/nofp\libg.a(lib_a-mprec.o)
                                 0x93 (size before relaxing)
 *fill*         0x08009c43        0x5 
 .rodata.__mprec_bigtens
                0x08009c48       0x28 c:/users/hjs/documents/clionprojects/_tools/gcc-arm-none-eabi/bin/../lib/gcc/arm-none-eabi/10.3.1/../../../../arm-none-eabi/lib/thumb/v7-m/nofp\libg.a(lib_a-mprec.o)
                0x08009c48                __mprec_bigtens
 .rodata.__mprec_tens
                0x08009c70       0xc8 c:/users/hjs/documents/clionprojects/_tools/gcc-arm-none-eabi/bin/../lib/gcc/arm-none-eabi/10.3.1/../../../../arm-none-eabi/lib/thumb/v7-m/nofp\libg.a(lib_a-mprec.o)
                0x08009c70                __mprec_tens
 .rodata.p05.0  0x08009d38        0xc c:/users/hjs/documents/clionprojects/_tools/gcc-arm-none-eabi/bin/../lib/gcc/arm-none-eabi/10.3.1/../../../../arm-none-eabi/lib/thumb/v7-m/nofp\libg.a(lib_a-mprec.o)
 .rodata._vfiprintf_r.str1.4
                0x08009d44       0x2f c:/users/hjs/documents/clionprojects/_tools/gcc-arm-none-eabi/bin/../lib/gcc/arm-none-eabi/10.3.1/../../../../arm-none-eabi/lib/thumb/v7-m/nofp\libg.a(lib_a-vfiprintf.o)
 .rodata.blanks.1
                0x08009d44       0x10 c:/users/hjs/documents/clionprojects/_tools/gcc-arm-none-eabi/bin/../lib/gcc/arm-none-eabi/10.3.1/../../../../arm-none-eabi/lib/thumb/v7-m/nofp\libg.a(lib_a-vfiprintf.o)
 .rodata.zeroes.0
                0x08009d54       0x10 c:/users/hjs/documents/clionprojects/_tools/gcc-arm-none-eabi/bin/../lib/gcc/arm-none-eabi/10.3.1/../../../../arm-none-eabi/lib/thumb/v7-m/nofp\libg.a(lib_a-vfiprintf.o)
 .rodata.__assert_func.str1.4
                0x08009d64       0x3f c:/users/hjs/documents/clionprojects/_tools/gcc-arm-none-eabi/bin/../lib/gcc/arm-none-eabi/10.3.1/../../../../arm-none-eabi/lib/thumb/v7-m/nofp\libg.a(lib_a-assert.o)
                                 0x43 (size before relaxing)
 *fill*         0x08009da3        0x1 
 .rodata._setlocale_r.str1.4
                0x08009da4        0xa c:/users/hjs/documents/clionprojects/_tools/gcc-arm-none-eabi/bin/../lib/gcc/arm-none-eabi/10.3.1/../../../../arm-none-eabi/lib/thumb/v7-m/nofp\libg.a(lib_a-locale.o)
                                  0xd (size before relaxing)
 *fill*         0x08009dae        0x2 
 .rodata.str1.4
                0x08009db0        0x2 c:/users/hjs/documents/clionprojects/_tools/gcc-arm-none-eabi/bin/../lib/gcc/arm-none-eabi/10.3.1/../../../../arm-none-eabi/lib/thumb/v7-m/nofp\libg.a(lib_a-locale.o)
 *fill*         0x08009db2        0x2 
 .rodata._ctype_
                0x08009db4      0x101 c:/users/hjs/documents/clionprojects/_tools/gcc-arm-none-eabi/bin/../lib/gcc/arm-none-eabi/10.3.1/../../../../arm-none-eabi/lib/thumb/v7-m/nofp\libg.a(lib_a-ctype_.o)
                0x08009db4                _ctype_
                0x08009eb8                . = ALIGN (0x4)
 *fill*         0x08009eb5        0x3 

.ARM.extab
 *(.ARM.extab* .gnu.linkonce.armextab.*)

.ARM            0x08009eb8        0x8
                0x08009eb8                __exidx_start = .
 *(.ARM.exidx*)
 .ARM.exidx     0x08009eb8        0x8 c:/users/hjs/documents/clionprojects/_tools/gcc-arm-none-eabi/bin/../lib/gcc/arm-none-eabi/10.3.1/thumb/v7-m/nofp\libgcc.a(_udivmoddi4.o)
                0x08009ec0                __exidx_end = .

.rel.dyn        0x08009ec0        0x0
 .rel.iplt      0x08009ec0        0x0 c:/users/hjs/documents/clionprojects/_tools/gcc-arm-none-eabi/bin/../lib/gcc/arm-none-eabi/10.3.1/thumb/v7-m/nofp/crtbegin.o

.preinit_array  0x08009ec0        0x0
                0x08009ec0                PROVIDE (__preinit_array_start = .)
 *(.preinit_array*)
                0x08009ec0                PROVIDE (__preinit_array_end = .)

.init_array     0x08009ec0        0x8
                0x08009ec0                PROVIDE (__init_array_start = .)
 *(SORT_BY_NAME(.init_array.*))
 .init_array.00000
                0x08009ec0        0x4 c:/users/hjs/documents/clionprojects/_tools/gcc-arm-none-eabi/bin/../lib/gcc/arm-none-eabi/10.3.1/../../../../arm-none-eabi/lib/thumb/v7-m/nofp\libg.a(lib_a-__call_atexit.o)
 *(.init_array*)
 .init_array    0x08009ec4        0x4 c:/users/hjs/documents/clionprojects/_tools/gcc-arm-none-eabi/bin/../lib/gcc/arm-none-eabi/10.3.1/thumb/v7-m/nofp/crtbegin.o
                0x08009ec8                PROVIDE (__init_array_end = .)

.fini_array     0x08009ec8        0x4
                0x08009ec8                PROVIDE (__fini_array_start = .)
 *(SORT_BY_NAME(.fini_array.*))
 *(.fini_array*)
 .fini_array    0x08009ec8        0x4 c:/users/hjs/documents/clionprojects/_tools/gcc-arm-none-eabi/bin/../lib/gcc/arm-none-eabi/10.3.1/thumb/v7-m/nofp/crtbegin.o
                0x08009ecc                PROVIDE (__fini_array_end = .)
                0x08009ecc                _sidata = LOADADDR (.data)

.data           0x20000000      0x9c0 load address 0x08009ecc
                0x20000000                . = ALIGN (0x4)
                0x20000000                _sdata = .
 *(.data)
 *(.data*)
 .data.sht4x_cmd_measure
                0x20000000        0x1 CMakeFiles/STC31_Sensor.elf.dir/Core/Src/sht4x.c.obj
 *fill*         0x20000001        0x1 
 .data.sht4x_cmd_measure_delay_us
                0x20000002        0x2 CMakeFiles/STC31_Sensor.elf.dir/Core/Src/sht4x.c.obj
 .data.SystemCoreClock
                0x20000004        0x4 CMakeFiles/STC31_Sensor.elf.dir/Core/Src/system_stm32f1xx.c.obj
                0x20000004                SystemCoreClock
 .data.uwTickFreq
                0x20000008        0x1 CMakeFiles/STC31_Sensor.elf.dir/Drivers/STM32F1xx_HAL_Driver/Src/stm32f1xx_hal.c.obj
                0x20000008                uwTickFreq
 *fill*         0x20000009        0x3 
 .data.uwTickPrio
                0x2000000c        0x4 CMakeFiles/STC31_Sensor.elf.dir/Drivers/STM32F1xx_HAL_Driver/Src/stm32f1xx_hal.c.obj
                0x2000000c                uwTickPrio
 .data._impure_ptr
                0x20000010        0x4 c:/users/hjs/documents/clionprojects/_tools/gcc-arm-none-eabi/bin/../lib/gcc/arm-none-eabi/10.3.1/../../../../arm-none-eabi/lib/thumb/v7-m/nofp\libg.a(lib_a-impure.o)
                0x20000010                _impure_ptr
 *fill*         0x20000014        0x4 
 .data.impure_data
                0x20000018      0x428 c:/users/hjs/documents/clionprojects/_tools/gcc-arm-none-eabi/bin/../lib/gcc/arm-none-eabi/10.3.1/../../../../arm-none-eabi/lib/thumb/v7-m/nofp\libg.a(lib_a-impure.o)
 .data.__atexit_recursive_mutex
                0x20000440        0x4 c:/users/hjs/documents/clionprojects/_tools/gcc-arm-none-eabi/bin/../lib/gcc/arm-none-eabi/10.3.1/../../../../arm-none-eabi/lib/thumb/v7-m/nofp\libg.a(lib_a-__call_atexit.o)
                0x20000440                __atexit_recursive_mutex
 .data.__malloc_av_
                0x20000444      0x408 c:/users/hjs/documents/clionprojects/_tools/gcc-arm-none-eabi/bin/../lib/gcc/arm-none-eabi/10.3.1/../../../../arm-none-eabi/lib/thumb/v7-m/nofp\libg.a(lib_a-mallocr.o)
                0x20000444                __malloc_av_
 .data.__malloc_sbrk_base
                0x2000084c        0x4 c:/users/hjs/documents/clionprojects/_tools/gcc-arm-none-eabi/bin/../lib/gcc/arm-none-eabi/10.3.1/../../../../arm-none-eabi/lib/thumb/v7-m/nofp\libg.a(lib_a-mallocr.o)
                0x2000084c                __malloc_sbrk_base
 .data.__malloc_trim_threshold
                0x20000850        0x4 c:/users/hjs/documents/clionprojects/_tools/gcc-arm-none-eabi/bin/../lib/gcc/arm-none-eabi/10.3.1/../../../../arm-none-eabi/lib/thumb/v7-m/nofp\libg.a(lib_a-mallocr.o)
                0x20000850                __malloc_trim_threshold
 .data.__global_locale
                0x20000854      0x16c c:/users/hjs/documents/clionprojects/_tools/gcc-arm-none-eabi/bin/../lib/gcc/arm-none-eabi/10.3.1/../../../../arm-none-eabi/lib/thumb/v7-m/nofp\libg.a(lib_a-locale.o)
                0x20000854                __global_locale
                0x200009c0                . = ALIGN (0x4)
                0x200009c0                _edata = .

.igot.plt       0x200009c0        0x0 load address 0x0800a88c
 .igot.plt      0x200009c0        0x0 c:/users/hjs/documents/clionprojects/_tools/gcc-arm-none-eabi/bin/../lib/gcc/arm-none-eabi/10.3.1/thumb/v7-m/nofp/crtbegin.o
                0x200009c0                . = ALIGN (0x4)

.bss            0x200009c0      0x128 load address 0x0800a88c
                0x200009c0                _sbss = .
                0x200009c0                __bss_start__ = _sbss
 *(.bss)
 .bss           0x200009c0       0x1c c:/users/hjs/documents/clionprojects/_tools/gcc-arm-none-eabi/bin/../lib/gcc/arm-none-eabi/10.3.1/thumb/v7-m/nofp/crtbegin.o
 *(.bss*)
 *fill*         0x200009dc        0x4 
 .bss.calib_data
                0x200009e0       0x20 CMakeFiles/STC31_Sensor.elf.dir/Core/Src/bmp388.c.obj
                0x200009e0                calib_data
 .bss.hi2c2     0x20000a00       0x54 CMakeFiles/STC31_Sensor.elf.dir/Core/Src/sensirion_i2c_hal.c.obj
 .bss.heap_end.0
                0x20000a54        0x4 CMakeFiles/STC31_Sensor.elf.dir/Core/Src/syscalls.c.obj
 .bss.huart2    0x20000a58       0x44 CMakeFiles/STC31_Sensor.elf.dir/Core/Src/usart.c.obj
                0x20000a58                huart2
 .bss.uwTick    0x20000a9c        0x4 CMakeFiles/STC31_Sensor.elf.dir/Drivers/STM32F1xx_HAL_Driver/Src/stm32f1xx_hal.c.obj
                0x20000a9c                uwTick
 .bss.__lock___atexit_recursive_mutex
                0x20000aa0        0x1 c:/users/hjs/documents/clionprojects/_tools/gcc-arm-none-eabi/bin/../lib/gcc/arm-none-eabi/10.3.1/../../../../arm-none-eabi/lib/thumb/v7-m/nofp\libg.a(lib_a-lock.o)
                0x20000aa0                __lock___atexit_recursive_mutex
 *fill*         0x20000aa1        0x3 
 .bss.__lock___malloc_recursive_mutex
                0x20000aa4        0x1 c:/users/hjs/documents/clionprojects/_tools/gcc-arm-none-eabi/bin/../lib/gcc/arm-none-eabi/10.3.1/../../../../arm-none-eabi/lib/thumb/v7-m/nofp\libg.a(lib_a-lock.o)
                0x20000aa4                __lock___malloc_recursive_mutex
 *fill*         0x20000aa5        0x3 
 .bss.__lock___sfp_recursive_mutex
                0x20000aa8        0x1 c:/users/hjs/documents/clionprojects/_tools/gcc-arm-none-eabi/bin/../lib/gcc/arm-none-eabi/10.3.1/../../../../arm-none-eabi/lib/thumb/v7-m/nofp\libg.a(lib_a-lock.o)
                0x20000aa8                __lock___sfp_recursive_mutex
 *fill*         0x20000aa9        0x3 
 .bss.__lock___sinit_recursive_mutex
                0x20000aac        0x1 c:/users/hjs/documents/clionprojects/_tools/gcc-arm-none-eabi/bin/../lib/gcc/arm-none-eabi/10.3.1/../../../../arm-none-eabi/lib/thumb/v7-m/nofp\libg.a(lib_a-lock.o)
                0x20000aac                __lock___sinit_recursive_mutex
 *fill*         0x20000aad        0x3 
 .bss.__malloc_current_mallinfo
                0x20000ab0       0x28 c:/users/hjs/documents/clionprojects/_tools/gcc-arm-none-eabi/bin/../lib/gcc/arm-none-eabi/10.3.1/../../../../arm-none-eabi/lib/thumb/v7-m/nofp\libg.a(lib_a-mallocr.o)
                0x20000ab0                __malloc_current_mallinfo
 .bss.__malloc_max_sbrked_mem
                0x20000ad8        0x4 c:/users/hjs/documents/clionprojects/_tools/gcc-arm-none-eabi/bin/../lib/gcc/arm-none-eabi/10.3.1/../../../../arm-none-eabi/lib/thumb/v7-m/nofp\libg.a(lib_a-mallocr.o)
                0x20000ad8                __malloc_max_sbrked_mem
 .bss.__malloc_max_total_mem
                0x20000adc        0x4 c:/users/hjs/documents/clionprojects/_tools/gcc-arm-none-eabi/bin/../lib/gcc/arm-none-eabi/10.3.1/../../../../arm-none-eabi/lib/thumb/v7-m/nofp\libg.a(lib_a-mallocr.o)
                0x20000adc                __malloc_max_total_mem
 .bss.__malloc_top_pad
                0x20000ae0        0x4 c:/users/hjs/documents/clionprojects/_tools/gcc-arm-none-eabi/bin/../lib/gcc/arm-none-eabi/10.3.1/../../../../arm-none-eabi/lib/thumb/v7-m/nofp\libg.a(lib_a-mallocr.o)
                0x20000ae0                __malloc_top_pad
 .bss.errno     0x20000ae4        0x4 c:/users/hjs/documents/clionprojects/_tools/gcc-arm-none-eabi/bin/../lib/gcc/arm-none-eabi/10.3.1/../../../../arm-none-eabi/lib/thumb/v7-m/nofp\libg.a(lib_a-reent.o)
                0x20000ae4                errno
 *(COMMON)
                0x20000ae8                . = ALIGN (0x4)
                0x20000ae8                _ebss = .
                0x20000ae8                __bss_end__ = _ebss

._user_heap_stack
                0x20000ae8      0x600 load address 0x0800a88c
                0x20000ae8                . = ALIGN (0x8)
                0x20000ae8                PROVIDE (end = .)
                [!provide]                PROVIDE (_end = .)
                0x20000ce8                . = (. + _Min_Heap_Size)
 *fill*         0x20000ae8      0x200 
                0x200010e8                . = (. + _Min_Stack_Size)
 *fill*         0x20000ce8      0x400 
                0x200010e8                . = ALIGN (0x8)

/DISCARD/
 libc.a(*)
 libm.a(*)
 libgcc.a(*)

.ARM.attributes
                0x00000000       0x29
 *(.ARM.attributes)
 .ARM.attributes
                0x00000000       0x1d c:/users/hjs/documents/clionprojects/_tools/gcc-arm-none-eabi/bin/../lib/gcc/arm-none-eabi/10.3.1/thumb/v7-m/nofp/crti.o
 .ARM.attributes
                0x0000001d       0x2d c:/users/hjs/documents/clionprojects/_tools/gcc-arm-none-eabi/bin/../lib/gcc/arm-none-eabi/10.3.1/thumb/v7-m/nofp/crtbegin.o
 .ARM.attributes
                0x0000004a       0x2d CMakeFiles/STC31_Sensor.elf.dir/Core/Src/bmp388.c.obj
 .ARM.attributes
                0x00000077       0x2d CMakeFiles/STC31_Sensor.elf.dir/Core/Src/gpio.c.obj
 .ARM.attributes
                0x000000a4       0x2d CMakeFiles/STC31_Sensor.elf.dir/Core/Src/i2c.c.obj
 .ARM.attributes
                0x000000d1       0x2d CMakeFiles/STC31_Sensor.elf.dir/Core/Src/main.c.obj
 .ARM.attributes
                0x000000fe       0x2d CMakeFiles/STC31_Sensor.elf.dir/Core/Src/sensirion_common.c.obj
 .ARM.attributes
                0x0000012b       0x2d CMakeFiles/STC31_Sensor.elf.dir/Core/Src/sensirion_i2c.c.obj
 .ARM.attributes
                0x00000158       0x2d CMakeFiles/STC31_Sensor.elf.dir/Core/Src/sensirion_i2c_hal.c.obj
 .ARM.attributes
                0x00000185       0x2d CMakeFiles/STC31_Sensor.elf.dir/Core/Src/sht4x.c.obj
 .ARM.attributes
                0x000001b2       0x2d CMakeFiles/STC31_Sensor.elf.dir/Core/Src/stc3x_i2c.c.obj
 .ARM.attributes
                0x000001df       0x2d CMakeFiles/STC31_Sensor.elf.dir/Core/Src/stm32f1xx_hal_msp.c.obj
 .ARM.attributes
                0x0000020c       0x2d CMakeFiles/STC31_Sensor.elf.dir/Core/Src/stm32f1xx_it.c.obj
 .ARM.attributes
                0x00000239       0x2d CMakeFiles/STC31_Sensor.elf.dir/Core/Src/syscalls.c.obj
 .ARM.attributes
                0x00000266       0x2d CMakeFiles/STC31_Sensor.elf.dir/Core/Src/system_stm32f1xx.c.obj
 .ARM.attributes
                0x00000293       0x2d CMakeFiles/STC31_Sensor.elf.dir/Core/Src/usart.c.obj
 .ARM.attributes
                0x000002c0       0x2d CMakeFiles/STC31_Sensor.elf.dir/Drivers/STM32F1xx_HAL_Driver/Src/stm32f1xx_hal.c.obj
 .ARM.attributes
                0x000002ed       0x2d CMakeFiles/STC31_Sensor.elf.dir/Drivers/STM32F1xx_HAL_Driver/Src/stm32f1xx_hal_cortex.c.obj
 .ARM.attributes
                0x0000031a       0x2d CMakeFiles/STC31_Sensor.elf.dir/Drivers/STM32F1xx_HAL_Driver/Src/stm32f1xx_hal_gpio.c.obj
 .ARM.attributes
                0x00000347       0x2d CMakeFiles/STC31_Sensor.elf.dir/Drivers/STM32F1xx_HAL_Driver/Src/stm32f1xx_hal_i2c.c.obj
 .ARM.attributes
                0x00000374       0x2d CMakeFiles/STC31_Sensor.elf.dir/Drivers/STM32F1xx_HAL_Driver/Src/stm32f1xx_hal_rcc.c.obj
 .ARM.attributes
                0x000003a1       0x2d CMakeFiles/STC31_Sensor.elf.dir/Drivers/STM32F1xx_HAL_Driver/Src/stm32f1xx_hal_uart.c.obj
 .ARM.attributes
                0x000003ce       0x21 CMakeFiles/STC31_Sensor.elf.dir/startup/startup_stm32f103xb.s.obj
 .ARM.attributes
                0x000003ef       0x1d c:/users/hjs/documents/clionprojects/_tools/gcc-arm-none-eabi/bin/../lib/gcc/arm-none-eabi/10.3.1/thumb/v7-m/nofp\libgcc.a(_arm_addsubdf3.o)
 .ARM.attributes
                0x0000040c       0x1d c:/users/hjs/documents/clionprojects/_tools/gcc-arm-none-eabi/bin/../lib/gcc/arm-none-eabi/10.3.1/thumb/v7-m/nofp\libgcc.a(_arm_muldivdf3.o)
 .ARM.attributes
                0x00000429       0x1d c:/users/hjs/documents/clionprojects/_tools/gcc-arm-none-eabi/bin/../lib/gcc/arm-none-eabi/10.3.1/thumb/v7-m/nofp\libgcc.a(_arm_truncdfsf2.o)
 .ARM.attributes
                0x00000446       0x1d c:/users/hjs/documents/clionprojects/_tools/gcc-arm-none-eabi/bin/../lib/gcc/arm-none-eabi/10.3.1/thumb/v7-m/nofp\libgcc.a(_arm_addsubsf3.o)
 .ARM.attributes
                0x00000463       0x1d c:/users/hjs/documents/clionprojects/_tools/gcc-arm-none-eabi/bin/../lib/gcc/arm-none-eabi/10.3.1/thumb/v7-m/nofp\libgcc.a(_arm_muldivsf3.o)
 .ARM.attributes
                0x00000480       0x1d c:/users/hjs/documents/clionprojects/_tools/gcc-arm-none-eabi/bin/../lib/gcc/arm-none-eabi/10.3.1/thumb/v7-m/nofp\libgcc.a(_arm_fixunssfsi.o)
 .ARM.attributes
                0x0000049d       0x2d c:/users/hjs/documents/clionprojects/_tools/gcc-arm-none-eabi/bin/../lib/gcc/arm-none-eabi/10.3.1/../../../../arm-none-eabi/lib/thumb/v7-m/nofp\libg.a(lib_a-errno.o)
 .ARM.attributes
                0x000004ca       0x2d c:/users/hjs/documents/clionprojects/_tools/gcc-arm-none-eabi/bin/../lib/gcc/arm-none-eabi/10.3.1/../../../../arm-none-eabi/lib/thumb/v7-m/nofp\libg.a(lib_a-impure.o)
 .ARM.attributes
                0x000004f7       0x2d c:/users/hjs/documents/clionprojects/_tools/gcc-arm-none-eabi/bin/../lib/gcc/arm-none-eabi/10.3.1/../../../../arm-none-eabi/lib/thumb/v7-m/nofp\libg.a(lib_a-init.o)
 .ARM.attributes
                0x00000524       0x2d c:/users/hjs/documents/clionprojects/_tools/gcc-arm-none-eabi/bin/../lib/gcc/arm-none-eabi/10.3.1/../../../../arm-none-eabi/lib/thumb/v7-m/nofp\libg.a(lib_a-memset.o)
 .ARM.attributes
                0x00000551       0x2d c:/users/hjs/documents/clionprojects/_tools/gcc-arm-none-eabi/bin/../lib/gcc/arm-none-eabi/10.3.1/../../../../arm-none-eabi/lib/thumb/v7-m/nofp\libg.a(lib_a-printf.o)
 .ARM.attributes
                0x0000057e       0x2d c:/users/hjs/documents/clionprojects/_tools/gcc-arm-none-eabi/bin/../lib/gcc/arm-none-eabi/10.3.1/../../../../arm-none-eabi/lib/thumb/v7-m/nofp\libg.a(lib_a-puts.o)
 .ARM.attributes
                0x000005ab       0x2d c:/users/hjs/documents/clionprojects/_tools/gcc-arm-none-eabi/bin/../lib/gcc/arm-none-eabi/10.3.1/../../../../arm-none-eabi/lib/thumb/v7-m/nofp\libg.a(lib_a-strlen-stub.o)
 .ARM.attributes
                0x000005d8       0x2d c:/users/hjs/documents/clionprojects/_tools/gcc-arm-none-eabi/bin/../lib/gcc/arm-none-eabi/10.3.1/../../../../arm-none-eabi/lib/thumb/v7-m/nofp\libg.a(lib_a-vfprintf.o)
 .ARM.attributes
                0x00000605       0x2d c:/users/hjs/documents/clionprojects/_tools/gcc-arm-none-eabi/bin/../lib/gcc/arm-none-eabi/10.3.1/../../../../arm-none-eabi/lib/thumb/v7-m/nofp\libg.a(lib_a-wsetup.o)
 .ARM.attributes
                0x00000632       0x2d c:/users/hjs/documents/clionprojects/_tools/gcc-arm-none-eabi/bin/../lib/gcc/arm-none-eabi/10.3.1/../../../../arm-none-eabi/lib/thumb/v7-m/nofp\libg.a(lib_a-__call_atexit.o)
 .ARM.attributes
                0x0000065f       0x2d c:/users/hjs/documents/clionprojects/_tools/gcc-arm-none-eabi/bin/../lib/gcc/arm-none-eabi/10.3.1/../../../../arm-none-eabi/lib/thumb/v7-m/nofp\libg.a(lib_a-atexit.o)
 .ARM.attributes
                0x0000068c       0x2d c:/users/hjs/documents/clionprojects/_tools/gcc-arm-none-eabi/bin/../lib/gcc/arm-none-eabi/10.3.1/../../../../arm-none-eabi/lib/thumb/v7-m/nofp\libg.a(lib_a-dtoa.o)
 .ARM.attributes
                0x000006b9       0x2d c:/users/hjs/documents/clionprojects/_tools/gcc-arm-none-eabi/bin/../lib/gcc/arm-none-eabi/10.3.1/../../../../arm-none-eabi/lib/thumb/v7-m/nofp\libg.a(lib_a-fflush.o)
 .ARM.attributes
                0x000006e6       0x2d c:/users/hjs/documents/clionprojects/_tools/gcc-arm-none-eabi/bin/../lib/gcc/arm-none-eabi/10.3.1/../../../../arm-none-eabi/lib/thumb/v7-m/nofp\libg.a(lib_a-findfp.o)
 .ARM.attributes
                0x00000713       0x2d c:/users/hjs/documents/clionprojects/_tools/gcc-arm-none-eabi/bin/../lib/gcc/arm-none-eabi/10.3.1/../../../../arm-none-eabi/lib/thumb/v7-m/nofp\libg.a(lib_a-fini.o)
 .ARM.attributes
                0x00000740       0x2d c:/users/hjs/documents/clionprojects/_tools/gcc-arm-none-eabi/bin/../lib/gcc/arm-none-eabi/10.3.1/../../../../arm-none-eabi/lib/thumb/v7-m/nofp\libg.a(lib_a-freer.o)
 .ARM.attributes
                0x0000076d       0x2d c:/users/hjs/documents/clionprojects/_tools/gcc-arm-none-eabi/bin/../lib/gcc/arm-none-eabi/10.3.1/../../../../arm-none-eabi/lib/thumb/v7-m/nofp\libg.a(lib_a-fvwrite.o)
 .ARM.attributes
                0x0000079a       0x2d c:/users/hjs/documents/clionprojects/_tools/gcc-arm-none-eabi/bin/../lib/gcc/arm-none-eabi/10.3.1/../../../../arm-none-eabi/lib/thumb/v7-m/nofp\libg.a(lib_a-fwalk.o)
 .ARM.attributes
                0x000007c7       0x2d c:/users/hjs/documents/clionprojects/_tools/gcc-arm-none-eabi/bin/../lib/gcc/arm-none-eabi/10.3.1/../../../../arm-none-eabi/lib/thumb/v7-m/nofp\libg.a(lib_a-localeconv.o)
 .ARM.attributes
                0x000007f4       0x2d c:/users/hjs/documents/clionprojects/_tools/gcc-arm-none-eabi/bin/../lib/gcc/arm-none-eabi/10.3.1/../../../../arm-none-eabi/lib/thumb/v7-m/nofp\libg.a(lib_a-lock.o)
 .ARM.attributes
                0x00000821       0x2d c:/users/hjs/documents/clionprojects/_tools/gcc-arm-none-eabi/bin/../lib/gcc/arm-none-eabi/10.3.1/../../../../arm-none-eabi/lib/thumb/v7-m/nofp\libg.a(lib_a-makebuf.o)
 .ARM.attributes
                0x0000084e       0x2d c:/users/hjs/documents/clionprojects/_tools/gcc-arm-none-eabi/bin/../lib/gcc/arm-none-eabi/10.3.1/../../../../arm-none-eabi/lib/thumb/v7-m/nofp\libg.a(lib_a-mallocr.o)
 .ARM.attributes
                0x0000087b       0x2d c:/users/hjs/documents/clionprojects/_tools/gcc-arm-none-eabi/bin/../lib/gcc/arm-none-eabi/10.3.1/../../../../arm-none-eabi/lib/thumb/v7-m/nofp\libg.a(lib_a-memchr-stub.o)
 .ARM.attributes
                0x000008a8       0x1b c:/users/hjs/documents/clionprojects/_tools/gcc-arm-none-eabi/bin/../lib/gcc/arm-none-eabi/10.3.1/../../../../arm-none-eabi/lib/thumb/v7-m/nofp\libg.a(lib_a-memcpy.o)
 .ARM.attributes
                0x000008c3       0x2d c:/users/hjs/documents/clionprojects/_tools/gcc-arm-none-eabi/bin/../lib/gcc/arm-none-eabi/10.3.1/../../../../arm-none-eabi/lib/thumb/v7-m/nofp\libg.a(lib_a-memmove.o)
 .ARM.attributes
                0x000008f0       0x2d c:/users/hjs/documents/clionprojects/_tools/gcc-arm-none-eabi/bin/../lib/gcc/arm-none-eabi/10.3.1/../../../../arm-none-eabi/lib/thumb/v7-m/nofp\libg.a(lib_a-mlock.o)
 .ARM.attributes
                0x0000091d       0x2d c:/users/hjs/documents/clionprojects/_tools/gcc-arm-none-eabi/bin/../lib/gcc/arm-none-eabi/10.3.1/../../../../arm-none-eabi/lib/thumb/v7-m/nofp\libg.a(lib_a-mprec.o)
 .ARM.attributes
                0x0000094a       0x2d c:/users/hjs/documents/clionprojects/_tools/gcc-arm-none-eabi/bin/../lib/gcc/arm-none-eabi/10.3.1/../../../../arm-none-eabi/lib/thumb/v7-m/nofp\libg.a(lib_a-reallocr.o)
 .ARM.attributes
                0x00000977       0x2d c:/users/hjs/documents/clionprojects/_tools/gcc-arm-none-eabi/bin/../lib/gcc/arm-none-eabi/10.3.1/../../../../arm-none-eabi/lib/thumb/v7-m/nofp\libg.a(lib_a-s_frexp.o)
 .ARM.attributes
                0x000009a4       0x2d c:/users/hjs/documents/clionprojects/_tools/gcc-arm-none-eabi/bin/../lib/gcc/arm-none-eabi/10.3.1/../../../../arm-none-eabi/lib/thumb/v7-m/nofp\libg.a(lib_a-sbrkr.o)
 .ARM.attributes
                0x000009d1       0x2d c:/users/hjs/documents/clionprojects/_tools/gcc-arm-none-eabi/bin/../lib/gcc/arm-none-eabi/10.3.1/../../../../arm-none-eabi/lib/thumb/v7-m/nofp\libg.a(lib_a-stdio.o)
 .ARM.attributes
                0x000009fe       0x2d c:/users/hjs/documents/clionprojects/_tools/gcc-arm-none-eabi/bin/../lib/gcc/arm-none-eabi/10.3.1/../../../../arm-none-eabi/lib/thumb/v7-m/nofp\libg.a(lib_a-strncpy.o)
 .ARM.attributes
                0x00000a2b       0x2d c:/users/hjs/documents/clionprojects/_tools/gcc-arm-none-eabi/bin/../lib/gcc/arm-none-eabi/10.3.1/../../../../arm-none-eabi/lib/thumb/v7-m/nofp\libg.a(lib_a-vfiprintf.o)
 .ARM.attributes
                0x00000a58       0x2d c:/users/hjs/documents/clionprojects/_tools/gcc-arm-none-eabi/bin/../lib/gcc/arm-none-eabi/10.3.1/../../../../arm-none-eabi/lib/thumb/v7-m/nofp\libg.a(lib_a-writer.o)
 .ARM.attributes
                0x00000a85       0x2d c:/users/hjs/documents/clionprojects/_tools/gcc-arm-none-eabi/bin/../lib/gcc/arm-none-eabi/10.3.1/../../../../arm-none-eabi/lib/thumb/v7-m/nofp\libg.a(lib_a-__atexit.o)
 .ARM.attributes
                0x00000ab2       0x2d c:/users/hjs/documents/clionprojects/_tools/gcc-arm-none-eabi/bin/../lib/gcc/arm-none-eabi/10.3.1/../../../../arm-none-eabi/lib/thumb/v7-m/nofp\libg.a(lib_a-assert.o)
 .ARM.attributes
                0x00000adf       0x2d c:/users/hjs/documents/clionprojects/_tools/gcc-arm-none-eabi/bin/../lib/gcc/arm-none-eabi/10.3.1/../../../../arm-none-eabi/lib/thumb/v7-m/nofp\libg.a(lib_a-callocr.o)
 .ARM.attributes
                0x00000b0c       0x2d c:/users/hjs/documents/clionprojects/_tools/gcc-arm-none-eabi/bin/../lib/gcc/arm-none-eabi/10.3.1/../../../../arm-none-eabi/lib/thumb/v7-m/nofp\libg.a(lib_a-closer.o)
 .ARM.attributes
                0x00000b39       0x2d c:/users/hjs/documents/clionprojects/_tools/gcc-arm-none-eabi/bin/../lib/gcc/arm-none-eabi/10.3.1/../../../../arm-none-eabi/lib/thumb/v7-m/nofp\libg.a(lib_a-fclose.o)
 .ARM.attributes
                0x00000b66       0x2d c:/users/hjs/documents/clionprojects/_tools/gcc-arm-none-eabi/bin/../lib/gcc/arm-none-eabi/10.3.1/../../../../arm-none-eabi/lib/thumb/v7-m/nofp\libg.a(lib_a-fiprintf.o)
 .ARM.attributes
                0x00000b93       0x2d c:/users/hjs/documents/clionprojects/_tools/gcc-arm-none-eabi/bin/../lib/gcc/arm-none-eabi/10.3.1/../../../../arm-none-eabi/lib/thumb/v7-m/nofp\libg.a(lib_a-fputwc.o)
 .ARM.attributes
                0x00000bc0       0x2d c:/users/hjs/documents/clionprojects/_tools/gcc-arm-none-eabi/bin/../lib/gcc/arm-none-eabi/10.3.1/../../../../arm-none-eabi/lib/thumb/v7-m/nofp\libg.a(lib_a-fstatr.o)
 .ARM.attributes
                0x00000bed       0x2d c:/users/hjs/documents/clionprojects/_tools/gcc-arm-none-eabi/bin/../lib/gcc/arm-none-eabi/10.3.1/../../../../arm-none-eabi/lib/thumb/v7-m/nofp\libg.a(lib_a-isattyr.o)
 .ARM.attributes
                0x00000c1a       0x2d c:/users/hjs/documents/clionprojects/_tools/gcc-arm-none-eabi/bin/../lib/gcc/arm-none-eabi/10.3.1/../../../../arm-none-eabi/lib/thumb/v7-m/nofp\libg.a(lib_a-locale.o)
 .ARM.attributes
                0x00000c47       0x2d c:/users/hjs/documents/clionprojects/_tools/gcc-arm-none-eabi/bin/../lib/gcc/arm-none-eabi/10.3.1/../../../../arm-none-eabi/lib/thumb/v7-m/nofp\libg.a(lib_a-lseekr.o)
 .ARM.attributes
                0x00000c74       0x2d c:/users/hjs/documents/clionprojects/_tools/gcc-arm-none-eabi/bin/../lib/gcc/arm-none-eabi/10.3.1/../../../../arm-none-eabi/lib/thumb/v7-m/nofp\libg.a(lib_a-mbtowc_r.o)
 .ARM.attributes
                0x00000ca1       0x2d c:/users/hjs/documents/clionprojects/_tools/gcc-arm-none-eabi/bin/../lib/gcc/arm-none-eabi/10.3.1/../../../../arm-none-eabi/lib/thumb/v7-m/nofp\libg.a(lib_a-readr.o)
 .ARM.attributes
                0x00000cce       0x2d c:/users/hjs/documents/clionprojects/_tools/gcc-arm-none-eabi/bin/../lib/gcc/arm-none-eabi/10.3.1/../../../../arm-none-eabi/lib/thumb/v7-m/nofp\libg.a(lib_a-reent.o)
 .ARM.attributes
                0x00000cfb       0x2d c:/users/hjs/documents/clionprojects/_tools/gcc-arm-none-eabi/bin/../lib/gcc/arm-none-eabi/10.3.1/../../../../arm-none-eabi/lib/thumb/v7-m/nofp\libg.a(lib_a-wbuf.o)
 .ARM.attributes
                0x00000d28       0x2d c:/users/hjs/documents/clionprojects/_tools/gcc-arm-none-eabi/bin/../lib/gcc/arm-none-eabi/10.3.1/../../../../arm-none-eabi/lib/thumb/v7-m/nofp\libg.a(lib_a-wcrtomb.o)
 .ARM.attributes
                0x00000d55       0x2d c:/users/hjs/documents/clionprojects/_tools/gcc-arm-none-eabi/bin/../lib/gcc/arm-none-eabi/10.3.1/../../../../arm-none-eabi/lib/thumb/v7-m/nofp\libg.a(lib_a-wctomb_r.o)
 .ARM.attributes
                0x00000d82       0x2d c:/users/hjs/documents/clionprojects/_tools/gcc-arm-none-eabi/bin/../lib/gcc/arm-none-eabi/10.3.1/../../../../arm-none-eabi/lib/thumb/v7-m/nofp\libg.a(lib_a-abort.o)
 .ARM.attributes
                0x00000daf       0x2d c:/users/hjs/documents/clionprojects/_tools/gcc-arm-none-eabi/bin/../lib/gcc/arm-none-eabi/10.3.1/../../../../arm-none-eabi/lib/thumb/v7-m/nofp\libg.a(lib_a-ctype_.o)
 .ARM.attributes
                0x00000ddc       0x2d c:/users/hjs/documents/clionprojects/_tools/gcc-arm-none-eabi/bin/../lib/gcc/arm-none-eabi/10.3.1/../../../../arm-none-eabi/lib/thumb/v7-m/nofp\libg.a(lib_a-signal.o)
 .ARM.attributes
                0x00000e09       0x2d c:/users/hjs/documents/clionprojects/_tools/gcc-arm-none-eabi/bin/../lib/gcc/arm-none-eabi/10.3.1/../../../../arm-none-eabi/lib/thumb/v7-m/nofp\libg.a(lib_a-signalr.o)
 .ARM.attributes
                0x00000e36       0x1d c:/users/hjs/documents/clionprojects/_tools/gcc-arm-none-eabi/bin/../lib/gcc/arm-none-eabi/10.3.1/thumb/v7-m/nofp\libgcc.a(_arm_cmpdf2.o)
 .ARM.attributes
                0x00000e53       0x1d c:/users/hjs/documents/clionprojects/_tools/gcc-arm-none-eabi/bin/../lib/gcc/arm-none-eabi/10.3.1/thumb/v7-m/nofp\libgcc.a(_arm_unorddf2.o)
 .ARM.attributes
                0x00000e70       0x1d c:/users/hjs/documents/clionprojects/_tools/gcc-arm-none-eabi/bin/../lib/gcc/arm-none-eabi/10.3.1/thumb/v7-m/nofp\libgcc.a(_arm_fixdfsi.o)
 .ARM.attributes
                0x00000e8d       0x1d c:/users/hjs/documents/clionprojects/_tools/gcc-arm-none-eabi/bin/../lib/gcc/arm-none-eabi/10.3.1/thumb/v7-m/nofp\libgcc.a(_aeabi_uldivmod.o)
 .ARM.attributes
                0x00000eaa       0x2d c:/users/hjs/documents/clionprojects/_tools/gcc-arm-none-eabi/bin/../lib/gcc/arm-none-eabi/10.3.1/thumb/v7-m/nofp\libgcc.a(_udivmoddi4.o)
 .ARM.attributes
                0x00000ed7       0x1d c:/users/hjs/documents/clionprojects/_tools/gcc-arm-none-eabi/bin/../lib/gcc/arm-none-eabi/10.3.1/thumb/v7-m/nofp\libgcc.a(_dvmd_tls.o)
 .ARM.attributes
                0x00000ef4       0x1d c:/users/hjs/documents/clionprojects/_tools/gcc-arm-none-eabi/bin/../lib/gcc/arm-none-eabi/10.3.1/thumb/v7-m/nofp/crtn.o
OUTPUT(STC31_Sensor.elf elf32-littlearm)
LOAD linker stubs
LOAD c:/users/hjs/documents/clionprojects/_tools/gcc-arm-none-eabi/bin/../lib/gcc/arm-none-eabi/10.3.1/../../../../arm-none-eabi/lib/thumb/v7-m/nofp\libc.a
LOAD c:/users/hjs/documents/clionprojects/_tools/gcc-arm-none-eabi/bin/../lib/gcc/arm-none-eabi/10.3.1/../../../../arm-none-eabi/lib/thumb/v7-m/nofp\libm.a
LOAD c:/users/hjs/documents/clionprojects/_tools/gcc-arm-none-eabi/bin/../lib/gcc/arm-none-eabi/10.3.1/thumb/v7-m/nofp\libgcc.a

.debug_info     0x00000000     0xe050
 .debug_info    0x00000000      0x767 CMakeFiles/STC31_Sensor.elf.dir/Core/Src/bmp388.c.obj
 .debug_info    0x00000767      0x199 CMakeFiles/STC31_Sensor.elf.dir/Core/Src/gpio.c.obj
 .debug_info    0x00000900      0x8a1 CMakeFiles/STC31_Sensor.elf.dir/Core/Src/i2c.c.obj
 .debug_info    0x000011a1     0x1174 CMakeFiles/STC31_Sensor.elf.dir/Core/Src/main.c.obj
 .debug_info    0x00002315      0x408 CMakeFiles/STC31_Sensor.elf.dir/Core/Src/sensirion_common.c.obj
 .debug_info    0x0000271d      0xcda CMakeFiles/STC31_Sensor.elf.dir/Core/Src/sensirion_i2c.c.obj
 .debug_info    0x000033f7      0x7a2 CMakeFiles/STC31_Sensor.elf.dir/Core/Src/sensirion_i2c_hal.c.obj
 .debug_info    0x00003b99      0x3b1 CMakeFiles/STC31_Sensor.elf.dir/Core/Src/sht4x.c.obj
 .debug_info    0x00003f4a      0xe34 CMakeFiles/STC31_Sensor.elf.dir/Core/Src/stc3x_i2c.c.obj
 .debug_info    0x00004d7e      0x211 CMakeFiles/STC31_Sensor.elf.dir/Core/Src/stm32f1xx_hal_msp.c.obj
 .debug_info    0x00004f8f      0x130 CMakeFiles/STC31_Sensor.elf.dir/Core/Src/stm32f1xx_it.c.obj
 .debug_info    0x000050bf      0x835 CMakeFiles/STC31_Sensor.elf.dir/Core/Src/syscalls.c.obj
 .debug_info    0x000058f4      0x248 CMakeFiles/STC31_Sensor.elf.dir/Core/Src/system_stm32f1xx.c.obj
 .debug_info    0x00005b3c      0x825 CMakeFiles/STC31_Sensor.elf.dir/Core/Src/usart.c.obj
 .debug_info    0x00006361      0x7a8 CMakeFiles/STC31_Sensor.elf.dir/Drivers/STM32F1xx_HAL_Driver/Src/stm32f1xx_hal.c.obj
 .debug_info    0x00006b09      0xd8a CMakeFiles/STC31_Sensor.elf.dir/Drivers/STM32F1xx_HAL_Driver/Src/stm32f1xx_hal_cortex.c.obj
 .debug_info    0x00007893      0x66f CMakeFiles/STC31_Sensor.elf.dir/Drivers/STM32F1xx_HAL_Driver/Src/stm32f1xx_hal_gpio.c.obj
 .debug_info    0x00007f02     0x3a6b CMakeFiles/STC31_Sensor.elf.dir/Drivers/STM32F1xx_HAL_Driver/Src/stm32f1xx_hal_i2c.c.obj
 .debug_info    0x0000b96d      0xa36 CMakeFiles/STC31_Sensor.elf.dir/Drivers/STM32F1xx_HAL_Driver/Src/stm32f1xx_hal_rcc.c.obj
 .debug_info    0x0000c3a3     0x1c8b CMakeFiles/STC31_Sensor.elf.dir/Drivers/STM32F1xx_HAL_Driver/Src/stm32f1xx_hal_uart.c.obj
 .debug_info    0x0000e02e       0x22 CMakeFiles/STC31_Sensor.elf.dir/startup/startup_stm32f103xb.s.obj

.debug_abbrev   0x00000000     0x22f7
 .debug_abbrev  0x00000000      0x156 CMakeFiles/STC31_Sensor.elf.dir/Core/Src/bmp388.c.obj
 .debug_abbrev  0x00000156       0xbf CMakeFiles/STC31_Sensor.elf.dir/Core/Src/gpio.c.obj
 .debug_abbrev  0x00000215      0x1c1 CMakeFiles/STC31_Sensor.elf.dir/Core/Src/i2c.c.obj
 .debug_abbrev  0x000003d6      0x2fc CMakeFiles/STC31_Sensor.elf.dir/Core/Src/main.c.obj
 .debug_abbrev  0x000006d2      0x11c CMakeFiles/STC31_Sensor.elf.dir/Core/Src/sensirion_common.c.obj
 .debug_abbrev  0x000007ee      0x1ce CMakeFiles/STC31_Sensor.elf.dir/Core/Src/sensirion_i2c.c.obj
 .debug_abbrev  0x000009bc      0x1b6 CMakeFiles/STC31_Sensor.elf.dir/Core/Src/sensirion_i2c_hal.c.obj
 .debug_abbrev  0x00000b72      0x15d CMakeFiles/STC31_Sensor.elf.dir/Core/Src/sht4x.c.obj
 .debug_abbrev  0x00000ccf      0x15e CMakeFiles/STC31_Sensor.elf.dir/Core/Src/stc3x_i2c.c.obj
 .debug_abbrev  0x00000e2d       0xe5 CMakeFiles/STC31_Sensor.elf.dir/Core/Src/stm32f1xx_hal_msp.c.obj
 .debug_abbrev  0x00000f12       0x7e CMakeFiles/STC31_Sensor.elf.dir/Core/Src/stm32f1xx_it.c.obj
 .debug_abbrev  0x00000f90      0x1da CMakeFiles/STC31_Sensor.elf.dir/Core/Src/syscalls.c.obj
 .debug_abbrev  0x0000116a      0x13e CMakeFiles/STC31_Sensor.elf.dir/Core/Src/system_stm32f1xx.c.obj
 .debug_abbrev  0x000012a8      0x1c1 CMakeFiles/STC31_Sensor.elf.dir/Core/Src/usart.c.obj
 .debug_abbrev  0x00001469      0x1f4 CMakeFiles/STC31_Sensor.elf.dir/Drivers/STM32F1xx_HAL_Driver/Src/stm32f1xx_hal.c.obj
 .debug_abbrev  0x0000165d      0x341 CMakeFiles/STC31_Sensor.elf.dir/Drivers/STM32F1xx_HAL_Driver/Src/stm32f1xx_hal_cortex.c.obj
 .debug_abbrev  0x0000199e      0x1e6 CMakeFiles/STC31_Sensor.elf.dir/Drivers/STM32F1xx_HAL_Driver/Src/stm32f1xx_hal_gpio.c.obj
 .debug_abbrev  0x00001b84      0x293 CMakeFiles/STC31_Sensor.elf.dir/Drivers/STM32F1xx_HAL_Driver/Src/stm32f1xx_hal_i2c.c.obj
 .debug_abbrev  0x00001e17      0x27a CMakeFiles/STC31_Sensor.elf.dir/Drivers/STM32F1xx_HAL_Driver/Src/stm32f1xx_hal_rcc.c.obj
 .debug_abbrev  0x00002091      0x254 CMakeFiles/STC31_Sensor.elf.dir/Drivers/STM32F1xx_HAL_Driver/Src/stm32f1xx_hal_uart.c.obj
 .debug_abbrev  0x000022e5       0x12 CMakeFiles/STC31_Sensor.elf.dir/startup/startup_stm32f103xb.s.obj

.debug_loc      0x00000000     0x983d
 .debug_loc     0x00000000      0x4e8 CMakeFiles/STC31_Sensor.elf.dir/Core/Src/bmp388.c.obj
 .debug_loc     0x000004e8       0x67 CMakeFiles/STC31_Sensor.elf.dir/Core/Src/i2c.c.obj
 .debug_loc     0x0000054f      0x1c1 CMakeFiles/STC31_Sensor.elf.dir/Core/Src/main.c.obj
 .debug_loc     0x00000710      0x135 CMakeFiles/STC31_Sensor.elf.dir/Core/Src/sensirion_common.c.obj
 .debug_loc     0x00000845      0xc78 CMakeFiles/STC31_Sensor.elf.dir/Core/Src/sensirion_i2c.c.obj
 .debug_loc     0x000014bd      0x132 CMakeFiles/STC31_Sensor.elf.dir/Core/Src/sensirion_i2c_hal.c.obj
 .debug_loc     0x000015ef       0xe1 CMakeFiles/STC31_Sensor.elf.dir/Core/Src/sht4x.c.obj
 .debug_loc     0x000016d0      0x6a4 CMakeFiles/STC31_Sensor.elf.dir/Core/Src/stc3x_i2c.c.obj
 .debug_loc     0x00001d74       0x15 CMakeFiles/STC31_Sensor.elf.dir/Core/Src/stm32f1xx_hal_msp.c.obj
 .debug_loc     0x00001d89      0x436 CMakeFiles/STC31_Sensor.elf.dir/Core/Src/syscalls.c.obj
 .debug_loc     0x000021bf       0xff CMakeFiles/STC31_Sensor.elf.dir/Core/Src/system_stm32f1xx.c.obj
 .debug_loc     0x000022be       0x84 CMakeFiles/STC31_Sensor.elf.dir/Core/Src/usart.c.obj