Archive member included to satisfy reference by file (symbol)

c:/gcc-arm-none-eabi-10.3-2021.10/bin/../lib/gcc/arm-none-eabi/10.3.1/thumb/v7-m/nofp\libgcc.a(_arm_muldf3.o)
                              CMakeFiles/STC31_Sensor.elf.dir/Core/Src/main.c.obj (__aeabi_dmul)
c:/gcc-arm-none-eabi-10.3-2021.10/bin/../lib/gcc/arm-none-eabi/10.3.1/thumb/v7-m/nofp\libgcc.a(_arm_mulsf3.o)
                              CMakeFiles/STC31_Sensor.elf.dir/Core/Src/main.c.obj (__aeabi_fmul)
c:/gcc-arm-none-eabi-10.3-2021.10/bin/../lib/gcc/arm-none-eabi/10.3.1/thumb/v7-m/nofp\libgcc.a(_arm_addsubdf3.o)
                              CMakeFiles/STC31_Sensor.elf.dir/Core/Src/main.c.obj (__aeabi_dsub)
c:/gcc-arm-none-eabi-10.3-2021.10/bin/../lib/gcc/arm-none-eabi/10.3.1/thumb/v7-m/nofp\libgcc.a(_arm_truncdfsf2.o)
                              CMakeFiles/STC31_Sensor.elf.dir/Core/Src/main.c.obj (__aeabi_d2f)
c:/gcc-arm-none-eabi-10.3-2021.10/bin/../lib/gcc/arm-none-eabi/10.3.1/thumb/v7-m/nofp\libgcc.a(_arm_addsubsf3.o)
                              CMakeFiles/STC31_Sensor.elf.dir/Core/Src/main.c.obj (__aeabi_ui2f)
c:/gcc-arm-none-eabi-10.3-2021.10/bin/../lib/gcc/arm-none-eabi/10.3.1/thumb/v7-m/nofp\libgcc.a(_arm_muldivsf3.o)
                              CMakeFiles/STC31_Sensor.elf.dir/Core/Src/main.c.obj (__aeabi_fdiv)
c:/gcc-arm-none-eabi-10.3-2021.10/bin/../lib/gcc/arm-none-eabi/10.3.1/thumb/v7-m/nofp\libgcc.a(_arm_fixunssfsi.o)
                              CMakeFiles/STC31_Sensor.elf.dir/Core/Src/main.c.obj (__aeabi_f2uiz)
c:/gcc-arm-none-eabi-10.3-2021.10/bin/../lib/gcc/arm-none-eabi/10.3.1/../../../../arm-none-eabi/lib/thumb/v7-m/nofp\libg.a(lib_a-errno.o)
                              CMakeFiles/STC31_Sensor.elf.dir/Core/Src/syscalls.c.obj (__errno)
c:/gcc-arm-none-eabi-10.3-2021.10/bin/../lib/gcc/arm-none-eabi/10.3.1/../../../../arm-none-eabi/lib/thumb/v7-m/nofp\libg.a(lib_a-exit.o)
                              c:/gcc-arm-none-eabi-10.3-2021.10/bin/../lib/gcc/arm-none-eabi/10.3.1/../../../../arm-none-eabi/lib/thumb/v7-m/nofp/crt0.o (exit)
c:/gcc-arm-none-eabi-10.3-2021.10/bin/../lib/gcc/arm-none-eabi/10.3.1/../../../../arm-none-eabi/lib/thumb/v7-m/nofp\libg.a(lib_a-impure.o)
                              c:/gcc-arm-none-eabi-10.3-2021.10/bin/../lib/gcc/arm-none-eabi/10.3.1/../../../../arm-none-eabi/lib/thumb/v7-m/nofp\libg.a(lib_a-exit.o) (_global_impure_ptr)
c:/gcc-arm-none-eabi-10.3-2021.10/bin/../lib/gcc/arm-none-eabi/10.3.1/../../../../arm-none-eabi/lib/thumb/v7-m/nofp\libg.a(lib_a-init.o)
                              c:/gcc-arm-none-eabi-10.3-2021.10/bin/../lib/gcc/arm-none-eabi/10.3.1/../../../../arm-none-eabi/lib/thumb/v7-m/nofp/crt0.o (__libc_init_array)
c:/gcc-arm-none-eabi-10.3-2021.10/bin/../lib/gcc/arm-none-eabi/10.3.1/../../../../arm-none-eabi/lib/thumb/v7-m/nofp\libg.a(lib_a-memset.o)
                              c:/gcc-arm-none-eabi-10.3-2021.10/bin/../lib/gcc/arm-none-eabi/10.3.1/../../../../arm-none-eabi/lib/thumb/v7-m/nofp/crt0.o (memset)
c:/gcc-arm-none-eabi-10.3-2021.10/bin/../lib/gcc/arm-none-eabi/10.3.1/../../../../arm-none-eabi/lib/thumb/v7-m/nofp\libg.a(lib_a-printf.o)
                              CMakeFiles/STC31_Sensor.elf.dir/Core/Src/main.c.obj (printf)
c:/gcc-arm-none-eabi-10.3-2021.10/bin/../lib/gcc/arm-none-eabi/10.3.1/../../../../arm-none-eabi/lib/thumb/v7-m/nofp\libg.a(lib_a-puts.o)
                              CMakeFiles/STC31_Sensor.elf.dir/Core/Src/main.c.obj (puts)
c:/gcc-arm-none-eabi-10.3-2021.10/bin/../lib/gcc/arm-none-eabi/10.3.1/../../../../arm-none-eabi/lib/thumb/v7-m/nofp\libg.a(lib_a-strlen-stub.o)
                              c:/gcc-arm-none-eabi-10.3-2021.10/bin/../lib/gcc/arm-none-eabi/10.3.1/../../../../arm-none-eabi/lib/thumb/v7-m/nofp\libg.a(lib_a-puts.o) (strlen)
c:/gcc-arm-none-eabi-10.3-2021.10/bin/../lib/gcc/arm-none-eabi/10.3.1/../../../../arm-none-eabi/lib/thumb/v7-m/nofp\libg.a(lib_a-vfprintf.o)
                              c:/gcc-arm-none-eabi-10.3-2021.10/bin/../lib/gcc/arm-none-eabi/10.3.1/../../../../arm-none-eabi/lib/thumb/v7-m/nofp\libg.a(lib_a-printf.o) (_vfprintf_r)
c:/gcc-arm-none-eabi-10.3-2021.10/bin/../lib/gcc/arm-none-eabi/10.3.1/../../../../arm-none-eabi/lib/thumb/v7-m/nofp\libg.a(lib_a-wsetup.o)
                              c:/gcc-arm-none-eabi-10.3-2021.10/bin/../lib/gcc/arm-none-eabi/10.3.1/../../../../arm-none-eabi/lib/thumb/v7-m/nofp\libg.a(lib_a-vfprintf.o) (__swsetup_r)
c:/gcc-arm-none-eabi-10.3-2021.10/bin/../lib/gcc/arm-none-eabi/10.3.1/../../../../arm-none-eabi/lib/thumb/v7-m/nofp\libg.a(lib_a-__call_atexit.o)
                              c:/gcc-arm-none-eabi-10.3-2021.10/bin/../lib/gcc/arm-none-eabi/10.3.1/../../../../arm-none-eabi/lib/thumb/v7-m/nofp\libg.a(lib_a-exit.o) (__call_exitprocs)
c:/gcc-arm-none-eabi-10.3-2021.10/bin/../lib/gcc/arm-none-eabi/10.3.1/../../../../arm-none-eabi/lib/thumb/v7-m/nofp\libg.a(lib_a-atexit.o)
[...]
Memory Configuration

Name             Origin             Length             Attributes
RAM              0x20000000         0x00005000         xrw
FLASH            0x08000000         0x00010000         xr
*default*        0x00000000         0xffffffff

Linker script and memory map

LOAD c:/gcc-arm-none-eabi-10.3-2021.10/bin/../lib/gcc/arm-none-eabi/10.3.1/thumb/v7-m/nofp/crti.o
LOAD c:/gcc-arm-none-eabi-10.3-2021.10/bin/../lib/gcc/arm-none-eabi/10.3.1/thumb/v7-m/nofp/crtbegin.o
LOAD c:/gcc-arm-none-eabi-10.3-2021.10/bin/../lib/gcc/arm-none-eabi/10.3.1/../../../../arm-none-eabi/lib/thumb/v7-m/nofp/crt0.o
LOAD CMakeFiles/STC31_Sensor.elf.dir/Core/Src/gpio.c.obj
LOAD CMakeFiles/STC31_Sensor.elf.dir/Core/Src/i2c.c.obj
LOAD CMakeFiles/STC31_Sensor.elf.dir/Core/Src/main.c.obj
LOAD CMakeFiles/STC31_Sensor.elf.dir/Core/Src/sensirion_common.c.obj
LOAD CMakeFiles/STC31_Sensor.elf.dir/Core/Src/sensirion_i2c.c.obj
LOAD CMakeFiles/STC31_Sensor.elf.dir/Core/Src/sensirion_i2c_hal.c.obj
LOAD CMakeFiles/STC31_Sensor.elf.dir/Core/Src/sht4x.c.obj
LOAD CMakeFiles/STC31_Sensor.elf.dir/Core/Src/stc3x_i2c.c.obj
LOAD CMakeFiles/STC31_Sensor.elf.dir/Core/Src/stm32f1xx_hal_msp.c.obj
LOAD CMakeFiles/STC31_Sensor.elf.dir/Core/Src/stm32f1xx_it.c.obj
LOAD CMakeFiles/STC31_Sensor.elf.dir/Core/Src/syscalls.c.obj
LOAD CMakeFiles/STC31_Sensor.elf.dir/Core/Src/system_stm32f1xx.c.obj
LOAD CMakeFiles/STC31_Sensor.elf.dir/Core/Src/usart.c.obj
LOAD CMakeFiles/STC31_Sensor.elf.dir/Drivers/STM32F1xx_HAL_Driver/Src/stm32f1xx_hal.c.obj
LOAD CMakeFiles/STC31_Sensor.elf.dir/Drivers/STM32F1xx_HAL_Driver/Src/stm32f1xx_hal_cortex.c.obj
LOAD CMakeFiles/STC31_Sensor.elf.dir/Drivers/STM32F1xx_HAL_Driver/Src/stm32f1xx_hal_dma.c.obj
LOAD CMakeFiles/STC31_Sensor.elf.dir/Drivers/STM32F1xx_HAL_Driver/Src/stm32f1xx_hal_exti.c.obj
LOAD CMakeFiles/STC31_Sensor.elf.dir/Drivers/STM32F1xx_HAL_Driver/Src/stm32f1xx_hal_flash.c.obj
LOAD CMakeFiles/STC31_Sensor.elf.dir/Drivers/STM32F1xx_HAL_Driver/Src/stm32f1xx_hal_flash_ex.c.obj
LOAD CMakeFiles/STC31_Sensor.elf.dir/Drivers/STM32F1xx_HAL_Driver/Src/stm32f1xx_hal_gpio.c.obj
LOAD CMakeFiles/STC31_Sensor.elf.dir/Drivers/STM32F1xx_HAL_Driver/Src/stm32f1xx_hal_gpio_ex.c.obj
LOAD CMakeFiles/STC31_Sensor.elf.dir/Drivers/STM32F1xx_HAL_Driver/Src/stm32f1xx_hal_i2c.c.obj
LOAD CMakeFiles/STC31_Sensor.elf.dir/Drivers/STM32F1xx_HAL_Driver/Src/stm32f1xx_hal_pwr.c.obj
LOAD CMakeFiles/STC31_Sensor.elf.dir/Drivers/STM32F1xx_HAL_Driver/Src/stm32f1xx_hal_rcc.c.obj
LOAD CMakeFiles/STC31_Sensor.elf.dir/Drivers/STM32F1xx_HAL_Driver/Src/stm32f1xx_hal_rcc_ex.c.obj
LOAD CMakeFiles/STC31_Sensor.elf.dir/Drivers/STM32F1xx_HAL_Driver/Src/stm32f1xx_hal_tim.c.obj
LOAD CMakeFiles/STC31_Sensor.elf.dir/Drivers/STM32F1xx_HAL_Driver/Src/stm32f1xx_hal_tim_ex.c.obj
LOAD CMakeFiles/STC31_Sensor.elf.dir/Drivers/STM32F1xx_HAL_Driver/Src/stm32f1xx_hal_uart.c.obj
LOAD CMakeFiles/STC31_Sensor.elf.dir/startup/startup_stm32f103xb.s.obj
START GROUP
LOAD c:/gcc-arm-none-eabi-10.3-2021.10/bin/../lib/gcc/arm-none-eabi/10.3.1/thumb/v7-m/nofp\libgcc.a
LOAD c:/gcc-arm-none-eabi-10.3-2021.10/bin/../lib/gcc/arm-none-eabi/10.3.1/../../../../arm-none-eabi/lib/thumb/v7-m/nofp\libg.a
LOAD c:/gcc-arm-none-eabi-10.3-2021.10/bin/../lib/gcc/arm-none-eabi/10.3.1/../../../../arm-none-eabi/lib/thumb/v7-m/nofp\libc.a
END GROUP
LOAD c:/gcc-arm-none-eabi-10.3-2021.10/bin/../lib/gcc/arm-none-eabi/10.3.1/thumb/v7-m/nofp/crtend.o
LOAD c:/gcc-arm-none-eabi-10.3-2021.10/bin/../lib/gcc/arm-none-eabi/10.3.1/thumb/v7-m/nofp/crtn.o
                0x20005000                _estack = (ORIGIN (RAM) + LENGTH (RAM))
                0x00000200                _Min_Heap_Size = 0x200
                0x00000400                _Min_Stack_Size = 0x400

.isr_vector     0x08000000      0x10c
                0x08000000                . = ALIGN (0x4)
 *(.isr_vector)
 .isr_vector    0x08000000      0x10c CMakeFiles/STC31_Sensor.elf.dir/startup/startup_stm32f103xb.s.obj
                0x08000000                g_pfnVectors
                0x0800010c                . = ALIGN (0x4)

.text           0x08000110     0x9590
                0x08000110                . = ALIGN (0x4)
 *(.text)
 .text          0x08000110       0x40 c:/gcc-arm-none-eabi-10.3-2021.10/bin/../lib/gcc/arm-none-eabi/10.3.1/thumb/v7-m/nofp/crtbegin.o
 .text          0x08000150      0x378 c:/gcc-arm-none-eabi-10.3-2021.10/bin/../lib/gcc/arm-none-eabi/10.3.1/thumb/v7-m/nofp\libgcc.a(_arm_addsubdf3.o)
                0x08000150                __aeabi_drsub
                0x08000158                __aeabi_dsub
                0x08000158                __subdf3
                0x0800015c                __aeabi_dadd
                0x0800015c                __adddf3
                0x080003d4                __floatunsidf
                0x080003d4                __aeabi_ui2d
                0x080003f4                __floatsidf
                0x080003f4                __aeabi_i2d
                0x08000418                __aeabi_f2d
                0x08000418                __extendsfdf2
                0x0800045c                __floatundidf
                0x0800045c                __aeabi_ul2d
                0x0800046c                __floatdidf
                0x0800046c                __aeabi_l2d
 .text          0x080004c8       0xa0 c:/gcc-arm-none-eabi-10.3-2021.10/bin/../lib/gcc/arm-none-eabi/10.3.1/thumb/v7-m/nofp\libgcc.a(_arm_truncdfsf2.o)
                0x080004c8                __truncdfsf2
                0x080004c8                __aeabi_d2f
 .text          0x08000568      0x21c c:/gcc-arm-none-eabi-10.3-2021.10/bin/../lib/gcc/arm-none-eabi/10.3.1/thumb/v7-m/nofp\libgcc.a(_arm_addsubsf3.o)
                0x08000568                __aeabi_frsub
                0x08000570                __subsf3
                0x08000570                __aeabi_fsub
                0x08000574                __aeabi_fadd
                0x08000574                __addsf3
                0x080006d4                __aeabi_ui2f
                0x080006d4                __floatunsisf
                0x080006dc                __aeabi_i2f
                0x080006dc                __floatsisf
                0x080006f8                __aeabi_ul2f
                0x080006f8                __floatundisf
                0x08000708                __aeabi_l2f
                0x08000708                __floatdisf
 .text          0x08000784      0x2a0 c:/gcc-arm-none-eabi-10.3-2021.10/bin/../lib/gcc/arm-none-eabi/10.3.1/thumb/v7-m/nofp\libgcc.a(_arm_muldivsf3.o)
                0x08000784                __mulsf3
                0x08000784                __aeabi_fmul
                0x080008ec                __aeabi_fdiv
                0x080008ec                __divsf3
 .text          0x08000a24       0x40 c:/gcc-arm-none-eabi-10.3-2021.10/bin/../lib/gcc/arm-none-eabi/10.3.1/thumb/v7-m/nofp\libgcc.a(_arm_fixunssfsi.o)
                0x08000a24                __fixunssfsi
                0x08000a24                __aeabi_f2uiz
 .text          0x08000a64       0xec c:/gcc-arm-none-eabi-10.3-2021.10/bin/../lib/gcc/arm-none-eabi/10.3.1/../../../../arm-none-eabi/lib/thumb/v7-m/nofp\libg.a(lib_a-memcpy.o)
                0x08000a64                memcpy
 .text          0x08000b50      0x424 c:/gcc-arm-none-eabi-10.3-2021.10/bin/../lib/gcc/arm-none-eabi/10.3.1/thumb/v7-m/nofp\libgcc.a(_arm_muldivdf3.o)
                0x08000b50                __aeabi_dmul
                0x08000b50                __muldf3
                0x08000da4                __divdf3
                0x08000da4                __aeabi_ddiv
 .text          0x08000f74      0x110 c:/gcc-arm-none-eabi-10.3-2021.10/bin/../lib/gcc/arm-none-eabi/10.3.1/thumb/v7-m/nofp\libgcc.a(_arm_cmpdf2.o)
                0x08000f74                __gtdf2
                0x08000f74                __gedf2
                0x08000f7c                __ltdf2
                0x08000f7c                __ledf2
                0x08000f84                __nedf2
                0x08000f84                __eqdf2
                0x08000f84                __cmpdf2
                0x08001000                __aeabi_cdrcmple
                0x08001010                __aeabi_cdcmpeq
                0x08001010                __aeabi_cdcmple
                0x08001020                __aeabi_dcmpeq
                0x08001034                __aeabi_dcmplt
                0x08001048                __aeabi_dcmple
                0x0800105c                __aeabi_dcmpge
                0x08001070                __aeabi_dcmpgt
 .text          0x08001084       0x2c c:/gcc-arm-none-eabi-10.3-2021.10/bin/../lib/gcc/arm-none-eabi/10.3.1/thumb/v7-m/nofp\libgcc.a(_arm_unorddf2.o)
                0x08001084                __unorddf2
                0x08001084                __aeabi_dcmpun
 .text          0x080010b0       0x50 c:/gcc-arm-none-eabi-10.3-2021.10/bin/../lib/gcc/arm-none-eabi/10.3.1/thumb/v7-m/nofp\libgcc.a(_arm_fixdfsi.o)
                0x080010b0                __aeabi_d2iz
                0x080010b0                __fixdfsi
 .text          0x08001100       0x30 c:/gcc-arm-none-eabi-10.3-2021.10/bin/../lib/gcc/arm-none-eabi/10.3.1/thumb/v7-m/nofp\libgcc.a(_aeabi_uldivmod.o)
                0x08001100                __aeabi_uldivmod
 .text          0x08001130      0x2d4 c:/gcc-arm-none-eabi-10.3-2021.10/bin/../lib/gcc/arm-none-eabi/10.3.1/thumb/v7-m/nofp\libgcc.a(_udivmoddi4.o)
                0x08001130                __udivmoddi4
 .text          0x08001404        0x4 c:/gcc-arm-none-eabi-10.3-2021.10/bin/../lib/gcc/arm-none-eabi/10.3.1/thumb/v7-m/nofp\libgcc.a(_dvmd_tls.o)
                0x08001404                __aeabi_idiv0
                0x08001404                __aeabi_ldiv0
 *(.text*)
 .text.MX_GPIO_Init
                0x08001408       0x44 CMakeFiles/STC31_Sensor.elf.dir/Core/Src/gpio.c.obj
                0x08001408                MX_GPIO_Init
 .text.HAL_I2C_MspInit
                0x0800144c       0x64 CMakeFiles/STC31_Sensor.elf.dir/Core/Src/i2c.c.obj
                0x0800144c                HAL_I2C_MspInit
 .text.__io_putchar
                0x080014b0       0x20 CMakeFiles/STC31_Sensor.elf.dir/Core/Src/main.c.obj
                0x080014b0                __io_putchar
 .text.Error_Handler
                0x080014d0        0x4 CMakeFiles/STC31_Sensor.elf.dir/Core/Src/main.c.obj
                0x080014d0                Error_Handler
 .text.SystemClock_Config
                0x080014d4       0x64 CMakeFiles/STC31_Sensor.elf.dir/Core/Src/main.c.obj
                0x080014d4                SystemClock_Config
 .text.main     0x08001538      0x1fc CMakeFiles/STC31_Sensor.elf.dir/Core/Src/main.c.obj
                0x08001538                main
 .text.sensirion_common_bytes_to_uint16_t
                0x08001734        0xa CMakeFiles/STC31_Sensor.elf.dir/Core/Src/sensirion_common.c.obj
                0x08001734                sensirion_common_bytes_to_uint16_t
 .text.sensirion_common_bytes_to_uint32_t
                0x0800173e       0x16 CMakeFiles/STC31_Sensor.elf.dir/Core/Src/sensirion_common.c.obj
                0x0800173e                sensirion_common_bytes_to_uint32_t
 .text.sensirion_common_copy_bytes
                0x08001754       0x16 CMakeFiles/STC31_Sensor.elf.dir/Core/Src/sensirion_common.c.obj
                0x08001754                sensirion_common_copy_bytes
 .text.sensirion_i2c_generate_crc
                0x0800176a       0x36 CMakeFiles/STC31_Sensor.elf.dir/Core/Src/sensirion_i2c.c.obj
                0x0800176a                sensirion_i2c_generate_crc
 .text.sensirion_i2c_check_crc
                0x080017a0       0x14 CMakeFiles/STC31_Sensor.elf.dir/Core/Src/sensirion_i2c.c.obj
                0x080017a0                sensirion_i2c_check_crc
 .text.sensirion_i2c_read_words_as_bytes
                0x080017b4       0x66 CMakeFiles/STC31_Sensor.elf.dir/Core/Src/sensirion_i2c.c.obj
                0x080017b4                sensirion_i2c_read_words_as_bytes
 .text.sensirion_i2c_read_words
                0x0800181a       0x30 CMakeFiles/STC31_Sensor.elf.dir/Core/Src/sensirion_i2c.c.obj
                0x0800181a                sensirion_i2c_read_words
 .text.sensirion_i2c_add_command_to_buffer
                0x0800184a       0x14 CMakeFiles/STC31_Sensor.elf.dir/Core/Src/sensirion_i2c.c.obj
                0x0800184a                sensirion_i2c_add_command_to_buffer
 .text.sensirion_i2c_add_uint16_t_to_buffer
                0x0800185e       0x26 CMakeFiles/STC31_Sensor.elf.dir/Core/Src/sensirion_i2c.c.obj
                0x0800185e                sensirion_i2c_add_uint16_t_to_buffer
 .text.sensirion_i2c_write_data
                0x08001884        0xa CMakeFiles/STC31_Sensor.elf.dir/Core/Src/sensirion_i2c.c.obj
                0x08001884                sensirion_i2c_write_data
 .text.sensirion_i2c_read_data_inplace
                0x0800188e       0x60 CMakeFiles/STC31_Sensor.elf.dir/Core/Src/sensirion_i2c.c.obj
                0x0800188e                sensirion_i2c_read_data_inplace
 *fill*         0x080018ee        0x2 
 .text.sensirion_i2c_hal_init
                0x080018f0       0x34 CMakeFiles/STC31_Sensor.elf.dir/Core/Src/sensirion_i2c_hal.c.obj
                0x080018f0                sensirion_i2c_hal_init
 .text.sensirion_i2c_hal_read
                0x08001924       0x20 CMakeFiles/STC31_Sensor.elf.dir/Core/Src/sensirion_i2c_hal.c.obj
                0x08001924                sensirion_i2c_hal_read
 .text.sensirion_i2c_hal_write
                0x08001944       0x20 CMakeFiles/STC31_Sensor.elf.dir/Core/Src/sensirion_i2c_hal.c.obj
                0x08001944                sensirion_i2c_hal_write
 .text.sensirion_i2c_hal_sleep_usec
                0x08001964       0x34 CMakeFiles/STC31_Sensor.elf.dir/Core/Src/sensirion_i2c_hal.c.obj
                0x08001964                sensirion_i2c_hal_sleep_usec
 .text.sht4x_measure
                0x08001998       0x14 CMakeFiles/STC31_Sensor.elf.dir/Core/Src/sht4x.c.obj
                0x08001998                sht4x_measure
 .text.sht4x_read
                0x080019ac       0x42 CMakeFiles/STC31_Sensor.elf.dir/Core/Src/sht4x.c.obj
                0x080019ac                sht4x_read
 *fill*         0x080019ee        0x2 
 .text.sht4x_measure_blocking_read
                0x080019f0       0x24 CMakeFiles/STC31_Sensor.elf.dir/Core/Src/sht4x.c.obj
                0x080019f0                sht4x_measure_blocking_read
 .text.sht4x_read_serial
                0x08001a14       0x42 CMakeFiles/STC31_Sensor.elf.dir/Core/Src/sht4x.c.obj
                0x08001a14                sht4x_read_serial
 .text.sht4x_probe
                0x08001a56       0x10 CMakeFiles/STC31_Sensor.elf.dir/Core/Src/sht4x.c.obj
                0x08001a56                sht4x_probe
 .text.stc3x_set_binary_gas
                0x08001a66       0x3a CMakeFiles/STC31_Sensor.elf.dir/Core/Src/stc3x_i2c.c.obj
                0x08001a66                stc3x_set_binary_gas
 .text.stc3x_set_relative_humidity
                0x08001aa0       0x3a CMakeFiles/STC31_Sensor.elf.dir/Core/Src/stc3x_i2c.c.obj
                0x08001aa0                stc3x_set_relative_humidity
 .text.stc3x_set_temperature
                0x08001ada       0x3a CMakeFiles/STC31_Sensor.elf.dir/Core/Src/stc3x_i2c.c.obj
                0x08001ada                stc3x_set_temperature
 .text.stc3x_set_pressure
                0x08001b14       0x3a CMakeFiles/STC31_Sensor.elf.dir/Core/Src/stc3x_i2c.c.obj
                0x08001b14                stc3x_set_pressure
 *fill*         0x08001b4e        0x2 
 .text.stc3x_measure_gas_concentration
                0x08001b50       0x58 CMakeFiles/STC31_Sensor.elf.dir/Core/Src/stc3x_i2c.c.obj
                0x08001b50                stc3x_measure_gas_concentration
 .text.stc3x_enable_automatic_self_calibration
                0x08001ba8       0x2e CMakeFiles/STC31_Sensor.elf.dir/Core/Src/stc3x_i2c.c.obj
                0x08001ba8                stc3x_enable_automatic_self_calibration
 .text.stc3x_self_test
                0x08001bd6       0x48 CMakeFiles/STC31_Sensor.elf.dir/Core/Src/stc3x_i2c.c.obj
                0x08001bd6                stc3x_self_test
 .text.stc3x_prepare_product_identifier
                0x08001c1e       0x20 CMakeFiles/STC31_Sensor.elf.dir/Core/Src/stc3x_i2c.c.obj
                0x08001c1e                stc3x_prepare_product_identifier
 .text.stc3x_read_product_identifier
                0x08001c3e       0x56 CMakeFiles/STC31_Sensor.elf.dir/Core/Src/stc3x_i2c.c.obj
                0x08001c3e                stc3x_read_product_identifier
 .text.HAL_MspInit
                0x08001c94       0x44 CMakeFiles/STC31_Sensor.elf.dir/Core/Src/stm32f1xx_hal_msp.c.obj
                0x08001c94                HAL_MspInit
 .text.NMI_Handler
                0x08001cd8        0x2 CMakeFiles/STC31_Sensor.elf.dir/Core/Src/stm32f1xx_it.c.obj
                0x08001cd8                NMI_Handler
 .text.HardFault_Handler
                0x08001cda        0x2 CMakeFiles/STC31_Sensor.elf.dir/Core/Src/stm32f1xx_it.c.obj
                0x08001cda                HardFault_Handler
 .text.MemManage_Handler
                0x08001cdc        0x2 CMakeFiles/STC31_Sensor.elf.dir/Core/Src/stm32f1xx_it.c.obj
                0x08001cdc                MemManage_Handler
 .text.BusFault_Handler
                0x08001cde        0x2 CMakeFiles/STC31_Sensor.elf.dir/Core/Src/stm32f1xx_it.c.obj
                0x08001cde                BusFault_Handler
 .text.UsageFault_Handler
                0x08001ce0        0x2 CMakeFiles/STC31_Sensor.elf.dir/Core/Src/stm32f1xx_it.c.obj
                0x08001ce0                UsageFault_Handler
 .text.SVC_Handler
                0x08001ce2        0x2 CMakeFiles/STC31_Sensor.elf.dir/Core/Src/stm32f1xx_it.c.obj
                0x08001ce2                SVC_Handler
 .text.DebugMon_Handler
                0x08001ce4        0x2 CMakeFiles/STC31_Sensor.elf.dir/Core/Src/stm32f1xx_it.c.obj
                0x08001ce4                DebugMon_Handler
 .text.PendSV_Handler
                0x08001ce6        0x2 CMakeFiles/STC31_Sensor.elf.dir/Core/Src/stm32f1xx_it.c.obj
                0x08001ce6                PendSV_Handler
 .text.SysTick_Handler
                0x08001ce8        0x8 CMakeFiles/STC31_Sensor.elf.dir/Core/Src/stm32f1xx_it.c.obj
                0x08001ce8                SysTick_Handler
 .text._getpid  0x08001cf0        0x4 CMakeFiles/STC31_Sensor.elf.dir/Core/Src/syscalls.c.obj
                0x08001cf0                _getpid
 .text._kill    0x08001cf4       0x10 CMakeFiles/STC31_Sensor.elf.dir/Core/Src/syscalls.c.obj
                0x08001cf4                _kill
 .text._exit    0x08001d04        0xc CMakeFiles/STC31_Sensor.elf.dir/Core/Src/syscalls.c.obj
                0x08001d04                _exit
 .text._read    0x08001d10       0x20 CMakeFiles/STC31_Sensor.elf.dir/Core/Src/syscalls.c.obj
                0x08001d10                _read
 .text._write   0x08001d30       0x1c CMakeFiles/STC31_Sensor.elf.dir/Core/Src/syscalls.c.obj
                0x08001d30                _write
 .text._sbrk    0x08001d4c       0x3c CMakeFiles/STC31_Sensor.elf.dir/Core/Src/syscalls.c.obj
                0x08001d4c                _sbrk
 .text._close   0x08001d88        0x6 CMakeFiles/STC31_Sensor.elf.dir/Core/Src/syscalls.c.obj
                0x08001d88                _close
 .text._fstat   0x08001d8e        0xa CMakeFiles/STC31_Sensor.elf.dir/Core/Src/syscalls.c.obj
                0x08001d8e                _fstat
 .text._isatty  0x08001d98        0x4 CMakeFiles/STC31_Sensor.elf.dir/Core/Src/syscalls.c.obj
                0x08001d98                _isatty
 .text._lseek   0x08001d9c        0x4 CMakeFiles/STC31_Sensor.elf.dir/Core/Src/syscalls.c.obj
                0x08001d9c                _lseek
 .text.SystemInit
                0x08001da0        0x2 CMakeFiles/STC31_Sensor.elf.dir/Core/Src/system_stm32f1xx.c.obj
                0x08001da0                SystemInit
 *fill*         0x08001da2        0x2 
 .text.MX_USART2_UART_Init
                0x08001da4       0x34 CMakeFiles/STC31_Sensor.elf.dir/Core/Src/usart.c.obj
                0x08001da4                MX_USART2_UART_Init
 .text.HAL_UART_MspInit
                0x08001dd8       0x74 CMakeFiles/STC31_Sensor.elf.dir/Core/Src/usart.c.obj
                0x08001dd8                HAL_UART_MspInit
 .text.HAL_InitTick
                0x08001e4c       0x4c CMakeFiles/STC31_Sensor.elf.dir/Drivers/STM32F1xx_HAL_Driver/Src/stm32f1xx_hal.c.obj
                0x08001e4c                HAL_InitTick
 .text.HAL_Init
                0x08001e98       0x24 CMakeFiles/STC31_Sensor.elf.dir/Drivers/STM32F1xx_HAL_Driver/Src/stm32f1xx_hal.c.obj
                0x08001e98                HAL_Init
 .text.HAL_IncTick
                0x08001ebc       0x18 CMakeFiles/STC31_Sensor.elf.dir/Drivers/STM32F1xx_HAL_Driver/Src/stm32f1xx_hal.c.obj
                0x08001ebc                HAL_IncTick
 .text.HAL_GetTick
                0x08001ed4        0xc CMakeFiles/STC31_Sensor.elf.dir/Drivers/STM32F1xx_HAL_Driver/Src/stm32f1xx_hal.c.obj
                0x08001ed4                HAL_GetTick
 .text.HAL_Delay
                0x08001ee0       0x28 CMakeFiles/STC31_Sensor.elf.dir/Drivers/STM32F1xx_HAL_Driver/Src/stm32f1xx_hal.c.obj
                0x08001ee0                HAL_Delay
 .text.HAL_GetHalVersion
                0x08001f08        0x8 CMakeFiles/STC31_Sensor.elf.dir/Drivers/STM32F1xx_HAL_Driver/Src/stm32f1xx_hal.c.obj
                0x08001f08                HAL_GetHalVersion
 .text.HAL_NVIC_SetPriorityGrouping
                0x08001f10       0x24 CMakeFiles/STC31_Sensor.elf.dir/Drivers/STM32F1xx_HAL_Driver/Src/stm32f1xx_hal_cortex.c.obj
                0x08001f10                HAL_NVIC_SetPriorityGrouping
 .text.HAL_NVIC_SetPriority
                0x08001f34       0x70 CMakeFiles/STC31_Sensor.elf.dir/Drivers/STM32F1xx_HAL_Driver/Src/stm32f1xx_hal_cortex.c.obj
                0x08001f34                HAL_NVIC_SetPriority
 .text.HAL_SYSTICK_Config
                0x08001fa4       0x28 CMakeFiles/STC31_Sensor.elf.dir/Drivers/STM32F1xx_HAL_Driver/Src/stm32f1xx_hal_cortex.c.obj
                0x08001fa4                HAL_SYSTICK_Config
 .text.HAL_GPIO_Init
                0x08001fcc      0x224 CMakeFiles/STC31_Sensor.elf.dir/Drivers/STM32F1xx_HAL_Driver/Src/stm32f1xx_hal_gpio.c.obj
                0x08001fcc                HAL_GPIO_Init
 .text.I2C_IsAcknowledgeFailed
                0x080021f0       0x32 CMakeFiles/STC31_Sensor.elf.dir/Drivers/STM32F1xx_HAL_Driver/Src/stm32f1xx_hal_i2c.c.obj
 .text.I2C_WaitOnFlagUntilTimeout
                0x08002222       0x7c CMakeFiles/STC31_Sensor.elf.dir/Drivers/STM32F1xx_HAL_Driver/Src/stm32f1xx_hal_i2c.c.obj
 .text.I2C_WaitOnMasterAddressFlagUntilTimeout
                0x0800229e       0xaa CMakeFiles/STC31_Sensor.elf.dir/Drivers/STM32F1xx_HAL_Driver/Src/stm32f1xx_hal_i2c.c.obj
 .text.I2C_MasterRequestWrite
                0x08002348       0xb4 CMakeFiles/STC31_Sensor.elf.dir/Drivers/STM32F1xx_HAL_Driver/Src/stm32f1xx_hal_i2c.c.obj
 .text.I2C_MasterRequestRead
                0x080023fc      0x120 CMakeFiles/STC31_Sensor.elf.dir/Drivers/STM32F1xx_HAL_Driver/Src/stm32f1xx_hal_i2c.c.obj
 .text.I2C_WaitOnTXEFlagUntilTimeout
                0x0800251c       0x54 CMakeFiles/STC31_Sensor.elf.dir/Drivers/STM32F1xx_HAL_Driver/Src/stm32f1xx_hal_i2c.c.obj
 .text.I2C_WaitOnBTFFlagUntilTimeout
                0x08002570       0x54 CMakeFiles/STC31_Sensor.elf.dir/Drivers/STM32F1xx_HAL_Driver/Src/stm32f1xx_hal_i2c.c.obj
 .text.I2C_WaitOnRXNEFlagUntilTimeout
                0x080025c4       0x6a CMakeFiles/STC31_Sensor.elf.dir/Drivers/STM32F1xx_HAL_Driver/Src/stm32f1xx_hal_i2c.c.obj
 *fill*         0x0800262e        0x2 
 .text.HAL_I2C_Init
                0x08002630      0x1bc CMakeFiles/STC31_Sensor.elf.dir/Drivers/STM32F1xx_HAL_Driver/Src/stm32f1xx_hal_i2c.c.obj
                0x08002630                HAL_I2C_Init
 .text.HAL_I2C_Master_Transmit
                0x080027ec      0x178 CMakeFiles/STC31_Sensor.elf.dir/Drivers/STM32F1xx_HAL_Driver/Src/stm32f1xx_hal_i2c.c.obj
                0x080027ec                HAL_I2C_Master_Transmit
 .text.HAL_I2C_Master_Receive
                0x08002964      0x344 CMakeFiles/STC31_Sensor.elf.dir/Drivers/STM32F1xx_HAL_Driver/Src/stm32f1xx_hal_i2c.c.obj
                0x08002964                HAL_I2C_Master_Receive
 .text.RCC_Delay
                0x08002ca8       0x2c CMakeFiles/STC31_Sensor.elf.dir/Drivers/STM32F1xx_HAL_Driver/Src/stm32f1xx_hal_rcc.c.obj
 .text.HAL_RCC_OscConfig
                0x08002cd4      0x410 CMakeFiles/STC31_Sensor.elf.dir/Drivers/STM32F1xx_HAL_Driver/Src/stm32f1xx_hal_rcc.c.obj
                0x08002cd4                HAL_RCC_OscConfig
 .text.HAL_RCC_GetSysClockFreq
                0x080030e4       0x70 CMakeFiles/STC31_Sensor.elf.dir/Drivers/STM32F1xx_HAL_Driver/Src/stm32f1xx_hal_rcc.c.obj
                0x080030e4                HAL_RCC_GetSysClockFreq
 .text.HAL_RCC_ClockConfig
                0x08003154      0x16c CMakeFiles/STC31_Sensor.elf.dir/Drivers/STM32F1xx_HAL_Driver/Src/stm32f1xx_hal_rcc.c.obj
                0x08003154                HAL_RCC_ClockConfig
 .text.HAL_RCC_GetHCLKFreq
                0x080032c0        0xc CMakeFiles/STC31_Sensor.elf.dir/Drivers/STM32F1xx_HAL_Driver/Src/stm32f1xx_hal_rcc.c.obj
                0x080032c0                HAL_RCC_GetHCLKFreq
 .text.HAL_RCC_GetPCLK1Freq
                0x080032cc       0x20 CMakeFiles/STC31_Sensor.elf.dir/Drivers/STM32F1xx_HAL_Driver/Src/stm32f1xx_hal_rcc.c.obj
                0x080032cc                HAL_RCC_GetPCLK1Freq
 .text.HAL_RCC_GetPCLK2Freq
                0x080032ec       0x20 CMakeFiles/STC31_Sensor.elf.dir/Drivers/STM32F1xx_HAL_Driver/Src/stm32f1xx_hal_rcc.c.obj
                0x080032ec                HAL_RCC_GetPCLK2Freq
 .text.UART_SetConfig
                0x0800330c       0x94 CMakeFiles/STC31_Sensor.elf.dir/Drivers/STM32F1xx_HAL_Driver/Src/stm32f1xx_hal_uart.c.obj
 .text.UART_WaitOnFlagUntilTimeout
                0x080033a0       0x6c CMakeFiles/STC31_Sensor.elf.dir/Drivers/STM32F1xx_HAL_Driver/Src/stm32f1xx_hal_uart.c.obj
 .text.HAL_UART_Init
                0x0800340c       0x5e CMakeFiles/STC31_Sensor.elf.dir/Drivers/STM32F1xx_HAL_Driver/Src/stm32f1xx_hal_uart.c.obj
                0x0800340c                HAL_UART_Init
 .text.HAL_UART_Transmit
                0x0800346a       0xd8 CMakeFiles/STC31_Sensor.elf.dir/Drivers/STM32F1xx_HAL_Driver/Src/stm32f1xx_hal_uart.c.obj
                0x0800346a                HAL_UART_Transmit
 *fill*         0x08003542        0x2 
 .text.Reset_Handler
                0x08003544       0x48 CMakeFiles/STC31_Sensor.elf.dir/startup/startup_stm32f103xb.s.obj
                0x08003544                Reset_Handler
 .text.Default_Handler
                0x0800358c        0x2 CMakeFiles/STC31_Sensor.elf.dir/startup/startup_stm32f103xb.s.obj
                0x0800358c                RTC_Alarm_IRQHandler
                0x0800358c                EXTI2_IRQHandler
                0x0800358c                TIM1_CC_IRQHandler
                0x0800358c                PVD_IRQHandler
                0x0800358c                EXTI3_IRQHandler
                0x0800358c                EXTI0_IRQHandler
                0x0800358c                I2C2_EV_IRQHandler
                0x0800358c                ADC1_2_IRQHandler
                0x0800358c                SPI1_IRQHandler
                0x0800358c                TAMPER_IRQHandler
                0x0800358c                DMA1_Channel4_IRQHandler
                0x0800358c                USART3_IRQHandler
                0x0800358c                RTC_IRQHandler
                0x0800358c                DMA1_Channel7_IRQHandler
                0x0800358c                CAN1_RX1_IRQHandler
                0x0800358c                TIM4_IRQHandler
                0x0800358c                I2C1_EV_IRQHandler
                0x0800358c                DMA1_Channel6_IRQHandler
                0x0800358c                TIM3_IRQHandler
                0x0800358c                RCC_IRQHandler
                0x0800358c                TIM1_TRG_COM_IRQHandler
                0x0800358c                DMA1_Channel1_IRQHandler
                0x0800358c                Default_Handler
                0x0800358c                EXTI15_10_IRQHandler
                0x0800358c                EXTI9_5_IRQHandler
                0x0800358c                SPI2_IRQHandler
                0x0800358c                DMA1_Channel5_IRQHandler
                0x0800358c                EXTI4_IRQHandler
                0x0800358c                USB_LP_CAN1_RX0_IRQHandler
                0x0800358c                USB_HP_CAN1_TX_IRQHandler
                0x0800358c                DMA1_Channel3_IRQHandler
                0x0800358c                TIM1_UP_IRQHandler
                0x0800358c                WWDG_IRQHandler
                0x0800358c                TIM2_IRQHandler
                0x0800358c                TIM1_BRK_IRQHandler
                0x0800358c                EXTI1_IRQHandler
                0x0800358c                USART2_IRQHandler
                0x0800358c                I2C2_ER_IRQHandler
                0x0800358c                DMA1_Channel2_IRQHandler
                0x0800358c                CAN1_SCE_IRQHandler
                0x0800358c                FLASH_IRQHandler
                0x0800358c                USART1_IRQHandler
                0x0800358c                I2C1_ER_IRQHandler
                0x0800358c                USBWakeUp_IRQHandler
 *fill*         0x0800358e        0x2 
 .text.__errno  0x08003590        0xc c:/gcc-arm-none-eabi-10.3-2021.10/bin/../lib/gcc/arm-none-eabi/10.3.1/../../../../arm-none-eabi/lib/thumb/v7-m/nofp\libg.a(lib_a-errno.o)
                0x08003590                __errno
 .text.__libc_init_array
                0x0800359c       0x48 c:/gcc-arm-none-eabi-10.3-2021.10/bin/../lib/gcc/arm-none-eabi/10.3.1/../../../../arm-none-eabi/lib/thumb/v7-m/nofp\libg.a(lib_a-init.o)
                0x0800359c                __libc_init_array
 .text.memset   0x080035e4       0xa4 c:/gcc-arm-none-eabi-10.3-2021.10/bin/../lib/gcc/arm-none-eabi/10.3.1/../../../../arm-none-eabi/lib/thumb/v7-m/nofp\libg.a(lib_a-memset.o)
                0x080035e4                memset
 .text.printf   0x08003688       0x28 c:/gcc-arm-none-eabi-10.3-2021.10/bin/../lib/gcc/arm-none-eabi/10.3.1/../../../../arm-none-eabi/lib/thumb/v7-m/nofp\libg.a(lib_a-printf.o)
                0x08003688                printf
 .text._puts_r  0x080036b0       0x9c c:/gcc-arm-none-eabi-10.3-2021.10/bin/../lib/gcc/arm-none-eabi/10.3.1/../../../../arm-none-eabi/lib/thumb/v7-m/nofp\libg.a(lib_a-puts.o)
                0x080036b0                _puts_r
 .text.puts     0x0800374c       0x10 c:/gcc-arm-none-eabi-10.3-2021.10/bin/../lib/gcc/arm-none-eabi/10.3.1/../../../../arm-none-eabi/lib/thumb/v7-m/nofp\libg.a(lib_a-puts.o)
                0x0800374c                puts
 .text.strlen   0x0800375c       0x5c c:/gcc-arm-none-eabi-10.3-2021.10/bin/../lib/gcc/arm-none-eabi/10.3.1/../../../../arm-none-eabi/lib/thumb/v7-m/nofp\libg.a(lib_a-strlen-stub.o)
                0x0800375c                strlen
 .text._vfprintf_r
                0x080037b8     0x1b58 c:/gcc-arm-none-eabi-10.3-2021.10/bin/../lib/gcc/arm-none-eabi/10.3.1/../../../../arm-none-eabi/lib/thumb/v7-m/nofp\libg.a(lib_a-vfprintf.o)
                0x080037b8                _vfprintf_r
 .text.__sbprintf
                0x08005310       0x84 c:/gcc-arm-none-eabi-10.3-2021.10/bin/../lib/gcc/arm-none-eabi/10.3.1/../../../../arm-none-eabi/lib/thumb/v7-m/nofp\libg.a(lib_a-vfprintf.o)
 .text.__swsetup_r
                0x08005394       0xd4 c:/gcc-arm-none-eabi-10.3-2021.10/bin/../lib/gcc/arm-none-eabi/10.3.1/../../../../arm-none-eabi/lib/thumb/v7-m/nofp\libg.a(lib_a-wsetup.o)
                0x08005394                __swsetup_r
 .text.startup.register_fini
                0x08005468       0x14 c:/gcc-arm-none-eabi-10.3-2021.10/bin/../lib/gcc/arm-none-eabi/10.3.1/../../../../arm-none-eabi/lib/thumb/v7-m/nofp\libg.a(lib_a-__call_atexit.o)
 .text.atexit   0x0800547c        0xc c:/gcc-arm-none-eabi-10.3-2021.10/bin/../lib/gcc/arm-none-eabi/10.3.1/../../../../arm-none-eabi/lib/thumb/v7-m/nofp\libg.a(lib_a-atexit.o)
                0x0800547c                atexit
 .text.quorem   0x08005488      0x12c c:/gcc-arm-none-eabi-10.3-2021.10/bin/../lib/gcc/arm-none-eabi/10.3.1/../../../../arm-none-eabi/lib/thumb/v7-m/nofp\libg.a(lib_a-dtoa.o)
 *fill*         0x080055b4        0x4 
 .text._dtoa_r  0x080055b8      0xecc c:/gcc-arm-none-eabi-10.3-2021.10/bin/../lib/gcc/arm-none-eabi/10.3.1/../../../../arm-none-eabi/lib/thumb/v7-m/nofp\libg.a(lib_a-dtoa.o)
                0x080055b8                _dtoa_r
 .text.__sflush_r
                0x08006484      0x124 c:/gcc-arm-none-eabi-10.3-2021.10/bin/../lib/gcc/arm-none-eabi/10.3.1/../../../../arm-none-eabi/lib/thumb/v7-m/nofp\libg.a(lib_a-fflush.o)
                0x08006484                __sflush_r
 .text._fflush_r
                0x080065a8       0x5c c:/gcc-arm-none-eabi-10.3-2021.10/bin/../lib/gcc/arm-none-eabi/10.3.1/../../../../arm-none-eabi/lib/thumb/v7-m/nofp\libg.a(lib_a-fflush.o)
                0x080065a8                _fflush_r
 .text._cleanup_r
                0x08006604        0xc c:/gcc-arm-none-eabi-10.3-2021.10/bin/../lib/gcc/arm-none-eabi/10.3.1/../../../../arm-none-eabi/lib/thumb/v7-m/nofp\libg.a(lib_a-findfp.o)
                0x08006604                _cleanup_r
 .text.__sinit  0x08006610      0x10c c:/gcc-arm-none-eabi-10.3-2021.10/bin/../lib/gcc/arm-none-eabi/10.3.1/../../../../arm-none-eabi/lib/thumb/v7-m/nofp\libg.a(lib_a-findfp.o)
                0x08006610                __sinit
 .text.__sfp_lock_acquire
                0x0800671c        0xc c:/gcc-arm-none-eabi-10.3-2021.10/bin/../lib/gcc/arm-none-eabi/10.3.1/../../../../arm-none-eabi/lib/thumb/v7-m/nofp\libg.a(lib_a-findfp.o)
                0x0800671c                __sfp_lock_acquire
 .text.__sfp_lock_release
                0x08006728        0xc c:/gcc-arm-none-eabi-10.3-2021.10/bin/../lib/gcc/arm-none-eabi/10.3.1/../../../../arm-none-eabi/lib/thumb/v7-m/nofp\libg.a(lib_a-findfp.o)
                0x08006728                __sfp_lock_release
 .text.__libc_fini_array
                0x08006734       0x2c c:/gcc-arm-none-eabi-10.3-2021.10/bin/../lib/gcc/arm-none-eabi/10.3.1/../../../../arm-none-eabi/lib/thumb/v7-m/nofp\libg.a(lib_a-fini.o)
                0x08006734                __libc_fini_array
 .text._malloc_trim_r
                0x08006760       0xa0 c:/gcc-arm-none-eabi-10.3-2021.10/bin/../lib/gcc/arm-none-eabi/10.3.1/../../../../arm-none-eabi/lib/thumb/v7-m/nofp\libg.a(lib_a-freer.o)
                0x08006760                _malloc_trim_r
 .text._free_r  0x08006800      0x200 c:/gcc-arm-none-eabi-10.3-2021.10/bin/../lib/gcc/arm-none-eabi/10.3.1/../../../../arm-none-eabi/lib/thumb/v7-m/nofp\libg.a(lib_a-freer.o)
                0x08006800                _free_r
 .text.__sfvwrite_r
                0x08006a00      0x2f0 c:/gcc-arm-none-eabi-10.3-2021.10/bin/../lib/gcc/arm-none-eabi/10.3.1/../../../../arm-none-eabi/lib/thumb/v7-m/nofp\libg.a(lib_a-fvwrite.o)
                0x08006a00                __sfvwrite_r
 .text._fwalk_reent
                0x08006cf0       0x48 c:/gcc-arm-none-eabi-10.3-2021.10/bin/../lib/gcc/arm-none-eabi/10.3.1/../../../../arm-none-eabi/lib/thumb/v7-m/nofp\libg.a(lib_a-fwalk.o)
                0x08006cf0                _fwalk_reent
 .text._localeconv_r
                0x08006d38        0x8 c:/gcc-arm-none-eabi-10.3-2021.10/bin/../lib/gcc/arm-none-eabi/10.3.1/../../../../arm-none-eabi/lib/thumb/v7-m/nofp\libg.a(lib_a-localeconv.o)
                0x08006d38                _localeconv_r
 .text.__retarget_lock_init_recursive
                0x08006d40        0x4 c:/gcc-arm-none-eabi-10.3-2021.10/bin/../lib/gcc/arm-none-eabi/10.3.1/../../../../arm-none-eabi/lib/thumb/v7-m/nofp\libg.a(lib_a-lock.o)
                0x08006d40                __retarget_lock_init_recursive
 .text.__retarget_lock_close_recursive
                0x08006d44        0x4 c:/gcc-arm-none-eabi-10.3-2021.10/bin/../lib/gcc/arm-none-eabi/10.3.1/../../../../arm-none-eabi/lib/thumb/v7-m/nofp\libg.a(lib_a-lock.o)
                0x08006d44                __retarget_lock_close_recursive
 .text.__retarget_lock_acquire_recursive
                0x08006d48        0x4 c:/gcc-arm-none-eabi-10.3-2021.10/bin/../lib/gcc/arm-none-eabi/10.3.1/../../../../arm-none-eabi/lib/thumb/v7-m/nofp\libg.a(lib_a-lock.o)
                0x08006d48                __retarget_lock_acquire_recursive
 .text.__retarget_lock_release_recursive
                0x08006d4c        0x4 c:/gcc-arm-none-eabi-10.3-2021.10/bin/../lib/gcc/arm-none-eabi/10.3.1/../../../../arm-none-eabi/lib/thumb/v7-m/nofp\libg.a(lib_a-lock.o)
                0x08006d4c                __retarget_lock_release_recursive
 .text.__smakebuf_r
                0x08006d50       0xe0 c:/gcc-arm-none-eabi-10.3-2021.10/bin/../lib/gcc/arm-none-eabi/10.3.1/../../../../arm-none-eabi/lib/thumb/v7-m/nofp\libg.a(lib_a-makebuf.o)
                0x08006d50                __smakebuf_r
 .text._malloc_r
                0x08006e30      0x558 c:/gcc-arm-none-eabi-10.3-2021.10/bin/../lib/gcc/arm-none-eabi/10.3.1/../../../../arm-none-eabi/lib/thumb/v7-m/nofp\libg.a(lib_a-mallocr.o)
                0x08006e30                _malloc_r
 .text.memchr   0x08007388       0x90 c:/gcc-arm-none-eabi-10.3-2021.10/bin/../lib/gcc/arm-none-eabi/10.3.1/../../../../arm-none-eabi/lib/thumb/v7-m/nofp\libg.a(lib_a-memchr-stub.o)
                0x08007388                memchr
 .text.memmove  0x08007418       0xf8 c:/gcc-arm-none-eabi-10.3-2021.10/bin/../lib/gcc/arm-none-eabi/10.3.1/../../../../arm-none-eabi/lib/thumb/v7-m/nofp\libg.a(lib_a-memmove.o)
                0x08007418                memmove
 .text.__malloc_lock
                0x08007510        0xc c:/gcc-arm-none-eabi-10.3-2021.10/bin/../lib/gcc/arm-none-eabi/10.3.1/../../../../arm-none-eabi/lib/thumb/v7-m/nofp\libg.a(lib_a-mlock.o)
                0x08007510                __malloc_lock
 .text.__malloc_unlock
                0x0800751c        0xc c:/gcc-arm-none-eabi-10.3-2021.10/bin/../lib/gcc/arm-none-eabi/10.3.1/../../../../arm-none-eabi/lib/thumb/v7-m/nofp\libg.a(lib_a-mlock.o)
                0x0800751c                __malloc_unlock
 .text._Balloc  0x08007528       0x4c c:/gcc-arm-none-eabi-10.3-2021.10/bin/../lib/gcc/arm-none-eabi/10.3.1/../../../../arm-none-eabi/lib/thumb/v7-m/nofp\libg.a(lib_a-mprec.o)
                0x08007528                _Balloc
 .text._Bfree   0x08007574       0x14 c:/gcc-arm-none-eabi-10.3-2021.10/bin/../lib/gcc/arm-none-eabi/10.3.1/../../../../arm-none-eabi/lib/thumb/v7-m/nofp\libg.a(lib_a-mprec.o)
                0x08007574                _Bfree
 .text.__multadd
                0x08007588       0xa4 c:/gcc-arm-none-eabi-10.3-2021.10/bin/../lib/gcc/arm-none-eabi/10.3.1/../../../../arm-none-eabi/lib/thumb/v7-m/nofp\libg.a(lib_a-mprec.o)
                0x08007588                __multadd
 .text.__hi0bits
                0x0800762c       0x40 c:/gcc-arm-none-eabi-10.3-2021.10/bin/../lib/gcc/arm-none-eabi/10.3.1/../../../../arm-none-eabi/lib/thumb/v7-m/nofp\libg.a(lib_a-mprec.o)
                0x0800762c                __hi0bits
 .text.__lo0bits
                0x0800766c       0x58 c:/gcc-arm-none-eabi-10.3-2021.10/bin/../lib/gcc/arm-none-eabi/10.3.1/../../../../arm-none-eabi/lib/thumb/v7-m/nofp\libg.a(lib_a-mprec.o)
                0x0800766c                __lo0bits
 .text.__i2b    0x080076c4       0x5c c:/gcc-arm-none-eabi-10.3-2021.10/bin/../lib/gcc/arm-none-eabi/10.3.1/../../../../arm-none-eabi/lib/thumb/v7-m/nofp\libg.a(lib_a-mprec.o)
                0x080076c4                __i2b
 .text.__multiply
                0x08007720      0x15c c:/gcc-arm-none-eabi-10.3-2021.10/bin/../lib/gcc/arm-none-eabi/10.3.1/../../../../arm-none-eabi/lib/thumb/v7-m/nofp\libg.a(lib_a-mprec.o)
                0x08007720                __multiply
 .text.__pow5mult
                0x0800787c       0xb8 c:/gcc-arm-none-eabi-10.3-2021.10/bin/../lib/gcc/arm-none-eabi/10.3.1/../../../../arm-none-eabi/lib/thumb/v7-m/nofp\libg.a(lib_a-mprec.o)
                0x0800787c                __pow5mult
 .text.__lshift
                0x08007934       0xec c:/gcc-arm-none-eabi-10.3-2021.10/bin/../lib/gcc/arm-none-eabi/10.3.1/../../../../arm-none-eabi/lib/thumb/v7-m/nofp\libg.a(lib_a-mprec.o)
                0x08007934                __lshift
 .text.__mcmp   0x08007a20       0x40 c:/gcc-arm-none-eabi-10.3-2021.10/bin/../lib/gcc/arm-none-eabi/10.3.1/../../../../arm-none-eabi/lib/thumb/v7-m/nofp\libg.a(lib_a-mprec.o)
                0x08007a20                __mcmp
 .text.__mdiff  0x08007a60      0x14c c:/gcc-arm-none-eabi-10.3-2021.10/bin/../lib/gcc/arm-none-eabi/10.3.1/../../../../arm-none-eabi/lib/thumb/v7-m/nofp\libg.a(lib_a-mprec.o)
                0x08007a60                __mdiff
 .text.__d2b    0x08007bac       0xc4 c:/gcc-arm-none-eabi-10.3-2021.10/bin/../lib/gcc/arm-none-eabi/10.3.1/../../../../arm-none-eabi/lib/thumb/v7-m/nofp\libg.a(lib_a-mprec.o)
                0x08007bac                __d2b
 .text._realloc_r
                0x08007c70      0x3dc c:/gcc-arm-none-eabi-10.3-2021.10/bin/../lib/gcc/arm-none-eabi/10.3.1/../../../../arm-none-eabi/lib/thumb/v7-m/nofp\libg.a(lib_a-reallocr.o)
                0x08007c70                _realloc_r
 .text.frexp    0x0800804c       0x70 c:/gcc-arm-none-eabi-10.3-2021.10/bin/../lib/gcc/arm-none-eabi/10.3.1/../../../../arm-none-eabi/lib/thumb/v7-m/nofp\libg.a(lib_a-s_frexp.o)
                0x0800804c                frexp
 .text._sbrk_r  0x080080bc       0x24 c:/gcc-arm-none-eabi-10.3-2021.10/bin/../lib/gcc/arm-none-eabi/10.3.1/../../../../arm-none-eabi/lib/thumb/v7-m/nofp\libg.a(lib_a-sbrkr.o)
                0x080080bc                _sbrk_r
 .text.__sread  0x080080e0       0x24 c:/gcc-arm-none-eabi-10.3-2021.10/bin/../lib/gcc/arm-none-eabi/10.3.1/../../../../arm-none-eabi/lib/thumb/v7-m/nofp\libg.a(lib_a-stdio.o)
                0x080080e0                __sread
 .text.__swrite
                0x08008104       0x40 c:/gcc-arm-none-eabi-10.3-2021.10/bin/../lib/gcc/arm-none-eabi/10.3.1/../../../../arm-none-eabi/lib/thumb/v7-m/nofp\libg.a(lib_a-stdio.o)
                0x08008104                __swrite
 .text.__sseek  0x08008144       0x20 c:/gcc-arm-none-eabi-10.3-2021.10/bin/../lib/gcc/arm-none-eabi/10.3.1/../../../../arm-none-eabi/lib/thumb/v7-m/nofp\libg.a(lib_a-stdio.o)
                0x08008144                __sseek
 .text.__sclose
                0x08008164        0x8 c:/gcc-arm-none-eabi-10.3-2021.10/bin/../lib/gcc/arm-none-eabi/10.3.1/../../../../arm-none-eabi/lib/thumb/v7-m/nofp\libg.a(lib_a-stdio.o)
                0x08008164                __sclose
 .text.strncpy  0x0800816c       0x68 c:/gcc-arm-none-eabi-10.3-2021.10/bin/../lib/gcc/arm-none-eabi/10.3.1/../../../../arm-none-eabi/lib/thumb/v7-m/nofp\libg.a(lib_a-strncpy.o)
                0x0800816c                strncpy
 .text.__sprint_r.part.0
                0x080081d4       0x78 c:/gcc-arm-none-eabi-10.3-2021.10/bin/../lib/gcc/arm-none-eabi/10.3.1/../../../../arm-none-eabi/lib/thumb/v7-m/nofp\libg.a(lib_a-vfiprintf.o)
 .text.__sprint_r
                0x0800824c       0x14 c:/gcc-arm-none-eabi-10.3-2021.10/bin/../lib/gcc/arm-none-eabi/10.3.1/../../../../arm-none-eabi/lib/thumb/v7-m/nofp\libg.a(lib_a-vfiprintf.o)
                0x0800824c                __sprint_r
 .text._vfiprintf_r
                0x08008260      0xd98 c:/gcc-arm-none-eabi-10.3-2021.10/bin/../lib/gcc/arm-none-eabi/10.3.1/../../../../arm-none-eabi/lib/thumb/v7-m/nofp\libg.a(lib_a-vfiprintf.o)
                0x08008260                _vfiprintf_r
 .text.__sbprintf
                0x08008ff8       0x84 c:/gcc-arm-none-eabi-10.3-2021.10/bin/../lib/gcc/arm-none-eabi/10.3.1/../../../../arm-none-eabi/lib/thumb/v7-m/nofp\libg.a(lib_a-vfiprintf.o)
 .text._write_r
                0x0800907c       0x2c c:/gcc-arm-none-eabi-10.3-2021.10/bin/../lib/gcc/arm-none-eabi/10.3.1/../../../../arm-none-eabi/lib/thumb/v7-m/nofp\libg.a(lib_a-writer.o)
                0x0800907c                _write_r
 .text.__register_exitproc
                0x080090a8       0x8c c:/gcc-arm-none-eabi-10.3-2021.10/bin/../lib/gcc/arm-none-eabi/10.3.1/../../../../arm-none-eabi/lib/thumb/v7-m/nofp\libg.a(lib_a-__atexit.o)
                0x080090a8                __register_exitproc
 .text.__assert_func
                0x08009134       0x40 c:/gcc-arm-none-eabi-10.3-2021.10/bin/../lib/gcc/arm-none-eabi/10.3.1/../../../../arm-none-eabi/lib/thumb/v7-m/nofp\libg.a(lib_a-assert.o)
                0x08009134                __assert_func
 .text._calloc_r
                0x08009174       0x78 c:/gcc-arm-none-eabi-10.3-2021.10/bin/../lib/gcc/arm-none-eabi/10.3.1/../../../../arm-none-eabi/lib/thumb/v7-m/nofp\libg.a(lib_a-callocr.o)
                0x08009174                _calloc_r
 .text._close_r
                0x080091ec       0x24 c:/gcc-arm-none-eabi-10.3-2021.10/bin/../lib/gcc/arm-none-eabi/10.3.1/../../../../arm-none-eabi/lib/thumb/v7-m/nofp\libg.a(lib_a-closer.o)
                0x080091ec                _close_r
 .text._fclose_r
                0x08009210       0xcc c:/gcc-arm-none-eabi-10.3-2021.10/bin/../lib/gcc/arm-none-eabi/10.3.1/../../../../arm-none-eabi/lib/thumb/v7-m/nofp\libg.a(lib_a-fclose.o)
                0x08009210                _fclose_r
 .text.fiprintf
                0x080092dc       0x28 c:/gcc-arm-none-eabi-10.3-2021.10/bin/../lib/gcc/arm-none-eabi/10.3.1/../../../../arm-none-eabi/lib/thumb/v7-m/nofp\libg.a(lib_a-fiprintf.o)
                0x080092dc                fiprintf
 .text.__fputwc
                0x08009304       0xa0 c:/gcc-arm-none-eabi-10.3-2021.10/bin/../lib/gcc/arm-none-eabi/10.3.1/../../../../arm-none-eabi/lib/thumb/v7-m/nofp\libg.a(lib_a-fputwc.o)
                0x08009304                __fputwc
 .text._fputwc_r
                0x080093a4       0x68 c:/gcc-arm-none-eabi-10.3-2021.10/bin/../lib/gcc/arm-none-eabi/10.3.1/../../../../arm-none-eabi/lib/thumb/v7-m/nofp\libg.a(lib_a-fputwc.o)
                0x080093a4                _fputwc_r
 .text._fstat_r
                0x0800940c       0x28 c:/gcc-arm-none-eabi-10.3-2021.10/bin/../lib/gcc/arm-none-eabi/10.3.1/../../../../arm-none-eabi/lib/thumb/v7-m/nofp\libg.a(lib_a-fstatr.o)
                0x0800940c                _fstat_r
 .text._isatty_r
                0x08009434       0x24 c:/gcc-arm-none-eabi-10.3-2021.10/bin/../lib/gcc/arm-none-eabi/10.3.1/../../../../arm-none-eabi/lib/thumb/v7-m/nofp\libg.a(lib_a-isattyr.o)
                0x08009434                _isatty_r
 .text.__locale_mb_cur_max
                0x08009458        0xc c:/gcc-arm-none-eabi-10.3-2021.10/bin/../lib/gcc/arm-none-eabi/10.3.1/../../../../arm-none-eabi/lib/thumb/v7-m/nofp\libg.a(lib_a-locale.o)
                0x08009458                __locale_mb_cur_max
 .text._lseek_r
                0x08009464       0x2c c:/gcc-arm-none-eabi-10.3-2021.10/bin/../lib/gcc/arm-none-eabi/10.3.1/../../../../arm-none-eabi/lib/thumb/v7-m/nofp\libg.a(lib_a-lseekr.o)
                0x08009464                _lseek_r
 .text.__ascii_mbtowc
                0x08009490       0x2c c:/gcc-arm-none-eabi-10.3-2021.10/bin/../lib/gcc/arm-none-eabi/10.3.1/../../../../arm-none-eabi/lib/thumb/v7-m/nofp\libg.a(lib_a-mbtowc_r.o)
                0x08009490                __ascii_mbtowc
 .text._read_r  0x080094bc       0x2c c:/gcc-arm-none-eabi-10.3-2021.10/bin/../lib/gcc/arm-none-eabi/10.3.1/../../../../arm-none-eabi/lib/thumb/v7-m/nofp\libg.a(lib_a-readr.o)
                0x080094bc                _read_r
 .text.__swbuf_r
                0x080094e8       0xb0 c:/gcc-arm-none-eabi-10.3-2021.10/bin/../lib/gcc/arm-none-eabi/10.3.1/../../../../arm-none-eabi/lib/thumb/v7-m/nofp\libg.a(lib_a-wbuf.o)
                0x080094e8                __swbuf_r
 .text._wcrtomb_r
                0x08009598       0x3c c:/gcc-arm-none-eabi-10.3-2021.10/bin/../lib/gcc/arm-none-eabi/10.3.1/../../../../arm-none-eabi/lib/thumb/v7-m/nofp\libg.a(lib_a-wcrtomb.o)
                0x08009598                _wcrtomb_r
 .text.__ascii_wctomb
                0x080095d4       0x1c c:/gcc-arm-none-eabi-10.3-2021.10/bin/../lib/gcc/arm-none-eabi/10.3.1/../../../../arm-none-eabi/lib/thumb/v7-m/nofp\libg.a(lib_a-wctomb_r.o)
                0x080095d4                __ascii_wctomb
 .text.abort    0x080095f0       0x10 c:/gcc-arm-none-eabi-10.3-2021.10/bin/../lib/gcc/arm-none-eabi/10.3.1/../../../../arm-none-eabi/lib/thumb/v7-m/nofp\libg.a(lib_a-abort.o)
                0x080095f0                abort
 .text.raise    0x08009600       0x5c c:/gcc-arm-none-eabi-10.3-2021.10/bin/../lib/gcc/arm-none-eabi/10.3.1/../../../../arm-none-eabi/lib/thumb/v7-m/nofp\libg.a(lib_a-signal.o)
                0x08009600                raise
 .text._kill_r  0x0800965c       0x28 c:/gcc-arm-none-eabi-10.3-2021.10/bin/../lib/gcc/arm-none-eabi/10.3.1/../../../../arm-none-eabi/lib/thumb/v7-m/nofp\libg.a(lib_a-signalr.o)
                0x0800965c                _kill_r
 .text._getpid_r
                0x08009684        0x4 c:/gcc-arm-none-eabi-10.3-2021.10/bin/../lib/gcc/arm-none-eabi/10.3.1/../../../../arm-none-eabi/lib/thumb/v7-m/nofp\libg.a(lib_a-signalr.o)
                0x08009684                _getpid_r
 *(.glue_7)
 .glue_7        0x08009688        0x0 linker stubs
 *(.glue_7t)
 .glue_7t       0x08009688        0x0 linker stubs
 *(.eh_frame)
 .eh_frame      0x08009688        0x0 c:/gcc-arm-none-eabi-10.3-2021.10/bin/../lib/gcc/arm-none-eabi/10.3.1/thumb/v7-m/nofp/crtbegin.o
 *(.init)
 .init          0x08009688        0x4 c:/gcc-arm-none-eabi-10.3-2021.10/bin/../lib/gcc/arm-none-eabi/10.3.1/thumb/v7-m/nofp/crti.o
                0x08009688                _init
 .init          0x0800968c        0x8 c:/gcc-arm-none-eabi-10.3-2021.10/bin/../lib/gcc/arm-none-eabi/10.3.1/thumb/v7-m/nofp/crtn.o
 *(.fini)
 .fini          0x08009694        0x4 c:/gcc-arm-none-eabi-10.3-2021.10/bin/../lib/gcc/arm-none-eabi/10.3.1/thumb/v7-m/nofp/crti.o
                0x08009694                _fini
 .fini          0x08009698        0x8 c:/gcc-arm-none-eabi-10.3-2021.10/bin/../lib/gcc/arm-none-eabi/10.3.1/thumb/v7-m/nofp/crtn.o
                0x080096a0                . = ALIGN (0x4)
                0x080096a0                _etext = .

.vfp11_veneer   0x080096a0        0x0
 .vfp11_veneer  0x080096a0        0x0 linker stubs

.v4_bx          0x080096a0        0x0
 .v4_bx         0x080096a0        0x0 linker stubs

.iplt           0x080096a0        0x0
 .iplt          0x080096a0        0x0 c:/gcc-arm-none-eabi-10.3-2021.10/bin/../lib/gcc/arm-none-eabi/10.3.1/thumb/v7-m/nofp/crtbegin.o

.rodata         0x080096a0      0x648
                0x080096a0                . = ALIGN (0x4)
 *(.rodata)
 *(.rodata*)
 .rodata.main.str1.4
                0x080096a0      0x21a CMakeFiles/STC31_Sensor.elf.dir/Core/Src/main.c.obj
 *fill*         0x080098ba        0x2 
 .rodata.AHBPrescTable
                0x080098bc       0x10 CMakeFiles/STC31_Sensor.elf.dir/Core/Src/system_stm32f1xx.c.obj
                0x080098bc                AHBPrescTable
 .rodata.APBPrescTable
                0x080098cc        0x8 CMakeFiles/STC31_Sensor.elf.dir/Core/Src/system_stm32f1xx.c.obj
                0x080098cc                APBPrescTable
 .rodata.HAL_RCC_GetSysClockFreq.str1.4
                0x080098d4       0x11 CMakeFiles/STC31_Sensor.elf.dir/Drivers/STM32F1xx_HAL_Driver/Src/stm32f1xx_hal_rcc.c.obj
 *fill*         0x080098e5        0x3 
 .rodata._global_impure_ptr
                0x080098e8        0x4 c:/gcc-arm-none-eabi-10.3-2021.10/bin/../lib/gcc/arm-none-eabi/10.3.1/../../../../arm-none-eabi/lib/thumb/v7-m/nofp\libg.a(lib_a-impure.o)
                0x080098e8                _global_impure_ptr
 .rodata._puts_r.str1.4
                0x080098ec       0x11 c:/gcc-arm-none-eabi-10.3-2021.10/bin/../lib/gcc/arm-none-eabi/10.3.1/../../../../arm-none-eabi/lib/thumb/v7-m/nofp\libg.a(lib_a-puts.o)
                                  0x2 (size before relaxing)
 .rodata._vfprintf_r.str1.4
                0x080098ec       0x42 c:/gcc-arm-none-eabi-10.3-2021.10/bin/../lib/gcc/arm-none-eabi/10.3.1/../../../../arm-none-eabi/lib/thumb/v7-m/nofp\libg.a(lib_a-vfprintf.o)
 *fill*         0x0800992e        0x2 
 .rodata.blanks.1
                0x08009930       0x10 c:/gcc-arm-none-eabi-10.3-2021.10/bin/../lib/gcc/arm-none-eabi/10.3.1/../../../../arm-none-eabi/lib/thumb/v7-m/nofp\libg.a(lib_a-vfprintf.o)
 .rodata.zeroes.0
                0x08009940       0x10 c:/gcc-arm-none-eabi-10.3-2021.10/bin/../lib/gcc/arm-none-eabi/10.3.1/../../../../arm-none-eabi/lib/thumb/v7-m/nofp\libg.a(lib_a-vfprintf.o)
 .rodata._dtoa_r.str1.4
                0x08009950       0xa2 c:/gcc-arm-none-eabi-10.3-2021.10/bin/../lib/gcc/arm-none-eabi/10.3.1/../../../../arm-none-eabi/lib/thumb/v7-m/nofp\libg.a(lib_a-dtoa.o)
                                 0xa6 (size before relaxing)
 *fill*         0x080099f2        0x2 
 .rodata.__multadd.str1.4
                0x080099f4       0x7f c:/gcc-arm-none-eabi-10.3-2021.10/bin/../lib/gcc/arm-none-eabi/10.3.1/../../../../arm-none-eabi/lib/thumb/v7-m/nofp\libg.a(lib_a-mprec.o)
                                 0x93 (size before relaxing)
 *fill*         0x08009a73        0x5 
 .rodata.__mprec_bigtens
                0x08009a78       0x28 c:/gcc-arm-none-eabi-10.3-2021.10/bin/../lib/gcc/arm-none-eabi/10.3.1/../../../../arm-none-eabi/lib/thumb/v7-m/nofp\libg.a(lib_a-mprec.o)
                0x08009a78                __mprec_bigtens
 .rodata.__mprec_tens
                0x08009aa0       0xc8 c:/gcc-arm-none-eabi-10.3-2021.10/bin/../lib/gcc/arm-none-eabi/10.3.1/../../../../arm-none-eabi/lib/thumb/v7-m/nofp\libg.a(lib_a-mprec.o)
                0x08009aa0                __mprec_tens
 .rodata.p05.0  0x08009b68        0xc c:/gcc-arm-none-eabi-10.3-2021.10/bin/../lib/gcc/arm-none-eabi/10.3.1/../../../../arm-none-eabi/lib/thumb/v7-m/nofp\libg.a(lib_a-mprec.o)
 .rodata._vfiprintf_r.str1.4
                0x08009b74       0x2f c:/gcc-arm-none-eabi-10.3-2021.10/bin/../lib/gcc/arm-none-eabi/10.3.1/../../../../arm-none-eabi/lib/thumb/v7-m/nofp\libg.a(lib_a-vfiprintf.o)
 .rodata.blanks.1
                0x08009b74       0x10 c:/gcc-arm-none-eabi-10.3-2021.10/bin/../lib/gcc/arm-none-eabi/10.3.1/../../../../arm-none-eabi/lib/thumb/v7-m/nofp\libg.a(lib_a-vfiprintf.o)
 .rodata.zeroes.0
                0x08009b84       0x10 c:/gcc-arm-none-eabi-10.3-2021.10/bin/../lib/gcc/arm-none-eabi/10.3.1/../../../../arm-none-eabi/lib/thumb/v7-m/nofp\libg.a(lib_a-vfiprintf.o)
 .rodata.__assert_func.str1.4
                0x08009b94       0x3f c:/gcc-arm-none-eabi-10.3-2021.10/bin/../lib/gcc/arm-none-eabi/10.3.1/../../../../arm-none-eabi/lib/thumb/v7-m/nofp\libg.a(lib_a-assert.o)
                                 0x43 (size before relaxing)
 *fill*         0x08009bd3        0x1 
 .rodata._setlocale_r.str1.4
                0x08009bd4        0xa c:/gcc-arm-none-eabi-10.3-2021.10/bin/../lib/gcc/arm-none-eabi/10.3.1/../../../../arm-none-eabi/lib/thumb/v7-m/nofp\libg.a(lib_a-locale.o)
                                  0xd (size before relaxing)
 *fill*         0x08009bde        0x2 
 .rodata.str1.4
                0x08009be0        0x2 c:/gcc-arm-none-eabi-10.3-2021.10/bin/../lib/gcc/arm-none-eabi/10.3.1/../../../../arm-none-eabi/lib/thumb/v7-m/nofp\libg.a(lib_a-locale.o)
 *fill*         0x08009be2        0x2 
 .rodata._ctype_
                0x08009be4      0x101 c:/gcc-arm-none-eabi-10.3-2021.10/bin/../lib/gcc/arm-none-eabi/10.3.1/../../../../arm-none-eabi/lib/thumb/v7-m/nofp\libg.a(lib_a-ctype_.o)
                0x08009be4                _ctype_
                0x08009ce8                . = ALIGN (0x4)
 *fill*         0x08009ce5        0x3 

.ARM.extab
 *(.ARM.extab* .gnu.linkonce.armextab.*)

.ARM            0x08009ce8        0x8
                0x08009ce8                __exidx_start = .
 *(.ARM.exidx*)
 .ARM.exidx     0x08009ce8        0x8 c:/gcc-arm-none-eabi-10.3-2021.10/bin/../lib/gcc/arm-none-eabi/10.3.1/thumb/v7-m/nofp\libgcc.a(_udivmoddi4.o)
                0x08009cf0                __exidx_end = .

.rel.dyn        0x08009cf0        0x0
 .rel.iplt      0x08009cf0        0x0 c:/gcc-arm-none-eabi-10.3-2021.10/bin/../lib/gcc/arm-none-eabi/10.3.1/thumb/v7-m/nofp/crtbegin.o

.preinit_array  0x08009cf0        0x0
                0x08009cf0                PROVIDE (__preinit_array_start = .)
 *(.preinit_array*)
                0x08009cf0                PROVIDE (__preinit_array_end = .)

.init_array     0x08009cf0        0x8
                0x08009cf0                PROVIDE (__init_array_start = .)
 *(SORT_BY_NAME(.init_array.*))
 .init_array.00000
                0x08009cf0        0x4 c:/gcc-arm-none-eabi-10.3-2021.10/bin/../lib/gcc/arm-none-eabi/10.3.1/../../../../arm-none-eabi/lib/thumb/v7-m/nofp\libg.a(lib_a-__call_atexit.o)
 *(.init_array*)
 .init_array    0x08009cf4        0x4 c:/gcc-arm-none-eabi-10.3-2021.10/bin/../lib/gcc/arm-none-eabi/10.3.1/thumb/v7-m/nofp/crtbegin.o
                0x08009cf8                PROVIDE (__init_array_end = .)

.fini_array     0x08009cf8        0x4
                0x08009cf8                PROVIDE (__fini_array_start = .)
 *(SORT_BY_NAME(.fini_array.*))
 *(.fini_array*)
 .fini_array    0x08009cf8        0x4 c:/gcc-arm-none-eabi-10.3-2021.10/bin/../lib/gcc/arm-none-eabi/10.3.1/thumb/v7-m/nofp/crtbegin.o
                0x08009cfc                PROVIDE (__fini_array_end = .)
                0x08009cfc                _sidata = LOADADDR (.data)

.data           0x20000000      0x9c0 load address 0x08009cfc
                0x20000000                . = ALIGN (0x4)
                0x20000000                _sdata = .
 *(.data)
 *(.data*)
 .data.sht4x_cmd_measure
                0x20000000        0x1 CMakeFiles/STC31_Sensor.elf.dir/Core/Src/sht4x.c.obj
 *fill*         0x20000001        0x1 
 .data.sht4x_cmd_measure_delay_us
                0x20000002        0x2 CMakeFiles/STC31_Sensor.elf.dir/Core/Src/sht4x.c.obj
 .data.SystemCoreClock
                0x20000004        0x4 CMakeFiles/STC31_Sensor.elf.dir/Core/Src/system_stm32f1xx.c.obj
                0x20000004                SystemCoreClock
 .data.uwTickFreq
                0x20000008        0x1 CMakeFiles/STC31_Sensor.elf.dir/Drivers/STM32F1xx_HAL_Driver/Src/stm32f1xx_hal.c.obj
                0x20000008                uwTickFreq
 *fill*         0x20000009        0x3 
 .data.uwTickPrio
                0x2000000c        0x4 CMakeFiles/STC31_Sensor.elf.dir/Drivers/STM32F1xx_HAL_Driver/Src/stm32f1xx_hal.c.obj
                0x2000000c                uwTickPrio
 .data._impure_ptr
                0x20000010        0x4 c:/gcc-arm-none-eabi-10.3-2021.10/bin/../lib/gcc/arm-none-eabi/10.3.1/../../../../arm-none-eabi/lib/thumb/v7-m/nofp\libg.a(lib_a-impure.o)
                0x20000010                _impure_ptr
 *fill*         0x20000014        0x4 
 .data.impure_data
                0x20000018      0x428 c:/gcc-arm-none-eabi-10.3-2021.10/bin/../lib/gcc/arm-none-eabi/10.3.1/../../../../arm-none-eabi/lib/thumb/v7-m/nofp\libg.a(lib_a-impure.o)
 .data.__atexit_recursive_mutex
                0x20000440        0x4 c:/gcc-arm-none-eabi-10.3-2021.10/bin/../lib/gcc/arm-none-eabi/10.3.1/../../../../arm-none-eabi/lib/thumb/v7-m/nofp\libg.a(lib_a-__call_atexit.o)
                0x20000440                __atexit_recursive_mutex
 .data.__malloc_av_
                0x20000444      0x408 c:/gcc-arm-none-eabi-10.3-2021.10/bin/../lib/gcc/arm-none-eabi/10.3.1/../../../../arm-none-eabi/lib/thumb/v7-m/nofp\libg.a(lib_a-mallocr.o)
                0x20000444                __malloc_av_
 .data.__malloc_sbrk_base
                0x2000084c        0x4 c:/gcc-arm-none-eabi-10.3-2021.10/bin/../lib/gcc/arm-none-eabi/10.3.1/../../../../arm-none-eabi/lib/thumb/v7-m/nofp\libg.a(lib_a-mallocr.o)
                0x2000084c                __malloc_sbrk_base
 .data.__malloc_trim_threshold
                0x20000850        0x4 c:/gcc-arm-none-eabi-10.3-2021.10/bin/../lib/gcc/arm-none-eabi/10.3.1/../../../../arm-none-eabi/lib/thumb/v7-m/nofp\libg.a(lib_a-mallocr.o)
                0x20000850                __malloc_trim_threshold
 .data.__global_locale
                0x20000854      0x16c c:/gcc-arm-none-eabi-10.3-2021.10/bin/../lib/gcc/arm-none-eabi/10.3.1/../../../../arm-none-eabi/lib/thumb/v7-m/nofp\libg.a(lib_a-locale.o)
                0x20000854                __global_locale
                0x200009c0                . = ALIGN (0x4)
                0x200009c0                _edata = .

.igot.plt       0x200009c0        0x0 load address 0x0800a6bc
 .igot.plt      0x200009c0        0x0 c:/gcc-arm-none-eabi-10.3-2021.10/bin/../lib/gcc/arm-none-eabi/10.3.1/thumb/v7-m/nofp/crtbegin.o
                0x200009c0                . = ALIGN (0x4)

.bss            0x200009c0      0x104 load address 0x0800a6bc
                0x200009c0                _sbss = .
                0x200009c0                __bss_start__ = _sbss
 *(.bss)
 .bss           0x200009c0       0x1c c:/gcc-arm-none-eabi-10.3-2021.10/bin/../lib/gcc/arm-none-eabi/10.3.1/thumb/v7-m/nofp/crtbegin.o
 *(.bss*)
 .bss.hi2c2     0x200009dc       0x54 CMakeFiles/STC31_Sensor.elf.dir/Core/Src/sensirion_i2c_hal.c.obj
 .bss.heap_end.0
                0x20000a30        0x4 CMakeFiles/STC31_Sensor.elf.dir/Core/Src/syscalls.c.obj
 .bss.huart2    0x20000a34       0x44 CMakeFiles/STC31_Sensor.elf.dir/Core/Src/usart.c.obj
                0x20000a34                huart2
 .bss.uwTick    0x20000a78        0x4 CMakeFiles/STC31_Sensor.elf.dir/Drivers/STM32F1xx_HAL_Driver/Src/stm32f1xx_hal.c.obj
                0x20000a78                uwTick
 .bss.__lock___atexit_recursive_mutex
                0x20000a7c        0x1 c:/gcc-arm-none-eabi-10.3-2021.10/bin/../lib/gcc/arm-none-eabi/10.3.1/../../../../arm-none-eabi/lib/thumb/v7-m/nofp\libg.a(lib_a-lock.o)
                0x20000a7c                __lock___atexit_recursive_mutex
 *fill*         0x20000a7d        0x3 
 .bss.__lock___malloc_recursive_mutex
                0x20000a80        0x1 c:/gcc-arm-none-eabi-10.3-2021.10/bin/../lib/gcc/arm-none-eabi/10.3.1/../../../../arm-none-eabi/lib/thumb/v7-m/nofp\libg.a(lib_a-lock.o)
                0x20000a80                __lock___malloc_recursive_mutex
 *fill*         0x20000a81        0x3 
 .bss.__lock___sfp_recursive_mutex
                0x20000a84        0x1 c:/gcc-arm-none-eabi-10.3-2021.10/bin/../lib/gcc/arm-none-eabi/10.3.1/../../../../arm-none-eabi/lib/thumb/v7-m/nofp\libg.a(lib_a-lock.o)
                0x20000a84                __lock___sfp_recursive_mutex
 *fill*         0x20000a85        0x3 
 .bss.__lock___sinit_recursive_mutex
                0x20000a88        0x1 c:/gcc-arm-none-eabi-10.3-2021.10/bin/../lib/gcc/arm-none-eabi/10.3.1/../../../../arm-none-eabi/lib/thumb/v7-m/nofp\libg.a(lib_a-lock.o)
                0x20000a88                __lock___sinit_recursive_mutex
 *fill*         0x20000a89        0x3 
 .bss.__malloc_current_mallinfo
                0x20000a8c       0x28 c:/gcc-arm-none-eabi-10.3-2021.10/bin/../lib/gcc/arm-none-eabi/10.3.1/../../../../arm-none-eabi/lib/thumb/v7-m/nofp\libg.a(lib_a-mallocr.o)
                0x20000a8c                __malloc_current_mallinfo
 .bss.__malloc_max_sbrked_mem
                0x20000ab4        0x4 c:/gcc-arm-none-eabi-10.3-2021.10/bin/../lib/gcc/arm-none-eabi/10.3.1/../../../../arm-none-eabi/lib/thumb/v7-m/nofp\libg.a(lib_a-mallocr.o)
                0x20000ab4                __malloc_max_sbrked_mem
 .bss.__malloc_max_total_mem
                0x20000ab8        0x4 c:/gcc-arm-none-eabi-10.3-2021.10/bin/../lib/gcc/arm-none-eabi/10.3.1/../../../../arm-none-eabi/lib/thumb/v7-m/nofp\libg.a(lib_a-mallocr.o)
                0x20000ab8                __malloc_max_total_mem
 .bss.__malloc_top_pad
                0x20000abc        0x4 c:/gcc-arm-none-eabi-10.3-2021.10/bin/../lib/gcc/arm-none-eabi/10.3.1/../../../../arm-none-eabi/lib/thumb/v7-m/nofp\libg.a(lib_a-mallocr.o)
                0x20000abc                __malloc_top_pad
 .bss.errno     0x20000ac0        0x4 c:/gcc-arm-none-eabi-10.3-2021.10/bin/../lib/gcc/arm-none-eabi/10.3.1/../../../../arm-none-eabi/lib/thumb/v7-m/nofp\libg.a(lib_a-reent.o)
                0x20000ac0                errno
 *(COMMON)
                0x20000ac4                . = ALIGN (0x4)
                0x20000ac4                _ebss = .
                0x20000ac4                __bss_end__ = _ebss

._user_heap_stack
                0x20000ac4      0x604 load address 0x0800a6bc
                0x20000ac8                . = ALIGN (0x8)
 *fill*         0x20000ac4        0x4 
                0x20000ac8                PROVIDE (end = .)
                [!provide]                PROVIDE (_end = .)
                0x20000cc8                . = (. + _Min_Heap_Size)
 *fill*         0x20000ac8      0x200 
                0x200010c8                . = (. + _Min_Stack_Size)
 *fill*         0x20000cc8      0x400 
                0x200010c8                . = ALIGN (0x8)

/DISCARD/
 libc.a(*)
 libm.a(*)
 libgcc.a(*)

.ARM.attributes
                0x00000000       0x29
 *(.ARM.attributes)
 .ARM.attributes
                0x00000000       0x1d c:/gcc-arm-none-eabi-10.3-2021.10/bin/../lib/gcc/arm-none-eabi/10.3.1/thumb/v7-m/nofp/crti.o
 .ARM.attributes
                0x0000001d       0x2d c:/gcc-arm-none-eabi-10.3-2021.10/bin/../lib/gcc/arm-none-eabi/10.3.1/thumb/v7-m/nofp/crtbegin.o
 .ARM.attributes
                0x0000004a       0x2d CMakeFiles/STC31_Sensor.elf.dir/Core/Src/gpio.c.obj
 .ARM.attributes
                0x00000077       0x2d CMakeFiles/STC31_Sensor.elf.dir/Core/Src/i2c.c.obj
 .ARM.attributes
                0x000000a4       0x2d CMakeFiles/STC31_Sensor.elf.dir/Core/Src/main.c.obj
 .ARM.attributes
                0x000000d1       0x2d CMakeFiles/STC31_Sensor.elf.dir/Core/Src/sensirion_common.c.obj
 .ARM.attributes
                0x000000fe       0x2d CMakeFiles/STC31_Sensor.elf.dir/Core/Src/sensirion_i2c.c.obj
 .ARM.attributes
                0x0000012b       0x2d CMakeFiles/STC31_Sensor.elf.dir/Core/Src/sensirion_i2c_hal.c.obj
 .ARM.attributes
                0x00000158       0x2d CMakeFiles/STC31_Sensor.elf.dir/Core/Src/sht4x.c.obj
 .ARM.attributes
                0x00000185       0x2d CMakeFiles/STC31_Sensor.elf.dir/Core/Src/stc3x_i2c.c.obj
 .ARM.attributes
                0x000001b2       0x2d CMakeFiles/STC31_Sensor.elf.dir/Core/Src/stm32f1xx_hal_msp.c.obj
 .ARM.attributes
                0x000001df       0x2d CMakeFiles/STC31_Sensor.elf.dir/Core/Src/stm32f1xx_it.c.obj
 .ARM.attributes
                0x0000020c       0x2d CMakeFiles/STC31_Sensor.elf.dir/Core/Src/syscalls.c.obj
 .ARM.attributes
                0x00000239       0x2d CMakeFiles/STC31_Sensor.elf.dir/Core/Src/system_stm32f1xx.c.obj
 .ARM.attributes
                0x00000266       0x2d CMakeFiles/STC31_Sensor.elf.dir/Core/Src/usart.c.obj
 .ARM.attributes
                0x00000293       0x2d CMakeFiles/STC31_Sensor.elf.dir/Drivers/STM32F1xx_HAL_Driver/Src/stm32f1xx_hal.c.obj
 .ARM.attributes
                0x000002c0       0x2d CMakeFiles/STC31_Sensor.elf.dir/Drivers/STM32F1xx_HAL_Driver/Src/stm32f1xx_hal_cortex.c.obj
 .ARM.attributes
                0x000002ed       0x2d CMakeFiles/STC31_Sensor.elf.dir/Drivers/STM32F1xx_HAL_Driver/Src/stm32f1xx_hal_gpio.c.obj
 .ARM.attributes
                0x0000031a       0x2d CMakeFiles/STC31_Sensor.elf.dir/Drivers/STM32F1xx_HAL_Driver/Src/stm32f1xx_hal_i2c.c.obj
 .ARM.attributes
                0x00000347       0x2d CMakeFiles/STC31_Sensor.elf.dir/Drivers/STM32F1xx_HAL_Driver/Src/stm32f1xx_hal_rcc.c.obj
 .ARM.attributes
                0x00000374       0x2d CMakeFiles/STC31_Sensor.elf.dir/Drivers/STM32F1xx_HAL_Driver/Src/stm32f1xx_hal_uart.c.obj
 .ARM.attributes
                0x000003a1       0x21 CMakeFiles/STC31_Sensor.elf.dir/startup/startup_stm32f103xb.s.obj
 .ARM.attributes
                0x000003c2       0x1d c:/gcc-arm-none-eabi-10.3-2021.10/bin/../lib/gcc/arm-none-eabi/10.3.1/thumb/v7-m/nofp\libgcc.a(_arm_addsubdf3.o)
 .ARM.attributes
                0x000003df       0x1d c:/gcc-arm-none-eabi-10.3-2021.10/bin/../lib/gcc/arm-none-eabi/10.3.1/thumb/v7-m/nofp\libgcc.a(_arm_truncdfsf2.o)
 .ARM.attributes
                0x000003fc       0x1d c:/gcc-arm-none-eabi-10.3-2021.10/bin/../lib/gcc/arm-none-eabi/10.3.1/thumb/v7-m/nofp\libgcc.a(_arm_addsubsf3.o)
 .ARM.attributes
                0x00000419       0x1d c:/gcc-arm-none-eabi-10.3-2021.10/bin/../lib/gcc/arm-none-eabi/10.3.1/thumb/v7-m/nofp\libgcc.a(_arm_muldivsf3.o)
 .ARM.attributes
                0x00000436       0x1d c:/gcc-arm-none-eabi-10.3-2021.10/bin/../lib/gcc/arm-none-eabi/10.3.1/thumb/v7-m/nofp\libgcc.a(_arm_fixunssfsi.o)
 .ARM.attributes
                0x00000453       0x2d c:/gcc-arm-none-eabi-10.3-2021.10/bin/../lib/gcc/arm-none-eabi/10.3.1/../../../../arm-none-eabi/lib/thumb/v7-m/nofp\libg.a(lib_a-errno.o)
 .ARM.attributes
                0x00000480       0x2d c:/gcc-arm-none-eabi-10.3-2021.10/bin/../lib/gcc/arm-none-eabi/10.3.1/../../../../arm-none-eabi/lib/thumb/v7-m/nofp\libg.a(lib_a-impure.o)
 .ARM.attributes
                0x000004ad       0x2d c:/gcc-arm-none-eabi-10.3-2021.10/bin/../lib/gcc/arm-none-eabi/10.3.1/../../../../arm-none-eabi/lib/thumb/v7-m/nofp\libg.a(lib_a-init.o)
 .ARM.attributes
                0x000004da       0x2d c:/gcc-arm-none-eabi-10.3-2021.10/bin/../lib/gcc/arm-none-eabi/10.3.1/../../../../arm-none-eabi/lib/thumb/v7-m/nofp\libg.a(lib_a-memset.o)
 .ARM.attributes
                0x00000507       0x2d c:/gcc-arm-none-eabi-10.3-2021.10/bin/../lib/gcc/arm-none-eabi/10.3.1/../../../../arm-none-eabi/lib/thumb/v7-m/nofp\libg.a(lib_a-printf.o)
 .ARM.attributes
                0x00000534       0x2d c:/gcc-arm-none-eabi-10.3-2021.10/bin/../lib/gcc/arm-none-eabi/10.3.1/../../../../arm-none-eabi/lib/thumb/v7-m/nofp\libg.a(lib_a-puts.o)
 .ARM.attributes
                0x00000561       0x2d c:/gcc-arm-none-eabi-10.3-2021.10/bin/../lib/gcc/arm-none-eabi/10.3.1/../../../../arm-none-eabi/lib/thumb/v7-m/nofp\libg.a(lib_a-strlen-stub.o)
 .ARM.attributes
                0x0000058e       0x2d c:/gcc-arm-none-eabi-10.3-2021.10/bin/../lib/gcc/arm-none-eabi/10.3.1/../../../../arm-none-eabi/lib/thumb/v7-m/nofp\libg.a(lib_a-vfprintf.o)
 .ARM.attributes
                0x000005bb       0x2d c:/gcc-arm-none-eabi-10.3-2021.10/bin/../lib/gcc/arm-none-eabi/10.3.1/../../../../arm-none-eabi/lib/thumb/v7-m/nofp\libg.a(lib_a-wsetup.o)
 .ARM.attributes
                0x000005e8       0x2d c:/gcc-arm-none-eabi-10.3-2021.10/bin/../lib/gcc/arm-none-eabi/10.3.1/../../../../arm-none-eabi/lib/thumb/v7-m/nofp\libg.a(lib_a-__call_atexit.o)
 .ARM.attributes
                0x00000615       0x2d c:/gcc-arm-none-eabi-10.3-2021.10/bin/../lib/gcc/arm-none-eabi/10.3.1/../../../../arm-none-eabi/lib/thumb/v7-m/nofp\libg.a(lib_a-atexit.o)
 .ARM.attributes
                0x00000642       0x2d c:/gcc-arm-none-eabi-10.3-2021.10/bin/../lib/gcc/arm-none-eabi/10.3.1/../../../../arm-none-eabi/lib/thumb/v7-m/nofp\libg.a(lib_a-dtoa.o)
 .ARM.attributes
                0x0000066f       0x2d c:/gcc-arm-none-eabi-10.3-2021.10/bin/../lib/gcc/arm-none-eabi/10.3.1/../../../../arm-none-eabi/lib/thumb/v7-m/nofp\libg.a(lib_a-fflush.o)
 .ARM.attributes
                0x0000069c       0x2d c:/gcc-arm-none-eabi-10.3-2021.10/bin/../lib/gcc/arm-none-eabi/10.3.1/../../../../arm-none-eabi/lib/thumb/v7-m/nofp\libg.a(lib_a-findfp.o)
 .ARM.attributes
                0x000006c9       0x2d c:/gcc-arm-none-eabi-10.3-2021.10/bin/../lib/gcc/arm-none-eabi/10.3.1/../../../../arm-none-eabi/lib/thumb/v7-m/nofp\libg.a(lib_a-fini.o)
 .ARM.attributes
                0x000006f6       0x2d c:/gcc-arm-none-eabi-10.3-2021.10/bin/../lib/gcc/arm-none-eabi/10.3.1/../../../../arm-none-eabi/lib/thumb/v7-m/nofp\libg.a(lib_a-freer.o)
 .ARM.attributes
                0x00000723       0x2d c:/gcc-arm-none-eabi-10.3-2021.10/bin/../lib/gcc/arm-none-eabi/10.3.1/../../../../arm-none-eabi/lib/thumb/v7-m/nofp\libg.a(lib_a-fvwrite.o)
 .ARM.attributes
                0x00000750       0x2d c:/gcc-arm-none-eabi-10.3-2021.10/bin/../lib/gcc/arm-none-eabi/10.3.1/../../../../arm-none-eabi/lib/thumb/v7-m/nofp\libg.a(lib_a-fwalk.o)
 .ARM.attributes
                0x0000077d       0x2d c:/gcc-arm-none-eabi-10.3-2021.10/bin/../lib/gcc/arm-none-eabi/10.3.1/../../../../arm-none-eabi/lib/thumb/v7-m/nofp\libg.a(lib_a-localeconv.o)
 .ARM.attributes
                0x000007aa       0x2d c:/gcc-arm-none-eabi-10.3-2021.10/bin/../lib/gcc/arm-none-eabi/10.3.1/../../../../arm-none-eabi/lib/thumb/v7-m/nofp\libg.a(lib_a-lock.o)
 .ARM.attributes
                0x000007d7       0x2d c:/gcc-arm-none-eabi-10.3-2021.10/bin/../lib/gcc/arm-none-eabi/10.3.1/../../../../arm-none-eabi/lib/thumb/v7-m/nofp\libg.a(lib_a-makebuf.o)
 .ARM.attributes
                0x00000804       0x2d c:/gcc-arm-none-eabi-10.3-2021.10/bin/../lib/gcc/arm-none-eabi/10.3.1/../../../../arm-none-eabi/lib/thumb/v7-m/nofp\libg.a(lib_a-mallocr.o)
 .ARM.attributes
                0x00000831       0x2d c:/gcc-arm-none-eabi-10.3-2021.10/bin/../lib/gcc/arm-none-eabi/10.3.1/../../../../arm-none-eabi/lib/thumb/v7-m/nofp\libg.a(lib_a-memchr-stub.o)
 .ARM.attributes
                0x0000085e       0x1b c:/gcc-arm-none-eabi-10.3-2021.10/bin/../lib/gcc/arm-none-eabi/10.3.1/../../../../arm-none-eabi/lib/thumb/v7-m/nofp\libg.a(lib_a-memcpy.o)
 .ARM.attributes
                0x00000879       0x2d c:/gcc-arm-none-eabi-10.3-2021.10/bin/../lib/gcc/arm-none-eabi/10.3.1/../../../../arm-none-eabi/lib/thumb/v7-m/nofp\libg.a(lib_a-memmove.o)
 .ARM.attributes
                0x000008a6       0x2d c:/gcc-arm-none-eabi-10.3-2021.10/bin/../lib/gcc/arm-none-eabi/10.3.1/../../../../arm-none-eabi/lib/thumb/v7-m/nofp\libg.a(lib_a-mlock.o)
 .ARM.attributes
                0x000008d3       0x2d c:/gcc-arm-none-eabi-10.3-2021.10/bin/../lib/gcc/arm-none-eabi/10.3.1/../../../../arm-none-eabi/lib/thumb/v7-m/nofp\libg.a(lib_a-mprec.o)
 .ARM.attributes
                0x00000900       0x2d c:/gcc-arm-none-eabi-10.3-2021.10/bin/../lib/gcc/arm-none-eabi/10.3.1/../../../../arm-none-eabi/lib/thumb/v7-m/nofp\libg.a(lib_a-reallocr.o)
 .ARM.attributes
                0x0000092d       0x2d c:/gcc-arm-none-eabi-10.3-2021.10/bin/../lib/gcc/arm-none-eabi/10.3.1/../../../../arm-none-eabi/lib/thumb/v7-m/nofp\libg.a(lib_a-s_frexp.o)
 .ARM.attributes
                0x0000095a       0x2d c:/gcc-arm-none-eabi-10.3-2021.10/bin/../lib/gcc/arm-none-eabi/10.3.1/../../../../arm-none-eabi/lib/thumb/v7-m/nofp\libg.a(lib_a-sbrkr.o)
 .ARM.attributes
                0x00000987       0x2d c:/gcc-arm-none-eabi-10.3-2021.10/bin/../lib/gcc/arm-none-eabi/10.3.1/../../../../arm-none-eabi/lib/thumb/v7-m/nofp\libg.a(lib_a-stdio.o)
 .ARM.attributes
                0x000009b4       0x2d c:/gcc-arm-none-eabi-10.3-2021.10/bin/../lib/gcc/arm-none-eabi/10.3.1/../../../../arm-none-eabi/lib/thumb/v7-m/nofp\libg.a(lib_a-strncpy.o)
 .ARM.attributes
                0x000009e1       0x2d c:/gcc-arm-none-eabi-10.3-2021.10/bin/../lib/gcc/arm-none-eabi/10.3.1/../../../../arm-none-eabi/lib/thumb/v7-m/nofp\libg.a(lib_a-vfiprintf.o)
 .ARM.attributes
                0x00000a0e       0x2d c:/gcc-arm-none-eabi-10.3-2021.10/bin/../lib/gcc/arm-none-eabi/10.3.1/../../../../arm-none-eabi/lib/thumb/v7-m/nofp\libg.a(lib_a-writer.o)
 .ARM.attributes
                0x00000a3b       0x2d c:/gcc-arm-none-eabi-10.3-2021.10/bin/../lib/gcc/arm-none-eabi/10.3.1/../../../../arm-none-eabi/lib/thumb/v7-m/nofp\libg.a(lib_a-__atexit.o)
 .ARM.attributes
                0x00000a68       0x2d c:/gcc-arm-none-eabi-10.3-2021.10/bin/../lib/gcc/arm-none-eabi/10.3.1/../../../../arm-none-eabi/lib/thumb/v7-m/nofp\libg.a(lib_a-assert.o)
 .ARM.attributes
                0x00000a95       0x2d c:/gcc-arm-none-eabi-10.3-2021.10/bin/../lib/gcc/arm-none-eabi/10.3.1/../../../../arm-none-eabi/lib/thumb/v7-m/nofp\libg.a(lib_a-callocr.o)
 .ARM.attributes
                0x00000ac2       0x2d c:/gcc-arm-none-eabi-10.3-2021.10/bin/../lib/gcc/arm-none-eabi/10.3.1/../../../../arm-none-eabi/lib/thumb/v7-m/nofp\libg.a(lib_a-closer.o)
 .ARM.attributes
                0x00000aef       0x2d c:/gcc-arm-none-eabi-10.3-2021.10/bin/../lib/gcc/arm-none-eabi/10.3.1/../../../../arm-none-eabi/lib/thumb/v7-m/nofp\libg.a(lib_a-fclose.o)
 .ARM.attributes
                0x00000b1c       0x2d c:/gcc-arm-none-eabi-10.3-2021.10/bin/../lib/gcc/arm-none-eabi/10.3.1/../../../../arm-none-eabi/lib/thumb/v7-m/nofp\libg.a(lib_a-fiprintf.o)
 .ARM.attributes
                0x00000b49       0x2d c:/gcc-arm-none-eabi-10.3-2021.10/bin/../lib/gcc/arm-none-eabi/10.3.1/../../../../arm-none-eabi/lib/thumb/v7-m/nofp\libg.a(lib_a-fputwc.o)
 .ARM.attributes
                0x00000b76       0x2d c:/gcc-arm-none-eabi-10.3-2021.10/bin/../lib/gcc/arm-none-eabi/10.3.1/../../../../arm-none-eabi/lib/thumb/v7-m/nofp\libg.a(lib_a-fstatr.o)
 .ARM.attributes
                0x00000ba3       0x2d c:/gcc-arm-none-eabi-10.3-2021.10/bin/../lib/gcc/arm-none-eabi/10.3.1/../../../../arm-none-eabi/lib/thumb/v7-m/nofp\libg.a(lib_a-isattyr.o)
 .ARM.attributes
                0x00000bd0       0x2d c:/gcc-arm-none-eabi-10.3-2021.10/bin/../lib/gcc/arm-none-eabi/10.3.1/../../../../arm-none-eabi/lib/thumb/v7-m/nofp\libg.a(lib_a-locale.o)
 .ARM.attributes
                0x00000bfd       0x2d c:/gcc-arm-none-eabi-10.3-2021.10/bin/../lib/gcc/arm-none-eabi/10.3.1/../../../../arm-none-eabi/lib/thumb/v7-m/nofp\libg.a(lib_a-lseekr.o)
 .ARM.attributes
                0x00000c2a       0x2d c:/gcc-arm-none-eabi-10.3-2021.10/bin/../lib/gcc/arm-none-eabi/10.3.1/../../../../arm-none-eabi/lib/thumb/v7-m/nofp\libg.a(lib_a-mbtowc_r.o)
 .ARM.attributes
                0x00000c57       0x2d c:/gcc-arm-none-eabi-10.3-2021.10/bin/../lib/gcc/arm-none-eabi/10.3.1/../../../../arm-none-eabi/lib/thumb/v7-m/nofp\libg.a(lib_a-readr.o)
 .ARM.attributes
                0x00000c84       0x2d c:/gcc-arm-none-eabi-10.3-2021.10/bin/../lib/gcc/arm-none-eabi/10.3.1/../../../../arm-none-eabi/lib/thumb/v7-m/nofp\libg.a(lib_a-reent.o)
 .ARM.attributes
                0x00000cb1       0x2d c:/gcc-arm-none-eabi-10.3-2021.10/bin/../lib/gcc/arm-none-eabi/10.3.1/../../../../arm-none-eabi/lib/thumb/v7-m/nofp\libg.a(lib_a-wbuf.o)
 .ARM.attributes
                0x00000cde       0x2d c:/gcc-arm-none-eabi-10.3-2021.10/bin/../lib/gcc/arm-none-eabi/10.3.1/../../../../arm-none-eabi/lib/thumb/v7-m/nofp\libg.a(lib_a-wcrtomb.o)
 .ARM.attributes
                0x00000d0b       0x2d c:/gcc-arm-none-eabi-10.3-2021.10/bin/../lib/gcc/arm-none-eabi/10.3.1/../../../../arm-none-eabi/lib/thumb/v7-m/nofp\libg.a(lib_a-wctomb_r.o)
 .ARM.attributes
                0x00000d38       0x2d c:/gcc-arm-none-eabi-10.3-2021.10/bin/../lib/gcc/arm-none-eabi/10.3.1/../../../../arm-none-eabi/lib/thumb/v7-m/nofp\libg.a(lib_a-abort.o)
 .ARM.attributes
                0x00000d65       0x2d c:/gcc-arm-none-eabi-10.3-2021.10/bin/../lib/gcc/arm-none-eabi/10.3.1/../../../../arm-none-eabi/lib/thumb/v7-m/nofp\libg.a(lib_a-ctype_.o)
 .ARM.attributes
                0x00000d92       0x2d c:/gcc-arm-none-eabi-10.3-2021.10/bin/../lib/gcc/arm-none-eabi/10.3.1/../../../../arm-none-eabi/lib/thumb/v7-m/nofp\libg.a(lib_a-signal.o)
 .ARM.attributes
                0x00000dbf       0x2d c:/gcc-arm-none-eabi-10.3-2021.10/bin/../lib/gcc/arm-none-eabi/10.3.1/../../../../arm-none-eabi/lib/thumb/v7-m/nofp\libg.a(lib_a-signalr.o)
 .ARM.attributes
                0x00000dec       0x1d c:/gcc-arm-none-eabi-10.3-2021.10/bin/../lib/gcc/arm-none-eabi/10.3.1/thumb/v7-m/nofp\libgcc.a(_arm_muldivdf3.o)
 .ARM.attributes
                0x00000e09       0x1d c:/gcc-arm-none-eabi-10.3-2021.10/bin/../lib/gcc/arm-none-eabi/10.3.1/thumb/v7-m/nofp\libgcc.a(_arm_cmpdf2.o)
 .ARM.attributes
                0x00000e26       0x1d c:/gcc-arm-none-eabi-10.3-2021.10/bin/../lib/gcc/arm-none-eabi/10.3.1/thumb/v7-m/nofp\libgcc.a(_arm_unorddf2.o)
 .ARM.attributes
                0x00000e43       0x1d c:/gcc-arm-none-eabi-10.3-2021.10/bin/../lib/gcc/arm-none-eabi/10.3.1/thumb/v7-m/nofp\libgcc.a(_arm_fixdfsi.o)
 .ARM.attributes
                0x00000e60       0x1d c:/gcc-arm-none-eabi-10.3-2021.10/bin/../lib/gcc/arm-none-eabi/10.3.1/thumb/v7-m/nofp\libgcc.a(_aeabi_uldivmod.o)
 .ARM.attributes
                0x00000e7d       0x2d c:/gcc-arm-none-eabi-10.3-2021.10/bin/../lib/gcc/arm-none-eabi/10.3.1/thumb/v7-m/nofp\libgcc.a(_udivmoddi4.o)
 .ARM.attributes
                0x00000eaa       0x1d c:/gcc-arm-none-eabi-10.3-2021.10/bin/../lib/gcc/arm-none-eabi/10.3.1/thumb/v7-m/nofp\libgcc.a(_dvmd_tls.o)
 .ARM.attributes
                0x00000ec7       0x1d c:/gcc-arm-none-eabi-10.3-2021.10/bin/../lib/gcc/arm-none-eabi/10.3.1/thumb/v7-m/nofp/crtn.o
OUTPUT(STC31_Sensor.elf elf32-littlearm)
LOAD linker stubs
LOAD c:/gcc-arm-none-eabi-10.3-2021.10/bin/../lib/gcc/arm-none-eabi/10.3.1/../../../../arm-none-eabi/lib/thumb/v7-m/nofp\libc.a
LOAD c:/gcc-arm-none-eabi-10.3-2021.10/bin/../lib/gcc/arm-none-eabi/10.3.1/../../../../arm-none-eabi/lib/thumb/v7-m/nofp\libm.a
LOAD c:/gcc-arm-none-eabi-10.3-2021.10/bin/../lib/gcc/arm-none-eabi/10.3.1/thumb/v7-m/nofp\libgcc.a

.debug_info     0x00000000     0xd4cf
 .debug_info    0x00000000      0x199 CMakeFiles/STC31_Sensor.elf.dir/Core/Src/gpio.c.obj
 .debug_info    0x00000199      0x8a1 CMakeFiles/STC31_Sensor.elf.dir/Core/Src/i2c.c.obj
 .debug_info    0x00000a3a      0xd5a CMakeFiles/STC31_Sensor.elf.dir/Core/Src/main.c.obj
 .debug_info    0x00001794      0x408 CMakeFiles/STC31_Sensor.elf.dir/Core/Src/sensirion_common.c.obj
 .debug_info    0x00001b9c      0xcda CMakeFiles/STC31_Sensor.elf.dir/Core/Src/sensirion_i2c.c.obj
 .debug_info    0x00002876      0x7a2 CMakeFiles/STC31_Sensor.elf.dir/Core/Src/sensirion_i2c_hal.c.obj
 .debug_info    0x00003018      0x3b1 CMakeFiles/STC31_Sensor.elf.dir/Core/Src/sht4x.c.obj
 .debug_info    0x000033c9      0xe34 CMakeFiles/STC31_Sensor.elf.dir/Core/Src/stc3x_i2c.c.obj
 .debug_info    0x000041fd      0x211 CMakeFiles/STC31_Sensor.elf.dir/Core/Src/stm32f1xx_hal_msp.c.obj
 .debug_info    0x0000440e      0x130 CMakeFiles/STC31_Sensor.elf.dir/Core/Src/stm32f1xx_it.c.obj
 .debug_info    0x0000453e      0x835 CMakeFiles/STC31_Sensor.elf.dir/Core/Src/syscalls.c.obj
 .debug_info    0x00004d73      0x248 CMakeFiles/STC31_Sensor.elf.dir/Core/Src/system_stm32f1xx.c.obj
 .debug_info    0x00004fbb      0x825 CMakeFiles/STC31_Sensor.elf.dir/Core/Src/usart.c.obj
 .debug_info    0x000057e0      0x7a8 CMakeFiles/STC31_Sensor.elf.dir/Drivers/STM32F1xx_HAL_Driver/Src/stm32f1xx_hal.c.obj
 .debug_info    0x00005f88      0xd8a CMakeFiles/STC31_Sensor.elf.dir/Drivers/STM32F1xx_HAL_Driver/Src/stm32f1xx_hal_cortex.c.obj
 .debug_info    0x00006d12      0x66f CMakeFiles/STC31_Sensor.elf.dir/Drivers/STM32F1xx_HAL_Driver/Src/stm32f1xx_hal_gpio.c.obj
 .debug_info    0x00007381     0x3a6b CMakeFiles/STC31_Sensor.elf.dir/Drivers/STM32F1xx_HAL_Driver/Src/stm32f1xx_hal_i2c.c.obj
 .debug_info    0x0000adec      0xa36 CMakeFiles/STC31_Sensor.elf.dir/Drivers/STM32F1xx_HAL_Driver/Src/stm32f1xx_hal_rcc.c.obj
 .debug_info    0x0000b822     0x1c8b CMakeFiles/STC31_Sensor.elf.dir/Drivers/STM32F1xx_HAL_Driver/Src/stm32f1xx_hal_uart.c.obj
 .debug_info    0x0000d4ad       0x22 CMakeFiles/STC31_Sensor.elf.dir/startup/startup_stm32f103xb.s.obj

.debug_abbrev   0x00000000     0x2103
 .debug_abbrev  0x00000000       0xbf CMakeFiles/STC31_Sensor.elf.dir/Core/Src/gpio.c.obj
 .debug_abbrev  0x000000bf      0x1c1 CMakeFiles/STC31_Sensor.elf.dir/Core/Src/i2c.c.obj
 .debug_abbrev  0x00000280      0x25e CMakeFiles/STC31_Sensor.elf.dir/Core/Src/main.c.obj
 .debug_abbrev  0x000004de      0x11c CMakeFiles/STC31_Sensor.elf.dir/Core/Src/sensirion_common.c.obj
 .debug_abbrev  0x000005fa      0x1ce CMakeFiles/STC31_Sensor.elf.dir/Core/Src/sensirion_i2c.c.obj
 .debug_abbrev  0x000007c8      0x1b6 CMakeFiles/STC31_Sensor.elf.dir/Core/Src/sensirion_i2c_hal.c.obj
 .debug_abbrev  0x0000097e      0x15d CMakeFiles/STC31_Sensor.elf.dir/Core/Src/sht4x.c.obj
 .debug_abbrev  0x00000adb      0x15e CMakeFiles/STC31_Sensor.elf.dir/Core/Src/stc3x_i2c.c.obj
 .debug_abbrev  0x00000c39       0xe5 CMakeFiles/STC31_Sensor.elf.dir/Core/Src/stm32f1xx_hal_msp.c.obj
 .debug_abbrev  0x00000d1e       0x7e CMakeFiles/STC31_Sensor.elf.dir/Core/Src/stm32f1xx_it.c.obj
 .debug_abbrev  0x00000d9c      0x1da CMakeFiles/STC31_Sensor.elf.dir/Core/Src/syscalls.c.obj
 .debug_abbrev  0x00000f76      0x13e CMakeFiles/STC31_Sensor.elf.dir/Core/Src/system_stm32f1xx.c.obj
 .debug_abbrev  0x000010b4      0x1c1 CMakeFiles/STC31_Sensor.elf.dir/Core/Src/usart.c.obj
 .debug_abbrev  0x00001275      0x1f4 CMakeFiles/STC31_Sensor.elf.dir/Drivers/STM32F1xx_HAL_Driver/Src/stm32f1xx_hal.c.obj
 .debug_abbrev  0x00001469      0x341 CMakeFiles/STC31_Sensor.elf.dir/Drivers/STM32F1xx_HAL_Driver/Src/stm32f1xx_hal_cortex.c.obj
 .debug_abbrev  0x000017aa      0x1e6 CMakeFiles/STC31_Sensor.elf.dir/Drivers/STM32F1xx_HAL_Driver/Src/stm32f1xx_hal_gpio.c.obj
 .debug_abbrev  0x00001990      0x293 CMakeFiles/STC31_Sensor.elf.dir/Drivers/STM32F1xx_HAL_Driver/Src/stm32f1xx_hal_i2c.c.obj
 .debug_abbrev  0x00001c23      0x27a CMakeFiles/STC31_Sensor.elf.dir/Drivers/STM32F1xx_HAL_Driver/Src/stm32f1xx_hal_rcc.c.obj
 .debug_abbrev  0x00001e9d      0x254 CMakeFiles/STC31_Sensor.elf.dir/Drivers/STM32F1xx_HAL_Driver/Src/stm32f1xx_hal_uart.c.obj
 .debug_abbrev  0x000020f1       0x12 CMakeFiles/STC31_Sensor.elf.dir/startup/startup_stm32f103xb.s.obj

.debug_aranges  0x00000000      0xb78
 .debug_aranges
                0x00000000       0x20 CMakeFiles/STC31_Sensor.elf.dir/Core/Src/gpio.c.obj
 .debug_aranges
                0x00000020       0x30 CMakeFiles/STC31_Sensor.elf.dir/Core/Src/i2c.c.obj
 .debug_aranges
                0x00000050       0x38 CMakeFiles/STC31_Sensor.elf.dir/Core/Src/main.c.obj
 .debug_aranges
                0x00000088       0x70 CMakeFiles/STC31_Sensor.elf.dir/Core/Src/sensirion_common.c.obj
 .debug_aranges
                0x000000f8       0xb0 CMakeFiles/STC31_Sensor.elf.dir/Core/Src/sensirion_i2c.c.obj
 .debug_aranges
                0x000001a8       0x40 CMakeFiles/STC31_Sensor.elf.dir/Core/Src/sensirion_i2c_hal.c.obj
 .debug_aranges
                0x000001e8       0x50 CMakeFiles/STC31_Sensor.elf.dir/Core/Src/sht4x.c.obj
 .debug_aranges
                0x00000238       0x98 CMakeFiles/STC31_Sensor.elf.dir/Core/Src/stc3x_i2c.c.obj
 .debug_aranges
                0x000002d0       0x20 CMakeFiles/STC31_Sensor.elf.dir/Core/Src/stm32f1xx_hal_msp.c.obj
 .debug_aranges
                0x000002f0       0x60 CMakeFiles/STC31_Sensor.elf.dir/Core/Src/stm32f1xx_it.c.obj
 .debug_aranges
                0x00000350       0xb0 CMakeFiles/STC31_Sensor.elf.dir/Core/Src/syscalls.c.obj
 .debug_aranges
                0x00000400       0x28 CMakeFiles/STC31_Sensor.elf.dir/Core/Src/system_stm32f1xx.c.obj
 .debug_aranges
                0x00000428       0x30 CMakeFiles/STC31_Sensor.elf.dir/Core/Src/usart.c.obj
 .debug_aranges
                0x00000458       0xe0 CMakeFiles/STC31_Sensor.elf.dir/Drivers/STM32F1xx_HAL_Driver/Src/stm32f1xx_hal.c.obj
 .debug_aranges
                0x00000538       0x90 CMakeFiles/STC31_Sensor.elf.dir/Drivers/STM32F1xx_HAL_Driver/Src/stm32f1xx_hal_cortex.c.obj
 .debug_aranges
                0x000005c8       0x58 CMakeFiles/STC31_Sensor.elf.dir/Drivers/STM32F1xx_HAL_Driver/Src/stm32f1xx_hal_gpio.c.obj
 .debug_aranges
                0x00000620      0x2a0 CMakeFiles/STC31_Sensor.elf.dir/Drivers/STM32F1xx_HAL_Driver/Src/stm32f1xx_hal_i2c.c.obj
 .debug_aranges
                0x000008c0       0x90 CMakeFiles/STC31_Sensor.elf.dir/Drivers/STM32F1xx_HAL_Driver/Src/stm32f1xx_hal_rcc.c.obj
 .debug_aranges
                0x00000950      0x200 CMakeFiles/STC31_Sensor.elf.dir/Drivers/STM32F1xx_HAL_Driver/Src/stm32f1xx_hal_uart.c.obj
 .debug_aranges
                0x00000b50       0x28 CMakeFiles/STC31_Sensor.elf.dir/startup/startup_stm32f103xb.s.obj

.debug_ranges   0x00000000      0xad8
 .debug_ranges  0x00000000       0x10 CMakeFiles/STC31_Sensor.elf.dir/Core/Src/gpio.c.obj
 .debug_ranges  0x00000010       0x20 CMakeFiles/STC31_Sensor.elf.dir/Core/Src/i2c.c.obj
 .debug_ranges  0x00000030       0x28 CMakeFiles/STC31_Sensor.elf.dir/Core/Src/main.c.obj
 .debug_ranges  0x00000058       0x60 CMakeFiles/STC31_Sensor.elf.dir/Core/Src/sensirion_common.c.obj
 .debug_ranges  0x000000b8       0xa0 CMakeFiles/STC31_Sensor.elf.dir/Core/Src/sensirion_i2c.c.obj
 .debug_ranges  0x00000158       0x30 CMakeFiles/STC31_Sensor.elf.dir/Core/Src/sensirion_i2c_hal.c.obj
 .debug_ranges  0x00000188       0x40 CMakeFiles/STC31_Sensor.elf.dir/Core/Src/sht4x.c.obj
 .debug_ranges  0x000001c8       0x88 CMakeFiles/STC31_Sensor.elf.dir/Core/Src/stc3x_i2c.c.obj
 .debug_ranges  0x00000250       0x10 CMakeFiles/STC31_Sensor.elf.dir/Core/Src/stm32f1xx_hal_msp.c.obj
 .debug_ranges  0x00000260       0x50 CMakeFiles/STC31_Sensor.elf.dir/Core/Src/stm32f1xx_it.c.obj
 .debug_ranges  0x000002b0       0xa0 CMakeFiles/STC31_Sensor.elf.dir/Core/Src/syscalls.c.obj
 .debug_ranges  0x00000350       0x18 CMakeFiles/STC31_Sensor.elf.dir/Core/Src/system_stm32f1xx.c.obj
 .debug_ranges  0x00000368       0x20 CMakeFiles/STC31_Sensor.elf.dir/Core/Src/usart.c.obj
 .debug_ranges  0x00000388       0xd0 CMakeFiles/STC31_Sensor.elf.dir/Drivers/STM32F1xx_HAL_Driver/Src/stm32f1xx_hal.c.obj
 .debug_ranges  0x00000458       0xe0 CMakeFiles/STC31_Sensor.elf.dir/Drivers/STM32F1xx_HAL_Driver/Src/stm32f1xx_hal_cortex.c.obj
 .debug_ranges  0x00000538       0x48 CMakeFiles/STC31_Sensor.elf.dir/Drivers/STM32F1xx_HAL_Driver/Src/stm32f1xx_hal_gpio.c.obj
 .debug_ranges  0x00000580      0x2a8 CMakeFiles/STC31_Sensor.elf.dir/Drivers/STM32F1xx_HAL_Driver/Src/stm32f1xx_hal_i2c.c.obj
 .debug_ranges  0x00000828       0xa0 CMakeFiles/STC31_Sensor.elf.dir/Drivers/STM32F1xx_HAL_Driver/Src/stm32f1xx_hal_rcc.c.obj
 .debug_ranges  0x000008c8      0x1f0 CMakeFiles/STC31_Sensor.elf.dir/Drivers/STM32F1xx_HAL_Driver/Src/stm32f1xx_hal_uart.c.obj
 .debug_ranges  0x00000ab8       0x20 CMakeFiles/STC31_Sensor.elf.dir/startup/startup_stm32f103xb.s.obj

.debug_line     0x00000000     0xc43f
 .debug_line    0x00000000      0x185 CMakeFiles/STC31_Sensor.elf.dir/Core/Src/gpio.c.obj
 .debug_line    0x00000185      0x343 CMakeFiles/STC31_Sensor.elf.dir/Core/Src/i2c.c.obj
 .debug_line    0x000004c8      0x565 CMakeFiles/STC31_Sensor.elf.dir/Core/Src/main.c.obj
 .debug_line    0x00000a2d      0x2e9 CMakeFiles/STC31_Sensor.elf.dir/Core/Src/sensirion_common.c.obj
 .debug_line    0x00000d16      0x84e CMakeFiles/STC31_Sensor.elf.dir/Core/Src/sensirion_i2c.c.obj
 .debug_line    0x00001564      0x312 CMakeFiles/STC31_Sensor.elf.dir/Core/Src/sensirion_i2c_hal.c.obj
 .debug_line    0x00001876      0x2bf CMakeFiles/STC31_Sensor.elf.dir/Core/Src/sht4x.c.obj
 .debug_line    0x00001b35      0x5d6 CMakeFiles/STC31_Sensor.elf.dir/Core/Src/stc3x_i2c.c.obj
 .debug_line    0x0000210b      0x192 CMakeFiles/STC31_Sensor.elf.dir/Core/Src/stm32f1xx_hal_msp.c.obj
 .debug_line    0x0000229d      0x1cb CMakeFiles/STC31_Sensor.elf.dir/Core/Src/stm32f1xx_it.c.obj
 .debug_line    0x00002468      0x458 CMakeFiles/STC31_Sensor.elf.dir/Core/Src/syscalls.c.obj
 .debug_line    0x000028c0      0x25c CMakeFiles/STC31_Sensor.elf.dir/Core/Src/system_stm32f1xx.c.obj
 .debug_line    0x00002b1c      0x35d CMakeFiles/STC31_Sensor.elf.dir/Core/Src/usart.c.obj
 .debug_line    0x00002e79      0x598 CMakeFiles/STC31_Sensor.elf.dir/Drivers/STM32F1xx_HAL_Driver/Src/stm32f1xx_hal.c.obj
 .debug_line    0x00003411      0x679 CMakeFiles/STC31_Sensor.elf.dir/Drivers/STM32F1xx_HAL_Driver/Src/stm32f1xx_hal_cortex.c.obj
 .debug_line    0x00003a8a      0x623 CMakeFiles/STC31_Sensor.elf.dir/Drivers/STM32F1xx_HAL_Driver/Src/stm32f1xx_hal_gpio.c.obj
 .debug_line    0x000040ad     0x5584 CMakeFiles/STC31_Sensor.elf.dir/Drivers/STM32F1xx_HAL_Driver/Src/stm32f1xx_hal_i2c.c.obj
 .debug_line    0x00009631      0xc6c CMakeFiles/STC31_Sensor.elf.dir/Drivers/STM32F1xx_HAL_Driver/Src/stm32f1xx_hal_rcc.c.obj
 .debug_line    0x0000a29d     0x20fb CMakeFiles/STC31_Sensor.elf.dir/Drivers/STM32F1xx_HAL_Driver/Src/stm32f1xx_hal_uart.c.obj
 .debug_line    0x0000c398       0xa7 CMakeFiles/STC31_Sensor.elf.dir/startup/startup_stm32f103xb.s.obj

.debug_str      0x00000000     0x3697
 .debug_str     0x00000000      0x1f4 CMakeFiles/STC31_Sensor.elf.dir/Core/Src/gpio.c.obj
                                0x231 (size before relaxing)
 .debug_str     0x000001f4      0x52b CMakeFiles/STC31_Sensor.elf.dir/Core/Src/i2c.c.obj
                                0x780 (size before relaxing)
 .debug_str     0x0000071f      0x5f5 CMakeFiles/STC31_Sensor.elf.dir/Core/Src/main.c.obj
                                0xa32 (size before relaxing)
 .debug_str     0x00000d14      0x1d4 CMakeFiles/STC31_Sensor.elf.dir/Core/Src/sensirion_common.c.obj
                                0x3ec (size before relaxing)
 .debug_str     0x00000ee8      0x36d CMakeFiles/STC31_Sensor.elf.dir/Core/Src/sensirion_i2c.c.obj
                                0x5ca (size before relaxing)
 .debug_str     0x00001255       0xad CMakeFiles/STC31_Sensor.elf.dir/Core/Src/sensirion_i2c_hal.c.obj
                                0x775 (size before relaxing)
 .debug_str     0x00001302       0xd9 CMakeFiles/STC31_Sensor.elf.dir/Core/Src/sht4x.c.obj
                                0x37a (size before relaxing)
 .debug_str     0x000013db      0x160 CMakeFiles/STC31_Sensor.elf.dir/Core/Src/stc3x_i2c.c.obj
                                0x5b6 (size before relaxing)
 .debug_str     0x0000153b       0x81 CMakeFiles/STC31_Sensor.elf.dir/Core/Src/stm32f1xx_hal_msp.c.obj
                                0x26b (size before relaxing)
 .debug_str     0x000015bc       0xde CMakeFiles/STC31_Sensor.elf.dir/Core/Src/stm32f1xx_it.c.obj
                                0x26e (size before relaxing)
 .debug_str     0x0000169a      0x250 CMakeFiles/STC31_Sensor.elf.dir/Core/Src/syscalls.c.obj
                                0x46c (size before relaxing)
 .debug_str     0x000018ea       0xa5 CMakeFiles/STC31_Sensor.elf.dir/Core/Src/system_stm32f1xx.c.obj
                                0x2a0 (size before relaxing)
 .debug_str     0x0000198f       0x78 CMakeFiles/STC31_Sensor.elf.dir/Core/Src/usart.c.obj
                                0x6e4 (size before relaxing)
 .debug_str     0x00001a07      0x5fe CMakeFiles/STC31_Sensor.elf.dir/Drivers/STM32F1xx_HAL_Driver/Src/stm32f1xx_hal.c.obj
                                0x870 (size before relaxing)
 .debug_str     0x00002005      0x3dc CMakeFiles/STC31_Sensor.elf.dir/Drivers/STM32F1xx_HAL_Driver/Src/stm32f1xx_hal_cortex.c.obj
                                0x91f (size before relaxing)